******************************************************************************
                  TI ARM Linker Unix v20.2.4                   
******************************************************************************
>> Linked Thu Jun 24 18:57:05 2021

OUTPUT FILE NAME:   <i2copt3001_CC1352R1_LAUNCHXL_tirtos_ccs.out>
ENTRY POINT SYMBOL: "ResetISR"  address: 000038c5


MEMORY CONFIGURATION

         name            origin    length      used     unused   attr    fill
----------------------  --------  ---------  --------  --------  ----  --------
  FLASH                 00000000   00058000  00005b3f  000524c1  R  X
  GPRAM                 11000000   00002000  00000000  00002000  RW X
  SRAM                  20000000   00014000  000024dd  00011b23  RW X


SEGMENT ALLOCATION MAP

run origin  load origin   length   init length attrs members
----------  ----------- ---------- ----------- ----- -------
00000000    00000000    00005ae8   00005ae8    r-x
  00000000    00000000    0000003c   0000003c    r-- .resetVecs
  0000003c    0000003c    000051ac   000051ac    r-x .text
  000051e8    000051e8    0000071f   0000071f    r-- .const
  00005908    00005908    000001e0   000001e0    r-- .cinit
00057fa8    00057fa8    00000058   00000058    r--
  00057fa8    00057fa8    00000058   00000058    r-- .ccfg
20000100    20000100    0000000c   00000000    rw-
  20000100    20000100    00000004   00000000    rw- .data:xdcRomConstPtr
  20000104    20000104    00000004   00000000    rw- .data:xdcRomExternFuncPtr
  20000108    20000108    00000004   00000000    rw- .data:xdcRomStatePtr
20000110    20000110    00001000   00000000    r--
  20000110    20000110    00001000   00000000    r-- .priheap
20001110    20001110    00000ffe   00000000    rw-
  20001110    20001110    00000abb   00000000    rw- .bss
  20001bd0    20001bd0    0000053e   00000000    rw- .data
20013c00    20013c00    00000400   00000000    rw-
  20013c00    20013c00    00000400   00000000    rw- .stack


SECTION ALLOCATION MAP

 output                                  attributes/
section   page    origin      length       input sections
--------  ----  ----------  ----------   ----------------
.binit     0    00000000    00000000     

.cinit     0    00005908    000001e0     
                  00005908    00000187     (.cinit..data.load) [load image, compression = lzss]
                  00005a8f    00000001     --HOLE-- [fill = 0]
                  00005a90    0000000c     (__TI_handler_table)
                  00005a9c    00000004     --HOLE-- [fill = 0]
                  00005aa0    00000008     (.cinit..bss.load) [load image, compression = zero_init]
                  00005aa8    00000008     (.cinit..data:xdcRomConstPtr.load) [load image, compression = lzss]
                  00005ab0    00000008     (.cinit..data:xdcRomExternFuncPtr.load) [load image, compression = lzss]
                  00005ab8    00000008     (.cinit..data:xdcRomStatePtr.load) [load image, compression = lzss]
                  00005ac0    00000028     (__TI_cinit_table)

.init_array 
*          0    00000000    00000000     UNINITIALIZED

.ccfg      0    00057fa8    00000058     
                  00057fa8    00000058     ti_devices_config.obj (.ccfg:retain)

.bss       0    20001110    00000abb     UNINITIALIZED
                  20001110    00000400     ti_drivers_config.obj (.bss:displayUARTBuffer)
                  20001510    00000200     release_pem4f.oem4f (.bss:taskStackSection)
                  20001710    0000012c     (.common:uartCC26XXObjects)
                  2000183c    000000e0     (.common:i2cCC26xxObjects)
                  2000191c    000000d8     (.common:ti_sysbios_family_arm_m3_Hwi_dispatchTable)
                  200019f4    0000007c     (.common:pinHandleTable)
                  20001a70    00000034     drivers_cc13x2.aem4f : PINCC26XX.oem4f (.bss:pinSwi)
                  20001aa4    00000020                          : GPIOCC26XX.oem4f (.bss:gpioCallbackInfo)
                  20001ac4    00000020                          : PINCC26XX.oem4f (.bss:pinGpioConfigTable)
                  20001ae4    00000020     ti_drivers_config.obj (.bss:uartCC26XXRingBuffer0)
                  20001b04    0000001c     driverlib.lib : osc.obj (.bss:$O1$$)
                  20001b20    0000001c     drivers_cc13x2.aem4f : PINCC26XX.oem4f (.bss:pinHwi)
                  20001b3c    0000001c                          : PINCC26XX.oem4f (.bss:pinSemaphore)
                  20001b58    0000001c     (.common:opt3001Sem)
                  20001b74    00000010     (.common:opt3001Params)
                  20001b84    0000000c                          : GPIOCC26XX.oem4f (.bss:gpioPinState)
                  20001b90    0000000c     (.common:OPT3001_object)
                  20001b9c    0000000c     (.common:displayUartObject)
                  20001ba8    00000008                          : GPIOCC26XX.oem4f (.bss)
                  20001bb0    00000004                          : PINCC26XX.oem4f (.bss)
                  20001bb4    00000004     i2copt3001.obj (.bss)
                  20001bb8    00000004     (.common:ClockP_tickPeriod)
                  20001bbc    00000004     (.common:PowerCC26XX_swiKey)
                  20001bc0    00000004     (.common:PowerCC26XX_taskKey)
                  20001bc4    00000004     (.common:lux)
                  20001bc8    00000002     (.common:sampleTime)
                  20001bca    00000001     (.common:driverlib_release_0_55938)

.data      0    20001bd0    0000053e     UNINITIALIZED
                  20001bd0    00000110     drivers_cc13x2.aem4f : PowerCC26X2.oem4f (.data:PowerCC26X2_module)
                  20001ce0    0000010c     release_pem4f.oem4f (.data:ROM_stateStruct)
                  20001dec    00000088     rom_sysbios.aem4f : rom_sysbios.obj (.data:$O1$$)
                  20001e74    00000054     release_pem4f.oem4f (.data:ti_sysbios_gates_GateMutex_Object__table__V)
                  20001ec8    0000004c     release_pem4f.oem4f (.data:ti_sysbios_knl_Task_Object__table__V)
                  20001f14    00000004     drivers_cc13x2.aem4f : GPIOCC26XX.oem4f (.data:gpioPinTable)
                  20001f18    00000048     release_pem4f.oem4f (.data:ti_sysbios_family_arm_cc26xx_Timer_Object__table__V)
                  20001f60    00000030     release_pem4f.oem4f (.data:ti_sysbios_knl_Swi_Module_State_0_readyQ__A)
                  20001f90    00000030     release_pem4f.oem4f (.data:ti_sysbios_knl_Swi_Object__table__V)
                  20001fc0    00000030     release_pem4f.oem4f (.data:ti_sysbios_knl_Task_Module_State_0_readyQ__A)
                  20001ff0    00000020     release_pem4f.oem4f (.data:ti_sysbios_knl_Clock_Object__table__V)
                  20002010    00000020     release_pem4f.oem4f (.data:xdc_runtime_Error_IgnoreBlock)
                  20002030    00000018     release_pem4f.oem4f (.data:ti_sysbios_family_arm_m3_Hwi_Object__table__V)
                  20002048    00000018     release_pem4f.oem4f (.data:ti_sysbios_heaps_HeapMem_Object__table__V)
                  20002060    0000000c     ti_drivers_config.obj (.data:gpioCallbackFunctions)
                  2000206c    0000000c     ti_drivers_config.obj (.data:gpioPinConfigs)
                  20002078    00000008     rtsv7M4_T_le_v4SPD16_eabi.lib : _lock.c.obj (.data:$O1$$)
                  20002080    00000008     drivers_cc13x2.aem4f : PINCC26XX.oem4f (.data)
                  20002088    00000008     release_pem4f.oem4f (.data:ti_sysbios_family_arm_m3_Hwi_Module__root__V)
                  20002090    00000008     release_pem4f.oem4f (.data:ti_sysbios_gates_GateHwi_Module__root__V)
                  20002098    00000008     release_pem4f.oem4f (.data:ti_sysbios_gates_GateMutex_Module__root__V)
                  200020a0    00000008     release_pem4f.oem4f (.data:ti_sysbios_hal_Hwi_Module__root__V)
                  200020a8    00000008     release_pem4f.oem4f (.data:ti_sysbios_heaps_HeapMem_Module__root__V)
                  200020b0    00000008     release_pem4f.oem4f (.data:ti_sysbios_knl_Clock_Module__root__V)
                  200020b8    00000008     release_pem4f.oem4f (.data:ti_sysbios_knl_Event_Module__root__V)
                  200020c0    00000008     release_pem4f.oem4f (.data:ti_sysbios_knl_Mailbox_Module__root__V)
                  200020c8    00000008     release_pem4f.oem4f (.data:ti_sysbios_knl_Queue_Module__root__V)
                  200020d0    00000008     release_pem4f.oem4f (.data:ti_sysbios_knl_Semaphore_Module__root__V)
                  200020d8    00000008     release_pem4f.oem4f (.data:ti_sysbios_knl_Swi_Module__root__V)
                  200020e0    00000008     release_pem4f.oem4f (.data:ti_sysbios_knl_Task_Module__root__V)
                  200020e8    00000008     release_pem4f.oem4f (.data:xdc_runtime_System_Module_State_0_atexitHandlers__A)
                  200020f0    00000005     drivers_cc13x2.aem4f : GPIOCC26XX.oem4f (.data)
                  200020f5    00000001                          : I2C.oem4f (.data)
                  200020f6    00000002     release_pem4f.oem4f (.data:ti_sysbios_family_arm_m3_Hwi_Module_State_0_excActive__A)
                  200020f8    00000004     i2copt3001.obj (.data)
                  200020fc    00000004     rtsv7M4_T_le_v4SPD16_eabi.lib : stkdepth_vars.c.obj (.data)
                  20002100    00000004     release_pem4f.oem4f (.data:ti_sysbios_family_arm_m3_Hwi_Module_State_0_excContext__A)
                  20002104    00000004     release_pem4f.oem4f (.data:ti_sysbios_family_arm_m3_Hwi_Module_State_0_excStack__A)
                  20002108    00000004     release_pem4f.oem4f (.data:ti_sysbios_knl_Task_Module_State_0_idleTask__A)
                  2000210c    00000001     drivers_cc13x2.aem4f : UART.oem4f (.data)
                  2000210d    00000001     sail.lib : opt3001.obj (.data)

.stack     0    20013c00    00000400     UNINITIALIZED
                  20013c00    00000400     --HOLE--

.priheap   0    20000110    00001000     UNINITIALIZED
                  20000110    00001000     --HOLE--

.data:xdcRomConstPtr 
*          0    20000100    00000004     UNINITIALIZED
                  20000100    00000004     release_pem4f.oem4f (.data:xdcRomConstPtr)

.data:xdcRomExternFuncPtr 
*          0    20000104    00000004     UNINITIALIZED
                  20000104    00000004     release_pem4f.oem4f (.data:xdcRomExternFuncPtr)

.data:xdcRomStatePtr 
*          0    20000108    00000004     UNINITIALIZED
                  20000108    00000004     release_pem4f.oem4f (.data:xdcRomStatePtr)

.bootVecs 
*          0    00000000    00000008     DSECT
                  00000000    00000008     boot.aem4f : boot.oem4f (.bootVecs)

.resetVecs 
*          0    00000000    0000003c     
                  00000000    0000003c     release_pem4f.oem4f (.resetVecs)

.vecs      0    20000000    000000d8     NOLOAD SECTION
                  20000000    000000d8     release_pem4f.oem4f (.vecs)

xdc.meta   0    00000000    0000010c     COPY SECTION
                  00000000    0000010c     release_pem4f.oem4f (xdc.meta)

xdc.noload 
*          0    00000000    00000000     COPY SECTION

__llvm_prf_cnts 
*          0    20000000    00000000     UNINITIALIZED

.text      0    0000003c    000051ac     
                  0000003c    00000388     i2copt3001.obj (.text:mainThread)
                  000003c4    000001d0     sail.lib : opt3001.obj (.text:OPT3001_setLuxLimits)
                  00000594    000001c4     drivers_cc13x2.aem4f : PINCC26XX.oem4f (.text:PIN_init)
                  00000758    000001b6     rtsv7M4_T_le_v4SPD16_eabi.lib : fd_add_t2.asm.obj (.text)
                  0000090e    00000002     ti_drivers_config.obj (.text:Board_initHook)
                  00000910    000001a8     drivers_cc13x2.aem4f : PowerCC26X2.oem4f (.text:Power_sleep)
                  00000ab8    00000190                          : PowerCC26X2_calibrateRCOSC.oem4f (.text:calibrateRcoscHf1)
                  00000c48    0000018c                          : PowerCC26X2.oem4f (.text:Power_init)
                  00000dd4    0000018c                          : PowerCC26X2_calibrateRCOSC.oem4f (.text:runCalibrateFsm)
                  00000f60    00000188     release_pem4f.oem4f (.text:xdc_runtime_System_printfExtend__I)
                  000010e8    00000164     drivers_cc13x2.aem4f : UARTCC26XX.oem4f (.text:UARTCC26XX_open)
                  0000124c    00000154                          : UARTCC26XX.oem4f (.text:UARTCC26XX_hwiIntFxn)
                  000013a0    0000013a                          : UARTCC26XX.oem4f (.text:UARTCC26XX_read)
                  000014da    00000002     display.aem4f : DisplayUart.oem4f (.text:DisplayUartMin_clear)
                  000014dc    00000118     drivers_cc13x2.aem4f : I2CCC26XX.oem4f (.text:I2CCC26XX_hwiFxn)
                  000015f4    00000114                          : I2CCC26XX.oem4f (.text:I2CCC26XX_transfer)
                  00001708    00000110                          : GPIOCC26XX.oem4f (.text:GPIO_setConfig)
                  00001818    00000100                          : PowerCC26X2.oem4f (.text:configureXOSCHF)
                  00001918    000000fc     driverlib.lib : sys_ctrl.obj (.text:NOROM_SysCtrlStandby)
                  00001a14    000000fc     rtsv7M4_T_le_v4SPD16_eabi.lib : fd_mul_t2.asm.obj (.text)
                  00001b10    000000f8     drivers_cc13x2.aem4f : PINCC26XX.oem4f (.text:PINCC26XX_setIoCfg)
                  00001c08    000000ec     rom_sysbios.aem4f : rom_sysbios.obj (.text:pthread_create)
                  00001cf4    000000e4     drivers_cc13x2.aem4f : I2CCC26XX.oem4f (.text:I2CCC26XX_open)
                  00001dd8    000000e0                          : UARTCC26XX.oem4f (.text:UARTCC26XX_write)
                  00001eb8    000000c8                          : PowerCC26X2.oem4f (.text:Power_releaseDependency)
                  00001f80    000000c4                          : GPIOCC26XX.oem4f (.text:GPIO_init)
                  00002044    000000c4     sail.lib : opt3001.obj (.text:OPT3001_open)
                  00002108    000000c4     drivers_cc13x2.aem4f : PowerCC26X2.oem4f (.text:Power_setDependency)
                  000021cc    000000c0                          : UARTCC26XX.oem4f (.text:UARTCC26XX_initIO)
                  0000228c    000000b8                          : UARTCC26XX.oem4f (.text:UARTCC26XX_initHw)
                  00002344    000000b4     dpl_cc13x2.aem4f : PowerCC26X2_tirtos.oem4f (.text:PowerCC26XX_standbyPolicy)
                  000023f8    000000ac     drivers_cc13x2.aem4f : PINCC26XX.oem4f (.text:PIN_open)
                  000024a4    000000ac     driverlib.lib : setup.obj (.text:TrimAfterColdResetWakeupFromShutDown)
                  00002550    000000a0     auto_init.aem4f : auto_init.oem4f (.text)
                  000025f0    000000a0     rom_sysbios.aem4f : rom_sysbios.obj (.text:ti_sysbios_knl_Task_setPri__E)
                  00002690    0000009c     rtsv7M4_T_le_v4SPD16_eabi.lib : memcpy_t2.asm.obj (.text)
                  0000272c    00000098     driverlib.lib : setup.obj (.text:NOROM_SetupTrimDevice)
                  000027c4    00000098     drivers_cc13x2.aem4f : UARTCC26XX.oem4f (.text:writeTxFifoFlush)
                  0000285c    00000096     rtsv7M4_T_le_v4SPD16_eabi.lib : ull_div_t2.asm.obj (.text)
                  000028f2    00000092     drivers_cc13x2.aem4f : UARTCC26XX.oem4f (.text:UARTCC26XX_writeCancel)
                  00002984    00000090                          : I2CCC26XX.oem4f (.text:I2CCC26XX_cancel)
                  00002a14    0000008c                          : I2CCC26XX.oem4f (.text:I2CCC26XX_primeTransfer)
                  00002aa0    00000088     driverlib.lib : osc.obj (.text:NOROM_OSCHF_AttemptToSwitchToXosc)
                  00002b28    00000088     rom_sysbios.aem4f : rom_sysbios.obj (.text:_pthread_removeThreadKeys)
                  00002bb0    00000088     drivers_cc13x2.aem4f : PowerCC26X2_calibrateRCOSC.oem4f (.text:calibrateRcoscHf2)
                  00002c38    00000088                          : PowerCC26X2.oem4f (.text:disableLFClockQualifiers)
                  00002cc0    00000088                          : PowerCC26X2_calibrateRCOSC.oem4f (.text:updateSubSecInc)
                  00002d48    00000086     rtsv7M4_T_le_v4SPD16_eabi.lib : fd_cmp_t2.asm.obj (.text:__aeabi_cdcmple)
                  00002dce    00000086                                   : fd_cmp_t2.asm.obj (.text:__aeabi_cdrcmple)
                  00002e54    00000084     drivers_cc13x2.aem4f : UARTCC26XX.oem4f (.text:UARTCC26XX_close)
                  00002ed8    00000084     rom_sysbios.aem4f : rom_sysbios.obj (.text:ti_sysbios_family_arm_m3_Hwi_excHandlerMin__I)
                  00002f5c    00000080     i2copt3001.obj (.text:opt3001InterruptTask)
                  00002fdc    00000080     rom_sysbios.aem4f : rom_sysbios.obj (.text:ti_sysbios_family_arm_cc26xx_Timer_start__E)
                  0000305c    0000007a     rtsv7M4_T_le_v4SPD16_eabi.lib : memset_t2.asm.obj (.text)
                  000030d6    00000002     display.aem4f : DisplayUart.oem4f (.text:DisplayUartMin_clearLines)
                  000030d8    00000074     drivers_cc13x2.aem4f : PowerCC26X2_calibrateRCOSC.oem4f (.text:PowerCC26X2_auxISR)
                  0000314c    00000072                          : I2CCC26XX.oem4f (.text:I2CCC26XX_swiFxn)
                  000031be    00000002     display.aem4f : DisplayUart.oem4f (.text:DisplayUartMin_init)
                  000031c0    00000070     drivers_cc13x2.aem4f : PINCC26XX.oem4f (.text:PIN_add)
                  00003230    00000070     main_tirtos.obj (.text:main)
                  000032a0    0000006d     rom_sysbios.aem4f : rom_sysbios.obj (.text:xdc_runtime_System_formatNum__I)
                  0000330d    00000001     --HOLE-- [fill = 0]
                  0000330e    00000002     rtsv7M4_T_le_v4SPD16_eabi.lib : _lock.c.obj (.text:_nop)
                  00003310    00000068     driverlib.lib : osc.obj (.text:NOROM_OSCHF_SwitchToRcOscTurnOffXosc)
                  00003378    00000068                   : sys_ctrl.obj (.text:NOROM_SysCtrlSetRechargeBeforePowerDown)
                  000033e0    00000068     rtsv7M4_T_le_v4SPD16_eabi.lib : copy_decompress_lzss.c.obj (.text:decompress:lzss:__TI_decompress_lzss)
                  00003448    00000066     sail.lib : opt3001.obj (.text:OPT3001_readRegister)
                  000034ae    00000066              : opt3001.obj (.text:OPT3001_writeRegister)
                  00003514    00000064     drivers_cc13x2.aem4f : I2CCC26XX.oem4f (.text:I2CCC26XX_initIO)
                  00003578    00000064                          : UARTCC26XX.oem4f (.text:UARTCC26XX_control)
                  000035dc    00000062                          : UARTCC26XX.oem4f (.text:UARTCC26XX_swiIntFxn)
                  0000363e    00000002                          : PowerCC26X2.oem4f (.text:emptyClockFunc)
                  00003640    00000060                          : GPIOCC26XX.oem4f (.text:GPIO_write)
                  000036a0    0000005c     display.aem4f : Display.oem4f (.text:Display_doOpen)
                  000036fc    0000005c     drivers_cc13x2.aem4f : I2CCC26XX.oem4f (.text:I2CCC26XX_close)
                  00003758    0000005c                          : PINCC26XX.oem4f (.text:PIN_remove)
                  000037b4    0000005c     rom_sysbios.aem4f : rom_sysbios.obj (.text:ti_sysbios_heaps_HeapMem_initPrimary__I)
                  00003810    0000005c     release_pem4f.oem4f (.text:xdc_runtime_Startup_getState__I)
                  0000386c    00000058     drivers_cc13x2.aem4f : PowerCC26X2_calibrateRCOSC.oem4f (.text:PowerCC26X2_initiateCalibration)
                  000038c4    00000058     boot.aem4f : boot.oem4f (.text)
                  0000391c    00000058     sail.lib : opt3001.obj (.text:convertToLux)
                  00003974    00000058     rom_sysbios.aem4f : rom_sysbios.obj (.text:pthread_exit)
                  000039cc    00000054     driverlib.lib : chipinfo.obj (.text:NOROM_ChipInfo_GetChipType)
                  00003a20    00000050     dpl_cc13x2.aem4f : ClockP_tirtos.oem4f (.text:ClockP_construct)
                  00003a70    00000050     drivers_cc13x2.aem4f : GPIOCC26XX.oem4f (.text:GPIO_enableInt)
                  00003ac0    0000004c     sail.lib : opt3001.obj (.text:OPT3001_init)
                  00003b0c    0000004c     drivers_cc13x2.aem4f : UARTCC26XX.oem4f (.text:UARTCC26XX_readCancel)
                  00003b58    0000004c     rtsv7M4_T_le_v4SPD16_eabi.lib : cpy_tbl.c.obj (.text:copy_in)
                  00003ba4    0000004c     drivers_cc13x2.aem4f : UARTCC26XX.oem4f (.text:startTxFifoEmptyClk)
                  00003bf0    0000004c                          : PowerCC26X2.oem4f (.text:switchXOSCHF)
                  00003c3c    0000004a     display.aem4f : DisplayUart.oem4f (.text:DisplayUartMin_open)
                  00003c86    0000004a     sail.lib : opt3001.obj (.text:OPT3001_getLuxLimits)
                  00003cd0    00000048     drivers_cc13x2.aem4f : I2CCC26XX.oem4f (.text:I2CCC26XX_initHw)
                  00003d18    00000048                          : PINCC26XX.oem4f (.text:PIN_setOutputEnable)
                  00003d60    00000048                          : PowerCC26X2_calibrateRCOSC.oem4f (.text:PowerCC26X2_RCOSC_clockFunc)
                  00003da8    00000048                          : UARTCC26XX.oem4f (.text:writeFinishedDoCallback)
                  00003df0    00000046     display.aem4f : DisplayUart.oem4f (.text:DisplayUartMin_vprintf)
                  00003e36    00000046     drivers_cc13x2.aem4f : RingBuf.oem4f (.text:RingBuf_put)
                  00003e7c    00000044                          : I2C.oem4f (.text:I2C_init)
                  00003ec0    00000044     driverlib.lib : chipinfo.obj (.text:NOROM_ChipInfo_GetHwRevision)
                  00003f04    00000044     drivers_cc13x2.aem4f : PINCC26XX.oem4f (.text:PIN_swi)
                  00003f48    00000044                          : UART.oem4f (.text:UART_init)
                  00003f8c    00000044     rtsv7M4_T_le_v4SPD16_eabi.lib : fd_tou_t2.asm.obj (.text)
                  00003fd0    00000040     drivers_cc13x2.aem4f : I2C.oem4f (.text:I2C_open)
                  00004010    00000040                          : RingBuf.oem4f (.text:RingBuf_get)
                  00004050    00000040                          : UART.oem4f (.text:UART_open)
                  00004090    00000040     rtsv7M4_T_le_v4SPD16_eabi.lib : u_divt2.asm.obj (.text)
                  000040d0    00000040     rom_sysbios.aem4f : rom_sysbios.obj (.text:ti_sysbios_family_arm_cc26xx_Timer_setThreshold__I)
                  00004110    0000003e     dpl_cc13x2.aem4f : HwiP_tirtos.oem4f (.text:HwiP_construct)
                  0000414e    00000002     rtsv7M4_T_le_v4SPD16_eabi.lib : div0.asm.obj (.text)
                  00004150    0000003c     drivers_cc13x2.aem4f : PINCC26XX.oem4f (.text:PIN_setInterrupt)
                  0000418c    0000003c                          : PINCC26XX.oem4f (.text:PIN_setOutputValue)
                  000041c8    0000003c     dpl_cc13x2.aem4f : SwiP_tirtos.oem4f (.text:SwiP_construct)
                  00004204    0000003c     rom_sysbios.aem4f : rom_sysbios.obj (.text:sleep)
                  00004240    0000003c                       : rom_sysbios.obj (.text:ti_sysbios_family_arm_m3_Hwi_construct2__E)
                  0000427c    00000038     driverlib.lib : osc.obj (.text:NOROM_OSC_HPOSCRelativeFrequencyOffsetGet)
                  000042b4    00000038     drivers_cc13x2.aem4f : PINCC26XX.oem4f (.text:PIN_setConfig)
                  000042ec    00000038                          : PowerCC26X2.oem4f (.text:notify)
                  00004324    00000038                          : UARTCC26XX.oem4f (.text:readData)
                  0000435c    00000038     rtsv7M4_T_le_v4SPD16_eabi.lib : fs_tod_t2.asm.obj (.text)
                  00004394    00000038     drivers_cc13x2.aem4f : UARTCC26XX.oem4f (.text:writeData)
                  000043cc    00000036     rom_sysbios.aem4f : rom_sysbios.obj (.text:ti_sysbios_family_arm_cc26xx_Timer_setNextTick__E)
                  00004402    00000002     release_pem4f.oem4f (.text:ti_sysbios_BIOS_nullFunc__I)
                  00004404    00000034     driverlib.lib : aux_sysif.obj (.text:NOROM_AUXSYSIFOpModeChange)
                  00004438    00000034                   : sys_ctrl.obj (.text:NOROM_SysCtrlIdle)
                  0000446c    00000034     drivers_cc13x2.aem4f : UARTCC26XX.oem4f (.text:readData2RingBuf)
                  000044a0    00000030                          : GPIOCC26XX.oem4f (.text:GPIO_hwiIntFxn)
                  000044d0    00000030                          : GPIOCC26XX.oem4f (.text:GPIO_setCallback)
                  00004500    00000030     sail.lib : opt3001.obj (.text:OPT3001_enableInterrupt)
                  00004530    00000030     drivers_cc13x2.aem4f : PINCC26XX.oem4f (.text:PINCC26XX_setMux)
                  00004560    00000030                          : PowerCC26X2.oem4f (.text:Power_releaseConstraint)
                  00004590    00000030                          : PowerCC26X2.oem4f (.text:Power_setConstraint)
                  000045c0    00000030     release_pem4f.oem4f (.text:ti_sysbios_BIOS_atExitFunc__I)
                  000045f0    00000030     release_pem4f.oem4f (.text:ti_sysbios_BIOS_startFunc__I)
                  00004620    00000030     rom_sysbios.aem4f : rom_sysbios.obj (.text:ti_sysbios_family_arm_cc26xx_Timer_getCurrentTick__E)
                  00004650    00000030                       : rom_sysbios.obj (.text:ti_sysbios_family_arm_cc26xx_Timer_initDevice__I)
                  00004680    0000002c     dpl_cc13x2.aem4f : SemaphoreP_tirtos.oem4f (.text:SemaphoreP_constructBinary)
                  000046ac    0000002c                      : SemaphoreP_tirtos.oem4f (.text:SemaphoreP_createBinary)
                  000046d8    0000002c     rom_sysbios.aem4f : rom_sysbios.obj (.text:_pthread_delete$45)
                  00004704    0000002c                       : rom_sysbios.obj (.text:pthread_setcancelstate)
                  00004730    0000002c                       : rom_sysbios.obj (.text:ti_sysbios_knl_Clock_getTicksUntilInterrupt__E)
                  0000475c    0000002a     display.aem4f : Display.oem4f (.text:Display_doPrintf)
                  00004786    00000002     rom_sysbios.aem4f : rom_sysbios.obj (.text:xdc_runtime_SysCallback_defaultAbort)
                  00004788    00000028     driverlib.lib : osc.obj (.text:NOROM_OSCHF_TurnOnXosc)
                  000047b0    00000028     sail.lib : opt3001.obj (.text:OPT3001_getLux)
                  000047d8    00000028     drivers_cc13x2.aem4f : PowerCC26X2.oem4f (.text:Power_registerNotify)
                  00004800    00000028                          : PowerCC26X2.oem4f (.text:oscillatorISR)
                  00004828    00000026                          : List.oem4f (.text:List_put)
                  0000484e    00000026                          : List.oem4f (.text:List_remove)
                  00004874    00000026     sail.lib : opt3001.obj (.text:i2cTransferFxn)
                  0000489a    00000002     rom_sysbios.aem4f : rom_sysbios.obj (.text:xdc_runtime_SysCallback_defaultExit)
                  0000489c    00000024                       : rom_sysbios.obj (.text:_pthread_cleanupFxn)
                  000048c0    00000024     drivers_cc13x2.aem4f : PowerCC26X2_calibrateRCOSC.oem4f (.text:getTdcSemaphore)
                  000048e4    00000024     rom_sysbios.aem4f : rom_sysbios.obj (.text:pthread_attr_init)
                  00004908    00000024                       : rom_sysbios.obj (.text:sem_init)
                  0000492c    00000024     release_pem4f.oem4f (.text:ti_sysbios_BIOS_registerRTSLock__I)
                  00004950    00000024     release_pem4f.oem4f (.text:ti_sysbios_BIOS_removeRTSLock__I)
                  00004974    00000024     rom_sysbios.aem4f : rom_sysbios.obj (.text:ti_sysbios_family_arm_cc26xx_Timer_getMaxTicks__E)
                  00004998    00000020     drivers_cc13x2.aem4f : PINCC26XX.oem4f (.text:PINCC26XX_setIoCfgMux)
                  000049b8    00000020                          : PowerCC26X2.oem4f (.text:Power_unregisterNotify)
                  000049d8    00000020     rtsv7M4_T_le_v4SPD16_eabi.lib : u_tofd_t2.asm.obj (.text)
                  000049f8    00000020     drivers_cc13x2.aem4f : UARTCC26XX.oem4f (.text:threadSafeStdbyDisRelease)
                  00004a18    00000020                          : UARTCC26XX.oem4f (.text:threadSafeStdbyDisSet)
                  00004a38    00000020     release_pem4f.oem4f (.text:ti_sysbios_BIOS_rtsLock__I)
                  00004a58    00000020     rom_sysbios.aem4f : rom_sysbios.obj (.text:ti_sysbios_family_arm_cc26xx_Timer_dynamicStub__E)
                  00004a78    00000020                       : rom_sysbios.obj (.text:xdc_runtime_Error_policyMin__E)
                  00004a98    0000001e     drivers_cc13x2.aem4f : PINCC26XX.oem4f (.text:PIN_close)
                  00004ab6    0000001e                          : PowerCC26X2.oem4f (.text:Power_getTransitionLatency)
                  00004ad4    0000001c     ti_drivers_config.obj (.text:Board_init)
                  00004af0    0000001c     driverlib.lib : chipinfo.obj (.text:NOROM_ChipInfo_GetChipFamily)
                  00004b0c    0000001c     drivers_cc13x2.aem4f : PINCC26XX.oem4f (.text:PIN_hwi)
                  00004b28    0000001c     dpl_cc13x2.aem4f : PowerCC26X2_tirtos.oem4f (.text:PowerCC26XX_schedulerDisable)
                  00004b44    0000001c                      : PowerCC26X2_tirtos.oem4f (.text:PowerCC26XX_schedulerRestore)
                  00004b60    0000001c     rom_sysbios.aem4f : rom_sysbios.obj (.text:ti_sysbios_knl_Swi_construct2__E)
                  00004b7c    0000001c     release_pem4f.oem4f (.text:xdc_runtime_Startup_exec__I)
                  00004b98    0000001a     drivers_cc13x2.aem4f : PowerCC26X2.oem4f (.text:PowerCC26XX_calibrate)
                  00004bb2    00000018                          : I2C.oem4f (.text:I2C_transfer)
                  00004bca    00000002     rom_sysbios.aem4f : rom_sysbios.obj (.text:xdc_runtime_SysCallback_defaultFlush)
                  00004bcc    00000018     driverlib.lib : chipinfo.obj (.text:NOROM_ChipInfo_GetPackageType)
                  00004be4    00000018     drivers_cc13x2.aem4f : PowerCC26X2.oem4f (.text:Power_idleFunc)
                  00004bfc    00000018                          : UART.oem4f (.text:UART_Params_init)
                  00004c14    00000018     rtsv7M4_T_le_v4SPD16_eabi.lib : args_main.c.obj (.text:_args_main)
                  00004c2c    00000018                                   : ll_mul_t2.asm.obj (.text)
                  00004c44    00000018     release_pem4f.oem4f (.text:ti_sysbios_BIOS_rtsUnlock__I)
                  00004c5c    00000018     rom_sysbios.aem4f : rom_sysbios.obj (.text:ti_sysbios_knl_Swi_or__E)
                  00004c74    00000018                       : rom_sysbios.obj (.text:ti_sysbios_rts_ti_ReentSupport_getReent__F)
                  00004c8c    00000018                       : rom_sysbios.obj (.text:xdc_runtime_Error_init__E)
                  00004ca4    00000016     display.aem4f : DisplayUart.oem4f (.text:DisplayUartMin_close)
                  00004cba    00000016     driverlib.lib : chipinfo.obj (.text:NOROM_ThisLibraryIsFor_CC13x2_CC26x2_HwRev20AndLater_HaltIfViolated)
                  00004cd0    00000016     rom_sysbios.aem4f : rom_sysbios.obj (.text:_pthread_cleanup_pop)
                  00004ce6    00000016     release_pem4f.oem4f (.text:ti_sysbios_BIOS_exitFunc__I)
                  00004cfc    00000014     sail.lib : opt3001.obj (.text:OPT3001_Params_init)
                  00004d10    00000014     drivers_cc13x2.aem4f : PowerCC26X2_calibrateRCOSC.oem4f (.text:PowerCC26X2_calibrate)
                  00004d24    00000014     i2copt3001.obj (.text:opt3001Callback)
                  00004d38    00000014     rom_sysbios.aem4f : rom_sysbios.obj (.text:pthread_attr_setschedparam)
                  00004d4c    00000014     drivers_cc13x2.aem4f : PowerCC26X2.oem4f (.text:switchToTCXO)
                  00004d60    00000014     rom_sysbios.aem4f : rom_sysbios.obj (.text:ti_sysbios_family_arm_cc26xx_Timer_getCount64__E)
                  00004d74    00000014     release_pem4f.oem4f (.text:ti_sysbios_knl_Clock_doTick__I)
                  00004d88    00000012     drivers_cc13x2.aem4f : RingBuf.oem4f (.text:RingBuf_construct)
                  00004d9a    00000012     dpl_cc13x2.aem4f : SemaphoreP_tirtos.oem4f (.text:SemaphoreP_pend)
                  00004dac    00000012     rom_sysbios.aem4f : rom_sysbios.obj (.text:_pthread_runStub$45)
                  00004dbe    00000010     dpl_cc13x2.aem4f : HwiP_tirtos.oem4f (.text:HwiP_Params_init)
                  00004dce    00000002     rom_sysbios.aem4f : rom_sysbios.obj (.text:xdc_runtime_SysCallback_defaultPutch)
                  00004dd0    00000010     drivers_cc13x2.aem4f : I2C.oem4f (.text:I2C_Params_init)
                  00004de0    00000010                          : PINCC26XX.oem4f (.text:PINCC26XX_getPinCount)
                  00004df0    00000010     dpl_cc13x2.aem4f : SwiP_tirtos.oem4f (.text:SwiP_Params_init)
                  00004e00    00000010     drivers_cc13x2.aem4f : I2CCC26XX.oem4f (.text:i2cPostNotify)
                  00004e10    00000010                          : UARTCC26XX.oem4f (.text:uartPostNotify)
                  00004e20    0000000e     rtsv7M4_T_le_v4SPD16_eabi.lib : copy_decompress_none.c.obj (.text:decompress:none:__TI_decompress_none)
                  00004e2e    0000000e     rom_sysbios.aem4f : rom_sysbios.obj (.text:pthread_attr_setdetachstate)
                  00004e3c    0000000e                       : rom_sysbios.obj (.text:sem_wait)
                  00004e4a    0000000e                       : rom_sysbios.obj (.text:ti_sysbios_family_arm_cc26xx_TimestampProvider_get32__E)
                  00004e58    0000000c     driverlib.lib : cpu.obj (.text:NOROM_CPUcpsid)
                  00004e64    0000000c                   : cpu.obj (.text:NOROM_CPUcpsie)
                  00004e70    0000000c     drivers_cc13x2.aem4f : PINCC26XX.oem4f (.text:PIN_registerIntCb)
                  00004e7c    0000000c                          : PowerCC26X2.oem4f (.text:Power_getConstraintMask)
                  00004e88    0000000c                          : PowerCC26X2.oem4f (.text:Power_getDependencyCount)
                  00004e94    0000000c     dpl_cc13x2.aem4f : SemaphoreP_tirtos.oem4f (.text:SemaphoreP_delete)
                  00004ea0    0000000c     rtsv7M4_T_le_v4SPD16_eabi.lib : _lock.c.obj (.text:_register_lock)
                  00004eac    0000000c                                   : _lock.c.obj (.text:_register_unlock)
                  00004eb8    0000000c                                   : copy_zero_init.c.obj (.text:decompress:ZI:__TI_zero_init)
                  00004ec4    0000000c     rom_sysbios.aem4f : rom_sysbios.obj (.text:pthread_self)
                  00004ed0    0000000c                       : rom_sysbios.obj (.text:ti_sysbios_knl_Queue_insert__E)
                  00004edc    0000000c                       : rom_sysbios.obj (.text:ti_sysbios_knl_Swi_getTrigger__E)
                  00004ee8    0000000a     dpl_cc13x2.aem4f : ClockP_tirtos.oem4f (.text:ClockP_Params_init)
                  00004ef2    0000000a     drivers_cc13x2.aem4f : I2CCC26XX.oem4f (.text:I2CCC26XX_init)
                  00004efc    0000000a                          : UART.oem4f (.text:UART_close)
                  00004f06    0000000a                          : UART.oem4f (.text:UART_control)
                  00004f10    0000000a                          : UART.oem4f (.text:UART_write)
                  00004f1a    0000000a     rom_sysbios.aem4f : rom_sysbios.obj (.text:sem_post)
                  00004f24    0000000a     release_pem4f.oem4f (.text:ti_sysbios_rts_ti_ReentSupport_getTlsAddr__I)
                  00004f2e    00000008     drivers_cc13x2.aem4f : I2CCC26XX.oem4f (.text:I2CCC26XX_blockingCallback)
                  00004f36    00000008                          : UARTCC26XX.oem4f (.text:UARTCC26XX_init)
                  00004f3e    00000008                          : UARTCC26XX.oem4f (.text:readSemCallback)
                  00004f46    00000008                          : UARTCC26XX.oem4f (.text:writeSemCallback)
                  00004f4e    00000008     release_pem4f.oem4f (.text:xdc_runtime_Text_visitRope__I)
                  00004f56    00000006     display.aem4f : DisplayUart.oem4f (.text:DisplayUartMin_control)
                  00004f5c    00000006                   : DisplayUart.oem4f (.text:DisplayUartMin_getType)
                  00004f62    00000006     drivers_cc13x2.aem4f : I2CCC26XX.oem4f (.text:I2CCC26XX_control)
                  00004f68    00000006     driverlib.lib : cpu.obj (.text:NOROM_CPUdelay)
                  00004f6e    00000006     drivers_cc13x2.aem4f : UARTCC26XX.oem4f (.text:UARTCC26XX_readPolling)
                  00004f74    00000006                          : UARTCC26XX.oem4f (.text:UARTCC26XX_writePolling)
                  00004f7a    00000006     rom_sysbios.aem4f : rom_sysbios.obj (.text:pthread_attr_setstacksize)
                  00004f80    00000004     dpl_cc13x2.aem4f : PowerCC26X2_tirtos.oem4f (.text:CPUwfi)
                  00004f84    00000004                      : ClockP_tirtos.oem4f (.text:ClockP_destruct)
                  00004f88    00000004                      : ClockP_tirtos.oem4f (.text:ClockP_getCpuFreq)
                  00004f8c    00000004                      : ClockP_tirtos.oem4f (.text:ClockP_setTimeout)
                  00004f90    00000004                      : ClockP_tirtos.oem4f (.text:ClockP_start)
                  00004f94    00000004                      : ClockP_tirtos.oem4f (.text:ClockP_stop)
                  00004f98    00000004                      : HwiP_tirtos.oem4f (.text:HwiP_destruct)
                  00004f9c    00000004                      : HwiP_tirtos.oem4f (.text:HwiP_disable)
                  00004fa0    00000004                      : HwiP_tirtos.oem4f (.text:HwiP_disableInterrupt)
                  00004fa4    00000004                      : HwiP_tirtos.oem4f (.text:HwiP_enableInterrupt)
                  00004fa8    00000004                      : SemaphoreP_tirtos.oem4f (.text:SemaphoreP_destruct)
                  00004fac    00000004                      : SemaphoreP_tirtos.oem4f (.text:SemaphoreP_post)
                  00004fb0    00000004                      : SwiP_tirtos.oem4f (.text:SwiP_destruct)
                  00004fb4    00000004                      : SwiP_tirtos.oem4f (.text:SwiP_disable)
                  00004fb8    00000004                      : SwiP_tirtos.oem4f (.text:SwiP_getTrigger)
                  00004fbc    00000004                      : SwiP_tirtos.oem4f (.text:SwiP_or)
                  00004fc0    00000004                      : SwiP_tirtos.oem4f (.text:SwiP_post)
                  00004fc4    00000004                      : SystemP_tirtos.oem4f (.text:SystemP_vsnprintf)
                  00004fc8    00000004     rom_sysbios.aem4f : rom_sysbios.obj (.text:__aeabi_errno_addr)
                  00004fcc    00000004     drivers_cc13x2.aem4f : PowerCC26X2.oem4f (.text:configureRFCoreClocks)
                  00004fd0    00000004                          : PowerCC26X2.oem4f (.text:nopResourceHandler)
                  00004fd4    00000004     rom_sysbios.aem4f : rom_sysbios.obj (.text:pthread_attr_destroy)
                  00004fd8    00000004                       : rom_sysbios.obj (.text:ti_sysbios_knl_Task_getArg1__E)
                  00004fdc    00000004                       : rom_sysbios.obj (.text:ti_sysbios_knl_Task_getEnv__E)
                  00004fe0    00000004     release_pem4f.oem4f (.text:xdc_runtime_Startup_reset__I)
                  00004fe4    00000004     rom_sysbios.aem4f : rom_sysbios.obj (.text:xdc_runtime_SysCallback_defaultReady)
                  00004fe8    00000008     (.tramp.xdc_runtime_System_vsnprintf__E.1)
                  00004ff0    00000008     (.tramp.ti_sysbios_knl_Swi_destruct.1)
                  00004ff8    00000008     (.tramp.ti_sysbios_family_arm_m3_Hwi_enableInterrupt__E.1)
                  00005000    00000008     (.tramp.ti_sysbios_family_arm_m3_Hwi_disableInterrupt__E.1)
                  00005008    00000008     (.tramp.ti_sysbios_family_arm_m3_Hwi_disableFxn__E.1)
                  00005010    00000008     (.tramp.ti_sysbios_family_arm_m3_Hwi_destruct.1)
                  00005018    00000008     (.tramp.ti_sysbios_BIOS_getCpuFreq__E.1)
                  00005020    00000008     (.tramp.ti_sysbios_knl_Clock_destruct.1)
                  00005028    00000008     (.tramp.ti_sysbios_knl_Task_self__E.1)
                  00005030    00000008     (.tramp.ti_sysbios_knl_Semaphore_delete.1)
                  00005038    00000008     (.tramp.ti_sysbios_knl_Clock_logTick__E.1)
                  00005040    00000008     (.tramp.ti_sysbios_BIOS_getThreadType__E.1)
                  00005048    00000008     (.tramp.ti_sysbios_knl_Swi_post__E.1)
                  00005050    00000008     (.tramp.ti_sysbios_BIOS_RtsGateProxy_leave__E.1)
                  00005058    00000008     (.tramp.ti_sysbios_knl_Swi_construct.1)
                  00005060    00000008     (.tramp.ti_sysbios_BIOS_RtsGateProxy_enter__E.1)
                  00005068    00000008     (.tramp.ti_sysbios_knl_Clock_TimerProxy_getCurrentTick__E.1)
                  00005070    00000008     (.tramp.ti_sysbios_knl_Task_delete.1)
                  00005078    00000008     (.tramp.ti_sysbios_knl_Semaphore_destruct.1)
                  00005080    00000008     (.tramp.ti_sysbios_knl_Semaphore_create.1)
                  00005088    00000008     (.tramp.ti_sysbios_knl_Task_startup__E.1)
                  00005090    00000008     (.tramp.ti_sysbios_knl_Swi_startup__E.1)
                  00005098    00000008     (.tramp.ti_sysbios_hal_Hwi_startup__E.1)
                  000050a0    00000008     (.tramp.ti_sysbios_family_arm_cc26xx_Timer_startup__E.1)
                  000050a8    00000008     (.tramp.xdc_runtime_System_atexit__E.1)
                  000050b0    00000008     (.tramp.ti_sysbios_BIOS_linkedWithIncorrectBootLibrary__E.1)
                  000050b8    00000008     (.tramp.xdc_runtime_Startup_rtsDone__E.1)
                  000050c0    00000008     (.tramp.ti_sysbios_knl_Swi_disable__E.1)
                  000050c8    00000008     (.tramp.ti_sysbios_family_arm_m3_Hwi_construct.1)
                  000050d0    00000008     (.tramp.ti_sysbios_knl_Task_sleep__E.1)
                  000050d8    00000008     (.tramp.ti_sysbios_knl_Swi_Params__init__S.1)
                  000050e0    00000008     (.tramp.ti_sysbios_family_arm_m3_Hwi_Params__init__S.1)
                  000050e8    00000008     (.tramp.strlen.1)
                  000050f0    00000008     (.tramp.ti_sysbios_knl_Clock_construct.1)
                  000050f8    00000008     (.tramp.ti_sysbios_knl_Clock_Params__init__S.1)
                  00005100    00000008     (.tramp.xdc_runtime_System_exit__E.1)
                  00005108    00000008     (.tramp.ti_sysbios_heaps_HeapMem_restore__E.1)
                  00005110    00000008     (.tramp.ti_sysbios_heaps_HeapMem_Object__get__S.1)
                  00005118    00000008     (.tramp.ti_sysbios_BIOS_start__E.1)
                  00005120    00000008     (.tramp.xdc_runtime_Error_raiseX__E.1)
                  00005128    00000008     (.tramp.ti_sysbios_BIOS_setThreadType__E.1)
                  00005130    00000008     (.tramp.ti_sysbios_family_arm_m3_Hwi_excFillContext__I.1)
                  00005138    00000008     (.tramp.ti_sysbios_knl_Semaphore_post__E.1)
                  00005140    00000008     (.tramp.xdc_runtime_Memory_free__E.1)
                  00005148    00000008     (.tramp.ti_sysbios_knl_Queue_next__E.1)
                  00005150    00000008     (.tramp.ti_sysbios_knl_Queue_head__E.1)
                  00005158    00000008     (.tramp.ti_sysbios_knl_Semaphore_pend__E.1)
                  00005160    00000008     (.tramp.ti_sysbios_knl_Task_restore__E.1)
                  00005168    00000008     (.tramp.ti_sysbios_knl_Queue_enqueue__E.1)
                  00005170    00000008     (.tramp.ti_sysbios_knl_Queue_empty__E.1)
                  00005178    00000008     (.tramp.ti_sysbios_knl_Queue_remove__E.1)
                  00005180    00000008     (.tramp.ti_sysbios_knl_Task_disable__E.1)
                  00005188    00000008     (.tramp.ti_sysbios_knl_Clock_stop__E.1)
                  00005190    00000008     (.tramp.ti_sysbios_knl_Clock_start__E.1)
                  00005198    00000008     (.tramp.ti_sysbios_knl_Clock_setTimeout__E.1)
                  000051a0    00000008     (.tramp.ti_sysbios_knl_Task_create.1)
                  000051a8    00000008     (.tramp.ti_sysbios_knl_Semaphore_construct.1)
                  000051b0    00000008     (.tramp.ti_sysbios_knl_Semaphore_Params__init__S.1)
                  000051b8    00000008     (.tramp.ti_sysbios_knl_Queue_construct.1)
                  000051c0    00000008     (.tramp.xdc_runtime_Memory_alloc__E.1)
                  000051c8    00000008     (.tramp.ti_sysbios_knl_Task_Params__init__S.1)
                  000051d0    00000008     (.tramp.ti_sysbios_family_arm_m3_Hwi_restoreFxn__E.1)
                  000051d8    00000008     (.tramp.xdc_runtime_System_doPrint__I.1)
                  000051e0    00000008     (.tramp.ti_sysbios_knl_Swi_restore__E.1)

.const     0    000051e8    0000071f     
                  000051e8    000003b8     release_pem4f.oem4f (.const:ROM_constStruct)
                  000055a0    00000054     drivers_cc13x2.aem4f : PowerCC26X2.oem4f (.const:resourceDB)
                  000055f4    00000048     release_pem4f.oem4f (.const:.string)
                  0000563c    00000048     release_pem4f.oem4f (.const:ROM_externFuncPtrs)
                  00005684    00000028     drivers_cc13x2.aem4f : UARTCC26XX.oem4f (.const:UARTCC26XX_fxnTable)
                  000056ac    00000028     ti_drivers_config.obj (.const:uartCC26XXHWAttrs)
                  000056d4    00000024     drivers_cc13x2.aem4f : UART.oem4f (.const:UART_defaultParams)
                  000056f8    00000024     release_pem4f.oem4f (.const:xdc_runtime_Startup_sfxnTab__A)
                  0000571c    00000020     ti_drivers_config.obj (.const:BoardGpioInitTable)
                  0000573c    00000020     display.aem4f : DisplayUart.oem4f (.const:DisplayUartMin_fxnTable)
                  0000575c    00000018     drivers_cc13x2.aem4f : I2CCC26XX.oem4f (.const:I2CCC26XX_fxnTable)
                  00005774    00000018     ti_drivers_config.obj (.const:i2cCC26xxHWAttrs)
                  0000578c    00000018     drivers_cc13x2.aem4f : GPIOCC26XX.oem4f (.const:interruptType)
                  000057a4    00000014     ti_drivers_config.obj (.const:GPIOCC26XX_config)
                  000057b8    00000014     ti_drivers_config.obj (.const:PowerCC26X2_config)
                  000057cc    00000014     ti_drivers_config.obj (.const:displayUartHWAttrs)
                  000057e0    00000014     drivers_cc13x2.aem4f : UARTCC26XX.oem4f (.const:parityType)
                  000057f4    00000012     release_pem4f.oem4f (.const:xdc_runtime_Startup_sfxnRts__A)
                  00005806    00000001     display.aem4f : Display.oem4f (.const:Display_defaultParams)
                  00005807    00000001     release_pem4f.oem4f (.const:xdc_runtime_Text_charTab__A)
                  00005808    00000010     drivers_cc13x2.aem4f : I2C.oem4f (.const:I2C_defaultParams)
                  00005818    00000010     i2copt3001.obj (.const:OPT3001_config)
                  00005828    00000010     sail.lib : opt3001.obj (.const:OPT3001_defaultParams)
                  00005838    00000010     drivers_cc13x2.aem4f : UARTCC26XX.oem4f (.const:dataLength)
                  00005848    00000010                          : GPIOCC26XX.oem4f (.const:outPinTypes)
                  00005858    0000000c     ti_drivers_config.obj (.const:Display_config)
                  00005864    0000000c     ti_drivers_config.obj (.const:I2C_config)
                  00005870    0000000c     ti_drivers_config.obj (.const:UART_config)
                  0000587c    0000000c     drivers_cc13x2.aem4f : GPIOCC26XX.oem4f (.const:inPinTypes)
                  00005888    0000000c                          : GPIOCC26XX.oem4f (.const:outPinStrengths)
                  00005894    0000000c     release_pem4f.oem4f (.const:xdc_runtime_Startup_firstFxns__A)
                  000058a0    00000008     driverlib.lib : aux_sysif.obj (.const:$O1$$)
                  000058a8    00000008     i2copt3001.obj (.const:OPT3001_hwAttrs)
                  000058b0    00000008     ti_drivers_config.obj (.const:PINCC26XX_hwAttrs)
                  000058b8    00000008     drivers_cc13x2.aem4f : I2CCC26XX.oem4f (.const:bitRate)
                  000058c0    00000008                          : UARTCC26XX.oem4f (.const:stopBits)
                  000058c8    00000008     release_pem4f.oem4f (.const:ti_sysbios_family_arm_m3_Hwi_excHookFuncs__A)
                  000058d0    00000008     release_pem4f.oem4f (.const:ti_sysbios_knl_Idle_funcList__A)
                  000058d8    00000006     drivers_cc13x2.aem4f : UARTCC26XX.oem4f (.const:.string:rxFifoBytes)
                  000058de    00000006                          : UARTCC26XX.oem4f (.const:.string:rxFifoThreshold)
                  000058e4    00000006                          : UARTCC26XX.oem4f (.const:.string:txFifoBytes)
                  000058ea    00000006                          : UARTCC26XX.oem4f (.const:.string:txFifoThreshold)
                  000058f0    00000004     release_pem4f.oem4f (.const:ti_sysbios_family_arm_m3_Hwi_E_exception__C)
                  000058f4    00000004     release_pem4f.oem4f (.const:ti_sysbios_heaps_HeapMem_primaryHeapBaseAddr__C)
                  000058f8    00000004     release_pem4f.oem4f (.const:ti_sysbios_heaps_HeapMem_primaryHeapEndAddr__C)
                  000058fc    00000004     release_pem4f.oem4f (.const:ti_sysbios_knl_Clock_tickPeriod__C)
                  00005900    00000004     release_pem4f.oem4f (.const:ti_sysbios_knl_Task_Object__heap__C)
                  00005904    00000003     ti_drivers_config.obj (.const)

MODULE SUMMARY

       Module                             code    ro data   rw data
       ------                             ----    -------   -------
    ./
       i2copt3001.obj                     1052    24        70     
       main_tirtos.obj                    112     0         0      
    +--+----------------------------------+-------+---------+---------+
       Total:                             1164    24        70     
                                                                   
    ./syscfg/
       ti_drivers_config.obj              30      203       1616   
       ti_devices_config.obj              0       88        0      
    +--+----------------------------------+-------+---------+---------+
       Total:                             30      291       1616   
                                                                   
    /Volumes/Storage/shared/okhramkov/ti/tirtos_builds_CC1352R1_LAUNCHXL_release_ccs/Debug/configPkg/package/cfg/
       release_pem4f.oem4f                802     1259      1830   
    +--+----------------------------------+-------+---------+---------+
       Total:                             802     1259      1830   
                                                                   
    /Users/okhramkov/ti/sail_1_50_00_00/source/ti/sail/lib/ccs/cc1352r1/sail.lib
       opt3001.obj                        1248    16        1      
    +--+----------------------------------+-------+---------+---------+
       Total:                             1248    16        1      
                                                                   
    /Volumes/Storage/shared/okhramkov/ccs/utils/simplelink_cc13x2_26x2_sdk_3_30_00_03/kernel/tirtos/packages/ti/dpl/lib/dpl_cc13x2.aem4f
       PowerCC26X2_tirtos.oem4f           240     0         8      
       SemaphoreP_tirtos.oem4f            126     0         0      
       ClockP_tirtos.oem4f                110     0         4      
       SwiP_tirtos.oem4f                  96      0         0      
       HwiP_tirtos.oem4f                  94      0         0      
       SystemP_tirtos.oem4f               4       0         0      
    +--+----------------------------------+-------+---------+---------+
       Total:                             670     0         12     
                                                                   
    /Volumes/Storage/shared/okhramkov/ccs/utils/simplelink_cc13x2_26x2_sdk_3_30_00_03/kernel/tirtos/packages/ti/targets/arm/rtsarm/lib/auto_init.aem4f
       auto_init.oem4f                    160     0         0      
    +--+----------------------------------+-------+---------+---------+
       Total:                             160     0         0      
                                                                   
    /Volumes/Storage/shared/okhramkov/ccs/utils/simplelink_cc13x2_26x2_sdk_3_30_00_03/kernel/tirtos/packages/ti/targets/arm/rtsarm/lib/boot.aem4f
       boot.oem4f                         88      0         0      
    +--+----------------------------------+-------+---------+---------+
       Total:                             88      0         0      
                                                                   
    /Volumes/Storage/shared/okhramkov/ccs/utils/simplelink_cc13x2_26x2_sdk_3_30_00_03/source/ti/devices/cc13x2_cc26x2/driverlib/bin/ccs/driverlib.lib
       sys_ctrl.obj                       408     0         0      
       osc.obj                            336     0         28     
       setup.obj                          324     0         0      
       chipinfo.obj                       226     0         0      
       aux_sysif.obj                      52      8         0      
       cpu.obj                            30      0         0      
       driverlib_release.obj              0       0         1      
    +--+----------------------------------+-------+---------+---------+
       Total:                             1376    8         29     
                                                                   
    /Volumes/Storage/shared/okhramkov/ccs/utils/simplelink_cc13x2_26x2_sdk_3_30_00_03/source/ti/display/lib/display.aem4f
       DisplayUart.oem4f                  184     32        0      
       Display.oem4f                      134     1         0      
    +--+----------------------------------+-------+---------+---------+
       Total:                             318     33        0      
                                                                   
    /Volumes/Storage/shared/okhramkov/ccs/utils/simplelink_cc13x2_26x2_sdk_3_30_00_03/source/ti/drivers/lib/drivers_cc13x2.aem4f
       UARTCC26XX.oem4f                   2742    108       0      
       PowerCC26X2.oem4f                  2082    84        272    
       PINCC26XX.oem4f                    1558    0         276    
       I2CCC26XX.oem4f                    1486    32        0      
       PowerCC26X2_calibrateRCOSC.oem4f   1400    0         0      
       GPIOCC26XX.oem4f                   740     64        61     
       UART.oem4f                         186     36        1      
       I2C.oem4f                          172     16        1      
       RingBuf.oem4f                      152     0         0      
       List.oem4f                         76      0         0      
    +--+----------------------------------+-------+---------+---------+
       Total:                             10594   340       611    
                                                                   
    /Volumes/Storage/shared/okhramkov/ccs/utils/ti-cgt-arm_20.2.4.LTS/lib/rtsv7M4_T_le_v4SPD16_eabi.lib
       fd_add_t2.asm.obj                  438     0         0      
       fd_cmp_t2.asm.obj                  268     0         0      
       fd_mul_t2.asm.obj                  252     0         0      
       memcpy_t2.asm.obj                  156     0         0      
       ull_div_t2.asm.obj                 150     0         0      
       memset_t2.asm.obj                  122     0         0      
       copy_decompress_lzss.c.obj         104     0         0      
       cpy_tbl.c.obj                      76      0         0      
       fd_tou_t2.asm.obj                  68      0         0      
       u_divt2.asm.obj                    64      0         0      
       fs_tod_t2.asm.obj                  56      0         0      
       _lock.c.obj                        26      0         8      
       u_tofd_t2.asm.obj                  32      0         0      
       args_main.c.obj                    24      0         0      
       ll_mul_t2.asm.obj                  24      0         0      
       copy_decompress_none.c.obj         14      0         0      
       copy_zero_init.c.obj               12      0         0      
       stkdepth_vars.c.obj                0       0         4      
       div0.asm.obj                       2       0         0      
    +--+----------------------------------+-------+---------+---------+
       Total:                             1888    0         12     
                                                                   
    /Volumes/Storage/shared/okhramkov/ti/tirtos_builds_CC1352R1_LAUNCHXL_release_ccs/src/sysbios/rom_sysbios.aem4f
       rom_sysbios.obj                    2057    0         136    
    +--+----------------------------------+-------+---------+---------+
       Total:                             2057    0         136    
                                                                   
       Stack:                             0       0         1024   
       Linker Generated:                  512     475       0      
    +--+----------------------------------+-------+---------+---------+
       Grand Total:                       20907   2446      5341   


LINKER GENERATED COPY TABLES

__TI_cinit_table @ 00005ac0 records: 5, size/record: 8, table size: 40
	.data: load addr=00005908, load size=00000187 bytes, run addr=20001bd0, run size=0000053e bytes, compression=lzss
	.bss: load addr=00005aa0, load size=00000008 bytes, run addr=20001110, run size=00000abb bytes, compression=zero_init
	.data:xdcRomConstPtr: load addr=00005aa8, load size=00000008 bytes, run addr=20000100, run size=00000004 bytes, compression=lzss
	.data:xdcRomExternFuncPtr: load addr=00005ab0, load size=00000008 bytes, run addr=20000104, run size=00000004 bytes, compression=lzss
	.data:xdcRomStatePtr: load addr=00005ab8, load size=00000008 bytes, run addr=20000108, run size=00000004 bytes, compression=lzss


LINKER GENERATED HANDLER TABLE

__TI_handler_table @ 00005a90 records: 3, size/record: 4, table size: 12
	index: 0, handler: __TI_decompress_lzss
	index: 1, handler: __TI_decompress_none
	index: 2, handler: __TI_zero_init


FAR CALL TRAMPOLINES

callee name               trampoline name
   callee addr  tramp addr   call addr  call info
--------------  -----------  ---------  ----------------
xdc_runtime_System_vsnprintf__E  $Tramp$TT$L$PI$$xdc_runtime_System_vsnprintf__E
   1002f8b9     00004fe8     00004fc4   dpl_cc13x2.aem4f : SystemP_tirtos.oem4f (.text:SystemP_vsnprintf)
ti_sysbios_knl_Swi_destruct  $Tramp$TT$L$PI$$ti_sysbios_knl_Swi_destruct
   1002e8bd     00004ff0     00004fb0   dpl_cc13x2.aem4f : SwiP_tirtos.oem4f (.text:SwiP_destruct)
ti_sysbios_family_arm_m3_Hwi_enableInterrupt__E  $Tramp$TT$L$PI$$ti_sysbios_family_arm_m3_Hwi_enableInterrupt__E
   1002d91d     00004ff8     00004fa4   dpl_cc13x2.aem4f : HwiP_tirtos.oem4f (.text:HwiP_enableInterrupt)
ti_sysbios_family_arm_m3_Hwi_disableInterrupt__E  $Tramp$TT$L$PI$$ti_sysbios_family_arm_m3_Hwi_disableInterrupt__E
   1002d8d9     00005000     00004fa0   dpl_cc13x2.aem4f : HwiP_tirtos.oem4f (.text:HwiP_disableInterrupt)
ti_sysbios_family_arm_m3_Hwi_disableFxn__E  $Tramp$TT$L$PI$$ti_sysbios_family_arm_m3_Hwi_disableFxn__E
   1002eb55     00005008     00004f9c   dpl_cc13x2.aem4f : HwiP_tirtos.oem4f (.text:HwiP_disable)
ti_sysbios_family_arm_m3_Hwi_destruct  $Tramp$TT$L$PI$$ti_sysbios_family_arm_m3_Hwi_destruct
   1002e475     00005010     00004f98   dpl_cc13x2.aem4f : HwiP_tirtos.oem4f (.text:HwiP_destruct)
ti_sysbios_BIOS_getCpuFreq__E  $Tramp$TT$L$PI$$ti_sysbios_BIOS_getCpuFreq__E
   1002e9fd     00005018     00004f88   dpl_cc13x2.aem4f : ClockP_tirtos.oem4f (.text:ClockP_getCpuFreq)
ti_sysbios_knl_Clock_destruct  $Tramp$TT$L$PI$$ti_sysbios_knl_Clock_destruct
   1002e649     00005020     00004f84   dpl_cc13x2.aem4f : ClockP_tirtos.oem4f (.text:ClockP_destruct)
ti_sysbios_knl_Task_self__E  $Tramp$TT$L$PI$$ti_sysbios_knl_Task_self__E
   1002eaf5     00005028     00004ec6   rom_sysbios.aem4f : rom_sysbios.obj (.text:pthread_self)
                             00004f26   release_pem4f.oem4f (.text:ti_sysbios_rts_ti_ReentSupport_getTlsAddr__I)
ti_sysbios_knl_Semaphore_delete  $Tramp$TT$L$PI$$ti_sysbios_knl_Semaphore_delete
   1002ecdb     00005030     00004e9a   dpl_cc13x2.aem4f : SemaphoreP_tirtos.oem4f (.text:SemaphoreP_delete)
ti_sysbios_knl_Clock_logTick__E  $Tramp$TT$L$PI$$ti_sysbios_knl_Clock_logTick__E
   1002dbd7     00005038     00004d76   release_pem4f.oem4f (.text:ti_sysbios_knl_Clock_doTick__I)
ti_sysbios_BIOS_getThreadType__E  $Tramp$TT$L$PI$$ti_sysbios_BIOS_getThreadType__E
   1002ea95     00005040     00004c76   rom_sysbios.aem4f : rom_sysbios.obj (.text:ti_sysbios_rts_ti_ReentSupport_getReent__F)
ti_sysbios_knl_Swi_post__E  $Tramp$TT$L$PI$$ti_sysbios_knl_Swi_post__E
   1002d891     00005048     00004c70   rom_sysbios.aem4f : rom_sysbios.obj (.text:ti_sysbios_knl_Swi_or__E)
                             00004d7e   release_pem4f.oem4f (.text:ti_sysbios_knl_Clock_doTick__I)
                             00004fc0   dpl_cc13x2.aem4f : SwiP_tirtos.oem4f (.text:SwiP_post)
ti_sysbios_BIOS_RtsGateProxy_leave__E  $Tramp$TT$L$PI$$ti_sysbios_BIOS_RtsGateProxy_leave__E
   1002ec7b     00005050     00004c52   release_pem4f.oem4f (.text:ti_sysbios_BIOS_rtsUnlock__I)
ti_sysbios_knl_Swi_construct  $Tramp$TT$L$PI$$ti_sysbios_knl_Swi_construct
   1002d719     00005058     00004b66   rom_sysbios.aem4f : rom_sysbios.obj (.text:ti_sysbios_knl_Swi_construct2__E)
ti_sysbios_BIOS_RtsGateProxy_enter__E  $Tramp$TT$L$PI$$ti_sysbios_BIOS_RtsGateProxy_enter__E
   1002ec77     00005060     00004a3e   release_pem4f.oem4f (.text:ti_sysbios_BIOS_rtsLock__I)
ti_sysbios_knl_Clock_TimerProxy_getCurrentTick__E  $Tramp$TT$L$PI$$ti_sysbios_knl_Clock_TimerProxy_getCurrentTick__E
   1002eac5     00005068     00004742   rom_sysbios.aem4f : rom_sysbios.obj (.text:ti_sysbios_knl_Clock_getTicksUntilInterrupt__E)
ti_sysbios_knl_Task_delete  $Tramp$TT$L$PI$$ti_sysbios_knl_Task_delete
   1002ece7     00005070     000046ec   rom_sysbios.aem4f : rom_sysbios.obj (.text:_pthread_delete$45)
ti_sysbios_knl_Semaphore_destruct  $Tramp$TT$L$PI$$ti_sysbios_knl_Semaphore_destruct
   1002e6fd     00005078     000046e0   rom_sysbios.aem4f : rom_sysbios.obj (.text:_pthread_delete$45)
                             00004fa8   dpl_cc13x2.aem4f : SemaphoreP_tirtos.oem4f (.text:SemaphoreP_destruct)
ti_sysbios_knl_Semaphore_create  $Tramp$TT$L$PI$$ti_sysbios_knl_Semaphore_create
   1002dc49     00005080     000046cc   dpl_cc13x2.aem4f : SemaphoreP_tirtos.oem4f (.text:SemaphoreP_createBinary)
ti_sysbios_knl_Task_startup__E  $Tramp$TT$L$PI$$ti_sysbios_knl_Task_startup__E
   1002eceb     00005088     00004614   release_pem4f.oem4f (.text:ti_sysbios_BIOS_startFunc__I)
ti_sysbios_knl_Swi_startup__E  $Tramp$TT$L$PI$$ti_sysbios_knl_Swi_startup__E
   1002ec6b     00005090     00004610   release_pem4f.oem4f (.text:ti_sysbios_BIOS_startFunc__I)
ti_sysbios_hal_Hwi_startup__E  $Tramp$TT$L$PI$$ti_sysbios_hal_Hwi_startup__E
   1002ec31     00005098     0000460c   release_pem4f.oem4f (.text:ti_sysbios_BIOS_startFunc__I)
ti_sysbios_family_arm_cc26xx_Timer_startup__E  $Tramp$TT$L$PI$$ti_sysbios_family_arm_cc26xx_Timer_startup__E
   1002dcf1     000050a0     00004608   release_pem4f.oem4f (.text:ti_sysbios_BIOS_startFunc__I)
xdc_runtime_System_atexit__E  $Tramp$TT$L$PI$$xdc_runtime_System_atexit__E
   1002f559     000050a8     00004600   release_pem4f.oem4f (.text:ti_sysbios_BIOS_startFunc__I)
ti_sysbios_BIOS_linkedWithIncorrectBootLibrary__E  $Tramp$TT$L$PI$$ti_sysbios_BIOS_linkedWithIncorrectBootLibrary__E
   1002d01b     000050b0     000045fa   release_pem4f.oem4f (.text:ti_sysbios_BIOS_startFunc__I)
xdc_runtime_Startup_rtsDone__E  $Tramp$TT$L$PI$$xdc_runtime_Startup_rtsDone__E
   1002f8e5     000050b8     000045f2   release_pem4f.oem4f (.text:ti_sysbios_BIOS_startFunc__I)
ti_sysbios_knl_Swi_disable__E  $Tramp$TT$L$PI$$ti_sysbios_knl_Swi_disable__E
   1002ea25     000050c0     000045c2   release_pem4f.oem4f (.text:ti_sysbios_BIOS_atExitFunc__I)
                             00004b32   dpl_cc13x2.aem4f : PowerCC26X2_tirtos.oem4f (.text:PowerCC26XX_schedulerDisable)
                             00004fb4                    : SwiP_tirtos.oem4f (.text:SwiP_disable)
ti_sysbios_family_arm_m3_Hwi_construct  $Tramp$TT$L$PI$$ti_sysbios_family_arm_m3_Hwi_construct
   1002d421     000050c8     0000425a   rom_sysbios.aem4f : rom_sysbios.obj (.text:ti_sysbios_family_arm_m3_Hwi_construct2__E)
ti_sysbios_knl_Task_sleep__E  $Tramp$TT$L$PI$$ti_sysbios_knl_Task_sleep__E
   1002ce01     000050d0     0000422e   rom_sysbios.aem4f : rom_sysbios.obj (.text:sleep)
ti_sysbios_knl_Swi_Params__init__S  $Tramp$TT$L$PI$$ti_sysbios_knl_Swi_Params__init__S
   1002ebf1     000050d8     000041e2   dpl_cc13x2.aem4f : SwiP_tirtos.oem4f (.text:SwiP_construct)
ti_sysbios_family_arm_m3_Hwi_Params__init__S  $Tramp$TT$L$PI$$ti_sysbios_family_arm_m3_Hwi_Params__init__S
   1002eb49     000050e0     0000412c   dpl_cc13x2.aem4f : HwiP_tirtos.oem4f (.text:HwiP_construct)
strlen                    $Tramp$TT$L$PI$$strlen
   1002fddb     000050e8     00003e12   display.aem4f : DisplayUart.oem4f (.text:DisplayUartMin_vprintf)
ti_sysbios_knl_Clock_construct  $Tramp$TT$L$PI$$ti_sysbios_knl_Clock_construct
   1002dd8d     000050f0     00003a56   dpl_cc13x2.aem4f : ClockP_tirtos.oem4f (.text:ClockP_construct)
ti_sysbios_knl_Clock_Params__init__S  $Tramp$TT$L$PI$$ti_sysbios_knl_Clock_Params__init__S
   1002eb9d     000050f8     00003a3c   dpl_cc13x2.aem4f : ClockP_tirtos.oem4f (.text:ClockP_construct)
xdc_runtime_System_exit__E  $Tramp$TT$L$PI$$xdc_runtime_System_exit__E
   1002f7b1     00005100     00003904   boot.aem4f : boot.oem4f (.text)
                             00004cf6   release_pem4f.oem4f (.text:ti_sysbios_BIOS_exitFunc__I)
ti_sysbios_heaps_HeapMem_restore__E  $Tramp$TT$L$PI$$ti_sysbios_heaps_HeapMem_restore__E
   1002eb13     00005108     000037f8   rom_sysbios.aem4f : rom_sysbios.obj (.text:ti_sysbios_heaps_HeapMem_initPrimary__I)
ti_sysbios_heaps_HeapMem_Object__get__S  $Tramp$TT$L$PI$$ti_sysbios_heaps_HeapMem_Object__get__S
   1002e275     00005110     000037c8   rom_sysbios.aem4f : rom_sysbios.obj (.text:ti_sysbios_heaps_HeapMem_initPrimary__I)
ti_sysbios_BIOS_start__E  $Tramp$TT$L$PI$$ti_sysbios_BIOS_start__E
   1002eaa5     00005118     00003290   main_tirtos.obj (.text:main)
xdc_runtime_Error_raiseX__E  $Tramp$TT$L$PI$$xdc_runtime_Error_raiseX__E
   1002f739     00005120     00002f3a   rom_sysbios.aem4f : rom_sysbios.obj (.text:ti_sysbios_family_arm_m3_Hwi_excHandlerMin__I)
ti_sysbios_BIOS_setThreadType__E  $Tramp$TT$L$PI$$ti_sysbios_BIOS_setThreadType__E
   1002ea11     00005128     00002efa   rom_sysbios.aem4f : rom_sysbios.obj (.text:ti_sysbios_family_arm_m3_Hwi_excHandlerMin__I)
                             000045cc   release_pem4f.oem4f (.text:ti_sysbios_BIOS_atExitFunc__I)
                             00004cf0   release_pem4f.oem4f (.text:ti_sysbios_BIOS_exitFunc__I)
ti_sysbios_family_arm_m3_Hwi_excFillContext__I  $Tramp$TT$L$PI$$ti_sysbios_family_arm_m3_Hwi_excFillContext__I
   1002bda9     00005130     00002ef4   rom_sysbios.aem4f : rom_sysbios.obj (.text:ti_sysbios_family_arm_m3_Hwi_excHandlerMin__I)
ti_sysbios_knl_Semaphore_post__E  $Tramp$TT$L$PI$$ti_sysbios_knl_Semaphore_post__E
   1002cd21     00005138     00002b96   rom_sysbios.aem4f : rom_sysbios.obj (.text:_pthread_removeThreadKeys)
                             000039a4                     : rom_sysbios.obj (.text:pthread_exit)
                             00004f1c                     : rom_sysbios.obj (.text:sem_post)
                             00004fac   dpl_cc13x2.aem4f : SemaphoreP_tirtos.oem4f (.text:SemaphoreP_post)
xdc_runtime_Memory_free__E  $Tramp$TT$L$PI$$xdc_runtime_Memory_free__E
   1002f81d     00005140     00002b8c   rom_sysbios.aem4f : rom_sysbios.obj (.text:_pthread_removeThreadKeys)
                             000046f8                     : rom_sysbios.obj (.text:_pthread_delete$45)
ti_sysbios_knl_Queue_next__E  $Tramp$TT$L$PI$$ti_sysbios_knl_Queue_next__E
   1002ecd7     00005148     00002b66   rom_sysbios.aem4f : rom_sysbios.obj (.text:_pthread_removeThreadKeys)
ti_sysbios_knl_Queue_head__E  $Tramp$TT$L$PI$$ti_sysbios_knl_Queue_head__E
   1002ecd3     00005150     00002b52   rom_sysbios.aem4f : rom_sysbios.obj (.text:_pthread_removeThreadKeys)
ti_sysbios_knl_Semaphore_pend__E  $Tramp$TT$L$PI$$ti_sysbios_knl_Semaphore_pend__E
   1002bfb1     00005158     00002b4c   rom_sysbios.aem4f : rom_sysbios.obj (.text:_pthread_removeThreadKeys)
                             00004d9c   dpl_cc13x2.aem4f : SemaphoreP_tirtos.oem4f (.text:SemaphoreP_pend)
                             00004e42   rom_sysbios.aem4f : rom_sysbios.obj (.text:sem_wait)
ti_sysbios_knl_Task_restore__E  $Tramp$TT$L$PI$$ti_sysbios_knl_Task_restore__E
   1002df45     00005160     0000267e   rom_sysbios.aem4f : rom_sysbios.obj (.text:ti_sysbios_knl_Task_setPri__E)
                             00002b40                     : rom_sysbios.obj (.text:_pthread_removeThreadKeys)
                             00002ba0                     : rom_sysbios.obj (.text:_pthread_removeThreadKeys)
                             000039b6                     : rom_sysbios.obj (.text:pthread_exit)
                             000048ac                     : rom_sysbios.obj (.text:_pthread_cleanupFxn)
                             00004b52   dpl_cc13x2.aem4f : PowerCC26X2_tirtos.oem4f (.text:PowerCC26XX_schedulerRestore)
ti_sysbios_knl_Queue_enqueue__E  $Tramp$TT$L$PI$$ti_sysbios_knl_Queue_enqueue__E
   1002ebd9     00005168     00002650   rom_sysbios.aem4f : rom_sysbios.obj (.text:ti_sysbios_knl_Task_setPri__E)
ti_sysbios_knl_Queue_empty__E  $Tramp$TT$L$PI$$ti_sysbios_knl_Queue_empty__E
   1002eb21     00005170     00002638   rom_sysbios.aem4f : rom_sysbios.obj (.text:ti_sysbios_knl_Task_setPri__E)
                             00002b38                     : rom_sysbios.obj (.text:_pthread_removeThreadKeys)
ti_sysbios_knl_Queue_remove__E  $Tramp$TT$L$PI$$ti_sysbios_knl_Queue_remove__E
   1002eb2f     00005178     00002632   rom_sysbios.aem4f : rom_sysbios.obj (.text:ti_sysbios_knl_Task_setPri__E)
                             00002b6e                     : rom_sysbios.obj (.text:_pthread_removeThreadKeys)
                             00002b74                     : rom_sysbios.obj (.text:_pthread_removeThreadKeys)
ti_sysbios_knl_Task_disable__E  $Tramp$TT$L$PI$$ti_sysbios_knl_Task_disable__E
   1002ea4d     00005180     000025f8   rom_sysbios.aem4f : rom_sysbios.obj (.text:ti_sysbios_knl_Task_setPri__E)
                             00002b2e                     : rom_sysbios.obj (.text:_pthread_removeThreadKeys)
                             000039aa                     : rom_sysbios.obj (.text:pthread_exit)
                             000045c6   release_pem4f.oem4f (.text:ti_sysbios_BIOS_atExitFunc__I)
                             0000489e   rom_sysbios.aem4f : rom_sysbios.obj (.text:_pthread_cleanupFxn)
                             00004b2a   dpl_cc13x2.aem4f : PowerCC26X2_tirtos.oem4f (.text:PowerCC26XX_schedulerDisable)
ti_sysbios_knl_Clock_stop__E  $Tramp$TT$L$PI$$ti_sysbios_knl_Clock_stop__E
   1002e2c5     00005188     000023a2   dpl_cc13x2.aem4f : PowerCC26X2_tirtos.oem4f (.text:PowerCC26XX_standbyPolicy)
                             00004f94                    : ClockP_tirtos.oem4f (.text:ClockP_stop)
ti_sysbios_knl_Clock_start__E  $Tramp$TT$L$PI$$ti_sysbios_knl_Clock_start__E
   1002e9e7     00005190     00002396   dpl_cc13x2.aem4f : PowerCC26X2_tirtos.oem4f (.text:PowerCC26XX_standbyPolicy)
                             00004f90                    : ClockP_tirtos.oem4f (.text:ClockP_start)
ti_sysbios_knl_Clock_setTimeout__E  $Tramp$TT$L$PI$$ti_sysbios_knl_Clock_setTimeout__E
   1002ecc3     00005198     00002390   dpl_cc13x2.aem4f : PowerCC26X2_tirtos.oem4f (.text:PowerCC26XX_standbyPolicy)
                             00004f8c                    : ClockP_tirtos.oem4f (.text:ClockP_setTimeout)
ti_sysbios_knl_Task_create  $Tramp$TT$L$PI$$ti_sysbios_knl_Task_create
   1002d529     000051a0     00001cba   rom_sysbios.aem4f : rom_sysbios.obj (.text:pthread_create)
ti_sysbios_knl_Semaphore_construct  $Tramp$TT$L$PI$$ti_sysbios_knl_Semaphore_construct
   1002ddc1     000051a8     00001cb0   rom_sysbios.aem4f : rom_sysbios.obj (.text:pthread_create)
                             000046a2   dpl_cc13x2.aem4f : SemaphoreP_tirtos.oem4f (.text:SemaphoreP_constructBinary)
                             00004924   rom_sysbios.aem4f : rom_sysbios.obj (.text:sem_init)
ti_sysbios_knl_Semaphore_Params__init__S  $Tramp$TT$L$PI$$ti_sysbios_knl_Semaphore_Params__init__S
   1002ebe5     000051b0     00001c9e   rom_sysbios.aem4f : rom_sysbios.obj (.text:pthread_create)
                             00004692   dpl_cc13x2.aem4f : SemaphoreP_tirtos.oem4f (.text:SemaphoreP_constructBinary)
                             000046bc                    : SemaphoreP_tirtos.oem4f (.text:SemaphoreP_createBinary)
ti_sysbios_knl_Queue_construct  $Tramp$TT$L$PI$$ti_sysbios_knl_Queue_construct
   1002dee5     000051b8     00001c92   rom_sysbios.aem4f : rom_sysbios.obj (.text:pthread_create)
xdc_runtime_Memory_alloc__E  $Tramp$TT$L$PI$$xdc_runtime_Memory_alloc__E
   1002f289     000051c0     00001c3a   rom_sysbios.aem4f : rom_sysbios.obj (.text:pthread_create)
ti_sysbios_knl_Task_Params__init__S  $Tramp$TT$L$PI$$ti_sysbios_knl_Task_Params__init__S
   1002ec09     000051c8     00001c26   rom_sysbios.aem4f : rom_sysbios.obj (.text:pthread_create)
ti_sysbios_family_arm_m3_Hwi_restoreFxn__E  $Tramp$TT$L$PI$$ti_sysbios_family_arm_m3_Hwi_restoreFxn__E
   1002ec47     000051d0     000010fe   drivers_cc13x2.aem4f : UARTCC26XX.oem4f (.text:UARTCC26XX_open)
                             0000110a                        : UARTCC26XX.oem4f (.text:UARTCC26XX_open)
                             00001194                        : UARTCC26XX.oem4f (.text:UARTCC26XX_open)
                             000013e0                        : UARTCC26XX.oem4f (.text:UARTCC26XX_read)
                             0000143c                        : UARTCC26XX.oem4f (.text:UARTCC26XX_read)
                             00001464                        : UARTCC26XX.oem4f (.text:UARTCC26XX_read)
                             00001476                        : UARTCC26XX.oem4f (.text:UARTCC26XX_read)
                             000014c0                        : UARTCC26XX.oem4f (.text:UARTCC26XX_read)
                             000014d0                        : UARTCC26XX.oem4f (.text:UARTCC26XX_read)
                             00001630                        : I2CCC26XX.oem4f (.text:I2CCC26XX_transfer)
                             00001644                        : I2CCC26XX.oem4f (.text:I2CCC26XX_transfer)
                             0000177a                        : GPIOCC26XX.oem4f (.text:GPIO_setConfig)
                             000017aa                        : GPIOCC26XX.oem4f (.text:GPIO_setConfig)
                             00001bd2                        : PINCC26XX.oem4f (.text:PINCC26XX_setIoCfg)
                             00001d0c                        : I2CCC26XX.oem4f (.text:I2CCC26XX_open)
                             00001d1c                        : I2CCC26XX.oem4f (.text:I2CCC26XX_open)
                             00001d3a                        : I2CCC26XX.oem4f (.text:I2CCC26XX_open)
                             00001dfc                        : UARTCC26XX.oem4f (.text:UARTCC26XX_write)
                             00001e1e                        : UARTCC26XX.oem4f (.text:UARTCC26XX_write)
                             00001e74                        : UARTCC26XX.oem4f (.text:UARTCC26XX_write)
                             00001f64                        : PowerCC26X2.oem4f (.text:Power_releaseDependency)
                             00001f9a                        : GPIOCC26XX.oem4f (.text:GPIO_init)
                             00001fa0                        : GPIOCC26XX.oem4f (.text:GPIO_init)
                             000021b0                        : PowerCC26X2.oem4f (.text:Power_setDependency)
                             000027d8                        : UARTCC26XX.oem4f (.text:writeTxFifoFlush)
                             00002916                        : UARTCC26XX.oem4f (.text:UARTCC26XX_writeCancel)
                             0000292c                        : UARTCC26XX.oem4f (.text:UARTCC26XX_writeCancel)
                             00002960                        : UARTCC26XX.oem4f (.text:UARTCC26XX_writeCancel)
                             00002a04                        : I2CCC26XX.oem4f (.text:I2CCC26XX_cancel)
                             000035be                        : UARTCC26XX.oem4f (.text:UARTCC26XX_control)
                             00003692                        : GPIOCC26XX.oem4f (.text:GPIO_write)
                             00003892                        : PowerCC26X2_calibrateRCOSC.oem4f (.text:PowerCC26X2_initiateCalibration)
                             00003aaa                        : GPIOCC26XX.oem4f (.text:GPIO_enableInt)
                             00003b32                        : UARTCC26XX.oem4f (.text:UARTCC26XX_readCancel)
                             00003b46                        : UARTCC26XX.oem4f (.text:UARTCC26XX_readCancel)
                             00003c10                        : PowerCC26X2.oem4f (.text:switchXOSCHF)
                             00003d4a                        : PINCC26XX.oem4f (.text:PIN_setOutputEnable)
                             00003e4a                        : RingBuf.oem4f (.text:RingBuf_put)
                             00003e74                        : RingBuf.oem4f (.text:RingBuf_put)
                             00003eae                        : I2C.oem4f (.text:I2C_init)
                             00003f7a                        : UART.oem4f (.text:UART_init)
                             0000403e                        : RingBuf.oem4f (.text:RingBuf_get)
                             00004046                        : RingBuf.oem4f (.text:RingBuf_get)
                             00004584                        : PowerCC26X2.oem4f (.text:Power_releaseConstraint)
                             000045b4                        : PowerCC26X2.oem4f (.text:Power_setConstraint)
                             00004848                        : List.oem4f (.text:List_put)
[...]
1002eb3d  xdc_runtime_Timestamp_getFreq__E                                   
1002eb3d  xdc_runtime_Timestamp_getFreq__E                                   
1002eb49  ti_sysbios_family_arm_m3_Hwi_Params__init__S                       
1002eb49  ti_sysbios_hal_Hwi_HwiProxy_Params__init__S                        
1002eb55  ti_sysbios_family_arm_m3_Hwi_disableFxn__E                         
1002eb61  ti_sysbios_family_arm_m3_Hwi_enableFxn__E                          
1002eb6d  ti_sysbios_gates_GateHwi_enter__E                                  
1002eb79  ti_sysbios_BIOS_RtsGateProxy_Params__init__S                       
1002eb79  ti_sysbios_gates_GateMutex_Params__init__S                         
1002eb79  ti_sysbios_heaps_HeapMem_Module_GateProxy_Params__init__S          
1002eb85  ti_sysbios_heaps_HeapTrack_Params__init__S                         
1002eb91  ti_sysbios_heaps_HeapTrack_isBlocking__E                           
1002eb9d  ti_sysbios_knl_Clock_Params__init__S                               
1002eba9  ti_sysbios_knl_Clock_getTimerHandle__E                             
1002ebb5  ti_sysbios_knl_Event_Params__init__S                               
1002ebc1  ti_sysbios_knl_Mailbox_Params__init__S                             
1002ebcd  ti_sysbios_knl_Queue_dequeue__E                                    
1002ebd9  ti_sysbios_knl_Queue_enqueue__E                                    
1002ebe5  ti_sysbios_knl_Semaphore_Params__init__S                           
1002ebf1  ti_sysbios_knl_Swi_Params__init__S                                 
1002ebfd  ti_sysbios_knl_Swi_self__E                                         
1002ec09  ti_sysbios_knl_Task_Params__init__S                                
1002ec15  ti_sysbios_hal_Hwi_Instance_finalize__E                            
1002ec1f  ti_sysbios_knl_Event_Instance_init__E                              
1002ec29  ti_sysbios_family_arm_m3_Hwi_doSwiRestore__I                       
1002ec31  ti_sysbios_family_arm_m3_Hwi_startup__E                            
1002ec31  ti_sysbios_hal_Hwi_HwiProxy_startup__E                             
1002ec31  ti_sysbios_hal_Hwi_HwiProxy_startup__E                             
1002ec31  ti_sysbios_hal_Hwi_startup__E                                      
1002ec31  ti_sysbios_hal_Hwi_startup__E                                      
1002ec39  ti_sysbios_knl_Idle_loop__E                                        
1002ec41  ti_sysbios_family_arm_m3_Hwi_doTaskRestore__I                      
1002ec47  HwiP_restore                                                       
1002ec47  ti_sysbios_family_arm_m3_Hwi_restoreFxn__E                         
1002ec4d  ti_sysbios_gates_GateHwi_leave__E                                  
1002ec53  ti_sysbios_gates_GateMutex_Instance_finalize__E                    
1002ec59  ti_sysbios_heaps_HeapMem_isBlocking__E                             
1002ec5f  ti_sysbios_knl_Queue_Instance_init__E                              
1002ec65  ti_sysbios_knl_Queue_elemClear__E                                  
1002ec6b  ti_sysbios_knl_Swi_startup__E                                      
1002ec71  ti_sysbios_knl_Task_enable__E                                      
1002ec77  ti_sysbios_BIOS_RtsGateProxy_enter__E                              
1002ec7b  ti_sysbios_BIOS_RtsGateProxy_leave__E                              
1002ec7f  ti_sysbios_family_arm_cc26xx_Timer_getExpiredTicks__E              
1002ec83  ti_sysbios_family_arm_cc26xx_Timer_getPeriod__E                    
1002ec87  ti_sysbios_family_arm_cc26xx_Timer_setPeriod__E                    
1002ec8b  ti_sysbios_family_arm_m3_Hwi_delete                                
1002ec8f  ti_sysbios_family_arm_m3_TaskSupport_Module__startupDone__S        
1002ec8f  ti_sysbios_knl_Task_SupportProxy_Module__startupDone__S            
1002ec93  ti_sysbios_gates_GateHwi_query__E                                  
1002ec93  xdc_runtime_Main_Module_GateProxy_query__E                         
1002ec93  xdc_runtime_System_Module_GateProxy_query__E                       
1002ec93  xdc_runtime_System_Module_GateProxy_query__E                       
1002ec97  ti_sysbios_gates_GateMutex_delete                                  
1002ec9b  ti_sysbios_BIOS_RtsGateProxy_query__E                              
1002ec9b  ti_sysbios_BIOS_RtsGateProxy_query__E                              
1002ec9b  ti_sysbios_gates_GateMutex_query__E                                
1002ec9b  ti_sysbios_heaps_HeapMem_Module_GateProxy_query__E                 
1002ec9b  ti_sysbios_heaps_HeapMem_Module_GateProxy_query__E                 
1002ec9f  ti_sysbios_hal_Hwi_HwiProxy_create                                 
1002eca3  ti_sysbios_hal_Hwi_HwiProxy_delete                                 
1002eca7  ti_sysbios_hal_Hwi_delete                                          
1002ecab  ti_sysbios_heaps_HeapMem_Module_GateProxy_enter__E                 
1002ecaf  ti_sysbios_heaps_HeapMem_Module_GateProxy_leave__E                 
1002ecb3  ti_sysbios_knl_Clock_TimerProxy_getExpiredTicks__E                 
1002ecb7  ti_sysbios_knl_Clock_TimerProxy_getPeriod__E                       
1002ecbb  ti_sysbios_knl_Clock_delete                                        
1002ecbf  ti_sysbios_knl_Clock_removeI__E                                    
1002ecc3  ti_sysbios_knl_Clock_setTimeout__E                                 
1002ecc7  ti_sysbios_knl_Event_delete                                        
1002eccb  ti_sysbios_knl_Mailbox_delete                                      
1002eccf  ti_sysbios_knl_Queue_delete                                        
1002ecd3  ti_sysbios_knl_Queue_head__E                                       
1002ecd7  ti_sysbios_knl_Queue_next__E                                       
1002ecdb  ti_sysbios_knl_Semaphore_delete                                    
1002ecdf  ti_sysbios_knl_Swi_delete                                          
1002ece3  ti_sysbios_knl_Swi_postInit__I                                     
1002ece7  ti_sysbios_knl_Task_delete                                         
1002eceb  ti_sysbios_knl_Task_startup__E                                     
1002ecf1  xdc_runtime_System_doPrint__I                                      
1002f055  xdc_runtime_Startup_startMods__I                                   
1002f15d  xdc_runtime_Text_putSite__E                                        
1002f1f7  xdc_runtime_Error_policySpin__E                                    
1002f1f9  xdc_runtime_Text_putMod__E                                         
1002f289  xdc_runtime_Memory_alloc__E                                        
1002f2f9  xdc_runtime_Core_createObject__I                                   
1002f367  xdc_runtime_Core_deleteObject__I                                   
1002f3c5  xdc_runtime_Text_putLab__E                                         
1002f421  xdc_runtime_Assert_raise__I                                        
1002f475  xdc_runtime_Startup_exec__E                                        
1002f4c9  xdc_runtime_Core_assignParams__I                                   
1002f511  xdc_runtime_Core_constructObject__I                                
1002f559  xdc_runtime_System_atexit__E                                       
1002f5a1  xdc_runtime_Text_xprintf__I                                        
1002f5e5  xdc_runtime_System_processAtExit__E                                
1002f625  xdc_runtime_System_putchar__I                                      
1002f659  xdc_runtime_Core_assignLabel__I                                    
1002f689  xdc_runtime_Text_printVisFxn__I                                    
1002f6b9  xdc_runtime_System_vprintf__E                                      
1002f6e5  xdc_runtime_Text_cordText__E                                       
1002f711  xdc_runtime_System_abort__E                                        
1002f739  xdc_runtime_Error_raiseX__E                                        
1002f759  xdc_runtime_Registry_findById__E                                   
1002f779  xdc_runtime_Error_check__E                                         
1002f795  xdc_runtime_Memory_valloc__E                                       
1002f7b1  xdc_runtime_System_exit__E                                         
1002f7cd  xdc_runtime_Text_ropeText__E                                       
1002f7e9  xdc_runtime_System_printf__E                                       
1002f803  xdc_runtime_Core_destructObject__I                                 
1002f81b  xdc_runtime_System_abortSpin__E                                    
1002f81d  xdc_runtime_Memory_free__E                                         
1002f831  xdc_runtime_Memory_getStats__E                                     
1002f845  xdc_runtime_SysCallback_abort__E                                   
1002f845  xdc_runtime_System_SupportProxy_abort__E                           
1002f859  xdc_runtime_SysCallback_exit__E                                    
1002f859  xdc_runtime_System_SupportProxy_exit__E                            
1002f86d  xdc_runtime_SysCallback_flush__E                                   
1002f86d  xdc_runtime_System_SupportProxy_flush__E                           
1002f86d  xdc_runtime_System_flush__E                                        
1002f881  xdc_runtime_SysCallback_putch__E                                   
1002f881  xdc_runtime_System_SupportProxy_putch__E                           
1002f895  xdc_runtime_SysCallback_ready__E                                   
1002f895  xdc_runtime_System_SupportProxy_ready__E                           
1002f8a9  xdc_runtime_Memory_getMaxDefaultTypeAlign__E                       
1002f8b9  xdc_runtime_System_vsnprintf__E                                    
1002f8c9  xdc_runtime_Timestamp_SupportProxy_get32__E                        
1002f8c9  xdc_runtime_Timestamp_SupportProxy_get32__E                        
1002f8c9  xdc_runtime_Timestamp_get32__E                                     
1002f8c9  xdc_runtime_Timestamp_get32__E                                     
1002f8d9  xdc_runtime_Memory_calloc__E                                       
1002f8e5  xdc_runtime_Startup_rtsDone__E                                     
1002f8f1  xdc_runtime_Memory_HeapProxy_alloc__E                              
1002f8fb  xdc_runtime_Memory_HeapProxy_free__E                               
1002f905  xdc_runtime_Memory_HeapProxy_getStats__E                           
1002f90f  xdc_runtime_Gate_leaveSystem__E                                    
1002f915  xdc_runtime_System_Module_startup__E                               
1002f91b  xdc_runtime_Gate_enterSystem__E                                    
1002f91f  xdc_runtime_SysCallback_Module__startupDone__S                     
1002f91f  xdc_runtime_System_SupportProxy_Module__startupDone__S             
1002f923  xdc_runtime_System_Module_GateProxy_enter__E                       
1002f927  xdc_runtime_System_Module_GateProxy_leave__E                       
1002f92b  xdc_runtime_System_printf_va__F                                    
1002f92f  xdc_runtime_System_exitSpin__E                                     
1002f931  ti_sysbios_family_arm_m3_Hwi_dispatch__I                           
1002fa11  ti_sysbios_family_arm_m3_Hwi_interruptsAreDisabledButShouldNotBe   
1002fa2d  ti_sysbios_family_arm_m3_TaskSupport_buildTaskStack                
1002fab9  ti_sysbios_family_arm_m3_Hwi_initStacks__E                         
1002fb11  ti_sysbios_family_arm_m3_Hwi_pendSV__I                             
1002fb35  ti_sysbios_family_arm_m3_Hwi_return                                
1002fb39  ti_sysbios_family_arm_m3_Hwi_excHandlerAsm__I                      
1002fb59  ti_sysbios_family_xxx_Hwi_switchAndRunFunc                         
1002fb77  ti_sysbios_family_arm_m3_TaskSupport_swap__E                       
1002fb77  ti_sysbios_knl_Task_SupportProxy_swap__E                           
1002fb77  ti_sysbios_knl_Task_SupportProxy_swap__E                           
1002fb83  ti_sysbios_knl_Task_swapReturn                                     
1002fb8f  ti_sysbios_family_arm_m3_TaskSupport_glue                          
1002fba0  ti_sysbios_knl_Task_Object__PARAMS__C                              
1002fbdc  ti_sysbios_knl_Mailbox_Object__PARAMS__C                           
1002fc10  ti_sysbios_family_arm_m3_Hwi_Object__PARAMS__C                     
1002fc40  ti_sysbios_hal_Hwi_Object__PARAMS__C                               
1002fc6c  ti_sysbios_knl_Swi_Object__PARAMS__C                               
1002fc94  ti_sysbios_heaps_HeapMem_Object__PARAMS__C                         
1002fcb8  ti_sysbios_knl_Clock_Object__PARAMS__C                             
1002fcdc  ti_sysbios_knl_Semaphore_Object__PARAMS__C                         
1002fd00  ti_sysbios_gates_GateHwi_Object__PARAMS__C                         
1002fd18  ti_sysbios_gates_GateMutex_Object__PARAMS__C                       
1002fd30  ti_sysbios_knl_Event_Object__PARAMS__C                             
1002fd48  ti_sysbios_knl_Queue_Object__PARAMS__C                             
1002fd80  ti_sysbios_heaps_HeapTrack_Object__PARAMS__C                       
1002fd9c  ti_sysbios_heaps_HeapTrack_Instance_State_trackQueue__O            
1002fda0  ti_sysbios_heaps_HeapTrack_Module__diagsEnabled__C                 
1002fda4  ti_sysbios_heaps_HeapTrack_Module__diagsIncluded__C                
1002fda8  ti_sysbios_heaps_HeapTrack_Module__diagsMask__C                    
1002fddb  strlen                                                             
20000000  __start___llvm_prf_cnts                                            
20000000  __stop___llvm_prf_cnts                                             
20000000  ti_sysbios_family_arm_m3_Hwi_ramVectors                            
20000100  xdcRomConstPtr                                                     
20000104  xdcRomExternFuncPtr                                                
20000108  xdcRomStatePtr                                                     
20000110  __primary_heap_start__                                             
20001110  __primary_heap_end__                                               
20001510  ti_sysbios_knl_Task_Instance_State_0_stack__A                      
20001710  uartCC26XXObjects                                                  
2000183c  i2cCC26xxObjects                                                   
2000191c  ti_sysbios_family_arm_m3_Hwi_dispatchTable                         
200019f4  pinHandleTable                                                     
20001b58  opt3001Sem                                                         
20001b74  opt3001Params                                                      
20001b90  OPT3001_object                                                     
20001b9c  displayUartObject                                                  
20001bb8  ClockP_tickPeriod                                                  
20001bbc  PowerCC26XX_swiKey                                                 
20001bc0  PowerCC26XX_taskKey                                                
20001bc4  lux                                                                
20001bc8  sampleTime                                                         
20001bca  driverlib_release_0_55938                                          
20001bd0  PowerCC26X2_module                                                 
20001ce0  ROM_stateStruct                                                    
20001ce0  ti_sysbios_knl_Clock_Module__state__V                              
20001d0c  ti_sysbios_family_arm_cc26xx_TimestampProvider_Module__state__V    
20001d10  xdc_runtime_Startup_Module__state__V                               
20001d18  xdc_runtime_Registry_Module__state__V                              
20001d20  ti_sysbios_BIOS_Module__state__V                                   
20001d44  ti_sysbios_knl_Swi_Module__state__V                                
20001d60  ti_sysbios_knl_Task_Module__state__V                               
20001da4  xdc_runtime_Memory_Module__state__V                                
20001da8  xdc_runtime_System_Module__state__V                                
20001db0  ti_sysbios_family_arm_m3_Hwi_Module__state__V                      
20001de4  ti_sysbios_family_arm_cc26xx_Timer_Module__state__V                
20001e74  ti_sysbios_gates_GateMutex_Object__table__V                        
20001ec8  ti_sysbios_knl_Task_Object__table__V                               
20001f18  ti_sysbios_family_arm_cc26xx_Timer_Object__table__V                
20001f60  ti_sysbios_knl_Swi_Module_State_0_readyQ__A                        
20001f90  ti_sysbios_knl_Swi_Object__table__V                                
20001fc0  ti_sysbios_knl_Task_Module_State_0_readyQ__A                       
20001ff0  ti_sysbios_knl_Clock_Object__table__V                              
20002010  xdc_runtime_Error_IgnoreBlock                                      
20002030  ti_sysbios_family_arm_m3_Hwi_Object__table__V                      
20002048  ti_sysbios_heaps_HeapMem_Object__table__V                          
20002060  gpioCallbackFunctions                                              
2000206c  gpioPinConfigs                                                     
20002078  _lock                                                              
2000207c  _unlock                                                            
20002080  pinUpperBound                                                      
20002084  pinLowerBound                                                      
20002088  ti_sysbios_family_arm_m3_Hwi_Module__root__V                       
20002090  ti_sysbios_gates_GateHwi_Module__root__V                           
20002098  ti_sysbios_gates_GateMutex_Module__root__V                         
200020a0  ti_sysbios_hal_Hwi_Module__root__V                                 
200020a8  ti_sysbios_heaps_HeapMem_Module__root__V                           
200020b0  ti_sysbios_knl_Clock_Module__root__V                               
200020b8  ti_sysbios_knl_Event_Module__root__V                               
200020c0  ti_sysbios_knl_Mailbox_Module__root__V                             
200020c8  ti_sysbios_knl_Queue_Module__root__V                               
200020d0  ti_sysbios_knl_Semaphore_Module__root__V                           
200020d8  ti_sysbios_knl_Swi_Module__root__V                                 
200020e0  ti_sysbios_knl_Task_Module__root__V                                
200020e8  xdc_runtime_System_Module_State_0_atexitHandlers__A                
200020f6  ti_sysbios_family_arm_m3_Hwi_Module_State_0_excActive__A           
200020f8  opt3001Handle                                                      
200020fc  main_func_sp                                                       
20002100  ti_sysbios_family_arm_m3_Hwi_Module_State_0_excContext__A          
20002104  ti_sysbios_family_arm_m3_Hwi_Module_State_0_excStack__A            
20002108  ti_sysbios_knl_Task_Module_State_0_idleTask__A                     
20013c00  __stack                                                            
20014000  __STACK_END                                                        
e000e000  ti_sysbios_family_arm_m3_Hwi_nvic                                  
ffffffff  __TI_pprof_out_hndl                                                
ffffffff  __TI_prof_data_size                                                
ffffffff  __TI_prof_data_start                                               
ffffffff  __binit__                                                          
ffffffff  __c_args__                                                         
ffffffff  binit                                                              
UNDEFED   SHT$$INIT_ARRAY$$Base                                              
UNDEFED   SHT$$INIT_ARRAY$$Limit                                             

[902 symbols]
