******************************************************************************
                  TI ARM Linker Unix v20.2.4                   
******************************************************************************
>> Linked Sun Jun 20 16:52:44 2021

OUTPUT FILE NAME:   <i2cbme280_CC1352R1_LAUNCHXL_tirtos_ccs.out>
ENTRY POINT SYMBOL: "ResetISR"  address: 00004039


MEMORY CONFIGURATION

         name            origin    length      used     unused   attr    fill
----------------------  --------  ---------  --------  --------  ----  --------
  FLASH                 00000000   00058000  000061ab  00051e55  R  X
  GPRAM                 11000000   00002000  00000000  00002000  RW X
  SRAM                  20000000   00014000  000024a9  00011b57  RW X


SEGMENT ALLOCATION MAP

run origin  load origin   length   init length attrs members
----------  ----------- ---------- ----------- ----- -------
00000000    00000000    00006158   00006158    r-x
  00000000    00000000    0000003c   0000003c    r-- .resetVecs
  0000003c    0000003c    000058b0   000058b0    r-x .text
  000058ec    000058ec    00000697   00000697    r-- .const
  00005f88    00005f88    000001d0   000001d0    r-- .cinit
00057fa8    00057fa8    00000058   00000058    r--
  00057fa8    00057fa8    00000058   00000058    r-- .ccfg
20000100    20000100    0000000c   00000000    rw-
  20000100    20000100    00000004   00000000    rw- .data:xdcRomConstPtr
  20000104    20000104    00000004   00000000    rw- .data:xdcRomExternFuncPtr
  20000108    20000108    00000004   00000000    rw- .data:xdcRomStatePtr
20000110    20000110    00001000   00000000    r--
  20000110    20000110    00001000   00000000    r-- .priheap
20001110    20001110    00000fc8   00000000    rw-
  20001110    20001110    00000a9d   00000000    rw- .bss
  20001bb0    20001bb0    00000528   00000000    rw- .data
20013c00    20013c00    00000400   00000000    rw-
  20013c00    20013c00    00000400   00000000    rw- .stack


SECTION ALLOCATION MAP

 output                                  attributes/
section   page    origin      length       input sections
--------  ----  ----------  ----------   ----------------
.binit     0    00000000    00000000     

.cinit     0    00005f88    000001d0     
                  00005f88    00000177     (.cinit..data.load) [load image, compression = lzss]
                  000060ff    00000001     --HOLE-- [fill = 0]
                  00006100    0000000c     (__TI_handler_table)
                  0000610c    00000004     --HOLE-- [fill = 0]
                  00006110    00000008     (.cinit..bss.load) [load image, compression = zero_init]
                  00006118    00000008     (.cinit..data:xdcRomConstPtr.load) [load image, compression = lzss]
                  00006120    00000008     (.cinit..data:xdcRomExternFuncPtr.load) [load image, compression = lzss]
                  00006128    00000008     (.cinit..data:xdcRomStatePtr.load) [load image, compression = lzss]
                  00006130    00000028     (__TI_cinit_table)

.init_array 
*          0    00000000    00000000     UNINITIALIZED

.ccfg      0    00057fa8    00000058     
                  00057fa8    00000058     ti_devices_config.obj (.ccfg:retain)

.bss       0    20001110    00000a9d     UNINITIALIZED
                  20001110    00000400     ti_drivers_config.obj (.bss:displayUARTBuffer)
                  20001510    00000200     release_pem4f.oem4f (.bss:taskStackSection)
                  20001710    0000012c     (.common:uartCC26XXObjects)
                  2000183c    000000e0     (.common:i2cCC26xxObjects)
                  2000191c    000000d8     (.common:ti_sysbios_family_arm_m3_Hwi_dispatchTable)
                  200019f4    0000007c     (.common:pinHandleTable)
                  20001a70    0000003c     (.common:bme280)
                  20001aac    00000034     drivers_cc13x2.aem4f : PINCC26XX.oem4f (.bss:pinSwi)
                  20001ae0    00000020                          : PINCC26XX.oem4f (.bss:pinGpioConfigTable)
                  20001b00    00000020     ti_drivers_config.obj (.bss:uartCC26XXRingBuffer0)
                  20001b20    0000001c     driverlib.lib : osc.obj (.bss:$O1$$)
                  20001b3c    0000001c     drivers_cc13x2.aem4f : PINCC26XX.oem4f (.bss:pinHwi)
                  20001b58    0000001c                          : PINCC26XX.oem4f (.bss:pinSemaphore)
                  20001b74    00000010     (.common:i2cParams)
                  20001b84    0000000c     (.common:displayUartObject)
                  20001b90    00000004                          : PINCC26XX.oem4f (.bss)
                  20001b94    00000004     i2cbme280.obj (.bss)
                  20001b98    00000004     sail.lib : bme280.obj (.bss)
                  20001b9c    00000004     (.common:ClockP_tickPeriod)
                  20001ba0    00000004     (.common:PowerCC26XX_swiKey)
                  20001ba4    00000004     (.common:PowerCC26XX_taskKey)
                  20001ba8    00000004     (.common:i2c)
                  20001bac    00000001     (.common:driverlib_release_0_55938)

.data      0    20001bb0    00000528     UNINITIALIZED
                  20001bb0    00000110     drivers_cc13x2.aem4f : PowerCC26X2.oem4f (.data:PowerCC26X2_module)
                  20001cc0    0000010c     release_pem4f.oem4f (.data:ROM_stateStruct)
                  20001dcc    00000088     rom_sysbios.aem4f : rom_sysbios.obj (.data:$O1$$)
                  20001e54    00000054     release_pem4f.oem4f (.data:ti_sysbios_gates_GateMutex_Object__table__V)
                  20001ea8    0000004c     release_pem4f.oem4f (.data:ti_sysbios_knl_Task_Object__table__V)
                  20001ef4    00000004     bme280_support.obj (.data)
                  20001ef8    00000048     release_pem4f.oem4f (.data:ti_sysbios_family_arm_cc26xx_Timer_Object__table__V)
                  20001f40    00000030     release_pem4f.oem4f (.data:ti_sysbios_knl_Swi_Module_State_0_readyQ__A)
                  20001f70    00000030     release_pem4f.oem4f (.data:ti_sysbios_knl_Swi_Object__table__V)
                  20001fa0    00000030     release_pem4f.oem4f (.data:ti_sysbios_knl_Task_Module_State_0_readyQ__A)
                  20001fd0    00000020     release_pem4f.oem4f (.data:ti_sysbios_knl_Clock_Object__table__V)
                  20001ff0    00000020     release_pem4f.oem4f (.data:xdc_runtime_Error_IgnoreBlock)
                  20002010    00000018     release_pem4f.oem4f (.data:ti_sysbios_family_arm_m3_Hwi_Object__table__V)
                  20002028    00000018     release_pem4f.oem4f (.data:ti_sysbios_heaps_HeapMem_Object__table__V)
                  20002040    0000000c     i2cbme280.obj (.data)
                  2000204c    00000008     rtsv7M4_T_le_v4SPD16_eabi.lib : _lock.c.obj (.data:$O1$$)
                  20002054    00000008     drivers_cc13x2.aem4f : PINCC26XX.oem4f (.data)
                  2000205c    00000008     release_pem4f.oem4f (.data:ti_sysbios_family_arm_m3_Hwi_Module__root__V)
                  20002064    00000008     release_pem4f.oem4f (.data:ti_sysbios_gates_GateHwi_Module__root__V)
                  2000206c    00000008     release_pem4f.oem4f (.data:ti_sysbios_gates_GateMutex_Module__root__V)
                  20002074    00000008     release_pem4f.oem4f (.data:ti_sysbios_hal_Hwi_Module__root__V)
                  2000207c    00000008     release_pem4f.oem4f (.data:ti_sysbios_heaps_HeapMem_Module__root__V)
                  20002084    00000008     release_pem4f.oem4f (.data:ti_sysbios_knl_Clock_Module__root__V)
                  2000208c    00000008     release_pem4f.oem4f (.data:ti_sysbios_knl_Event_Module__root__V)
                  20002094    00000008     release_pem4f.oem4f (.data:ti_sysbios_knl_Mailbox_Module__root__V)
                  2000209c    00000008     release_pem4f.oem4f (.data:ti_sysbios_knl_Queue_Module__root__V)
                  200020a4    00000008     release_pem4f.oem4f (.data:ti_sysbios_knl_Semaphore_Module__root__V)
                  200020ac    00000008     release_pem4f.oem4f (.data:ti_sysbios_knl_Swi_Module__root__V)
                  200020b4    00000008     release_pem4f.oem4f (.data:ti_sysbios_knl_Task_Module__root__V)
                  200020bc    00000008     release_pem4f.oem4f (.data:xdc_runtime_System_Module_State_0_atexitHandlers__A)
                  200020c4    00000004     rtsv7M4_T_le_v4SPD16_eabi.lib : stkdepth_vars.c.obj (.data)
                  200020c8    00000004     release_pem4f.oem4f (.data:ti_sysbios_family_arm_m3_Hwi_Module_State_0_excContext__A)
                  200020cc    00000004     release_pem4f.oem4f (.data:ti_sysbios_family_arm_m3_Hwi_Module_State_0_excStack__A)
                  200020d0    00000004     release_pem4f.oem4f (.data:ti_sysbios_knl_Task_Module_State_0_idleTask__A)
                  200020d4    00000002     release_pem4f.oem4f (.data:ti_sysbios_family_arm_m3_Hwi_Module_State_0_excActive__A)
                  200020d6    00000001     drivers_cc13x2.aem4f : I2C.oem4f (.data)
                  200020d7    00000001                          : UART.oem4f (.data)

.stack     0    20013c00    00000400     UNINITIALIZED
                  20013c00    00000400     --HOLE--

.priheap   0    20000110    00001000     UNINITIALIZED
                  20000110    00001000     --HOLE--

.data:xdcRomConstPtr 
*          0    20000100    00000004     UNINITIALIZED
                  20000100    00000004     release_pem4f.oem4f (.data:xdcRomConstPtr)

.data:xdcRomExternFuncPtr 
*          0    20000104    00000004     UNINITIALIZED
                  20000104    00000004     release_pem4f.oem4f (.data:xdcRomExternFuncPtr)

.data:xdcRomStatePtr 
*          0    20000108    00000004     UNINITIALIZED
                  20000108    00000004     release_pem4f.oem4f (.data:xdcRomStatePtr)

.bootVecs 
*          0    00000000    00000008     DSECT
                  00000000    00000008     boot.aem4f : boot.oem4f (.bootVecs)

.resetVecs 
*          0    00000000    0000003c     
                  00000000    0000003c     release_pem4f.oem4f (.resetVecs)

.vecs      0    20000000    000000d8     NOLOAD SECTION
                  20000000    000000d8     release_pem4f.oem4f (.vecs)

xdc.meta   0    00000000    0000010c     COPY SECTION
                  00000000    0000010c     release_pem4f.oem4f (xdc.meta)

xdc.noload 
*          0    00000000    00000000     COPY SECTION

__llvm_prf_cnts 
*          0    20000000    00000000     UNINITIALIZED

.text      0    0000003c    000058b0     
                  0000003c    000001e0     i2cbme280.obj (.text:mainThread)
                  0000021c    000001c4     drivers_cc13x2.aem4f : PINCC26XX.oem4f (.text:PIN_init)
                  000003e0    000001b6     rtsv7M4_T_le_v4SPD16_eabi.lib : fd_add_t2.asm.obj (.text)
                  00000596    00000002     ti_drivers_config.obj (.text:Board_initHook)
                  00000598    000001a8     drivers_cc13x2.aem4f : PowerCC26X2.oem4f (.text:Power_sleep)
                  00000740    000001a0     sail.lib : bme280.obj (.text:bme280_get_calib_param)
                  000008e0    00000198              : bme280.obj (.text:bme280_set_oversamp_humidity)
                  00000a78    00000190     drivers_cc13x2.aem4f : PowerCC26X2_calibrateRCOSC.oem4f (.text:calibrateRcoscHf1)
                  00000c08    0000018c                          : PowerCC26X2.oem4f (.text:Power_init)
                  00000d94    0000018c                          : PowerCC26X2_calibrateRCOSC.oem4f (.text:runCalibrateFsm)
                  00000f20    00000188     release_pem4f.oem4f (.text:xdc_runtime_System_printfExtend__I)
                  000010a8    00000170     sail.lib : bme280.obj (.text:bme280_set_power_mode)
                  00001218    0000016c              : bme280.obj (.text:bme280_set_oversamp_temperature)
                  00001384    00000164     drivers_cc13x2.aem4f : UARTCC26XX.oem4f (.text:UARTCC26XX_open)
                  000014e8    00000164     sail.lib : bme280.obj (.text:bme280_set_standby_durn)
                  0000164c    00000158              : bme280.obj (.text:bme280_set_oversamp_pressure)
                  000017a4    00000154     drivers_cc13x2.aem4f : UARTCC26XX.oem4f (.text:UARTCC26XX_hwiIntFxn)
                  000018f8    0000013a                          : UARTCC26XX.oem4f (.text:UARTCC26XX_read)
                  00001a32    00000002     display.aem4f : DisplayUart.oem4f (.text:DisplayUartMin_clear)
                  00001a34    00000130     sail.lib : bme280.obj (.text:bme280_compensate_pressure_int32)
                  00001b64    00000118     drivers_cc13x2.aem4f : I2CCC26XX.oem4f (.text:I2CCC26XX_hwiFxn)
                  00001c7c    00000114                          : I2CCC26XX.oem4f (.text:I2CCC26XX_transfer)
                  00001d90    00000110     bme280_support.obj (.text:bme280_data_readout_template)
                  00001ea0    00000100     drivers_cc13x2.aem4f : PowerCC26X2.oem4f (.text:configureXOSCHF)
                  00001fa0    000000fc     driverlib.lib : sys_ctrl.obj (.text:NOROM_SysCtrlStandby)
                  0000209c    000000fc     rtsv7M4_T_le_v4SPD16_eabi.lib : fd_mul_t2.asm.obj (.text)
                  00002198    000000f8     drivers_cc13x2.aem4f : PINCC26XX.oem4f (.text:PINCC26XX_setIoCfg)
                  00002290    000000ec     rom_sysbios.aem4f : rom_sysbios.obj (.text:pthread_create)
                  0000237c    000000e4     drivers_cc13x2.aem4f : I2CCC26XX.oem4f (.text:I2CCC26XX_open)
                  00002460    000000e0                          : UARTCC26XX.oem4f (.text:UARTCC26XX_write)
                  00002540    000000c8                          : PowerCC26X2.oem4f (.text:Power_releaseDependency)
                  00002608    000000c4                          : PowerCC26X2.oem4f (.text:Power_setDependency)
                  000026cc    000000c0                          : UARTCC26XX.oem4f (.text:UARTCC26XX_initIO)
                  0000278c    000000bc     sail.lib : bme280.obj (.text:bme280_compensate_humidity_int32)
                  00002848    000000b8     drivers_cc13x2.aem4f : UARTCC26XX.oem4f (.text:UARTCC26XX_initHw)
                  00002900    000000b4     dpl_cc13x2.aem4f : PowerCC26X2_tirtos.oem4f (.text:PowerCC26XX_standbyPolicy)
                  000029b4    000000ac     drivers_cc13x2.aem4f : PINCC26XX.oem4f (.text:PIN_open)
                  00002a60    000000ac     driverlib.lib : setup.obj (.text:TrimAfterColdResetWakeupFromShutDown)
                  00002b0c    000000a8     sail.lib : bme280.obj (.text:bme280_init)
                  00002bb4    000000a0     auto_init.aem4f : auto_init.oem4f (.text)
                  00002c54    000000a0     rom_sysbios.aem4f : rom_sysbios.obj (.text:ti_sysbios_knl_Task_setPri__E)
                  00002cf4    0000009c     rtsv7M4_T_le_v4SPD16_eabi.lib : memcpy_t2.asm.obj (.text)
                  00002d90    00000098     driverlib.lib : setup.obj (.text:NOROM_SetupTrimDevice)
                  00002e28    00000098     sail.lib : bme280.obj (.text:bme280_read_uncomp_pressure_temperature_humidity)
                  00002ec0    00000098     drivers_cc13x2.aem4f : UARTCC26XX.oem4f (.text:writeTxFifoFlush)
                  00002f58    00000096     rtsv7M4_T_le_v4SPD16_eabi.lib : ull_div_t2.asm.obj (.text)
                  00002fee    00000092     drivers_cc13x2.aem4f : UARTCC26XX.oem4f (.text:UARTCC26XX_writeCancel)
                  00003080    00000090     bme280_support.obj (.text:BME280_I2C_bus_write)
                  00003110    00000090     drivers_cc13x2.aem4f : I2CCC26XX.oem4f (.text:I2CCC26XX_cancel)
                  000031a0    0000008c                          : I2CCC26XX.oem4f (.text:I2CCC26XX_primeTransfer)
                  0000322c    00000088     driverlib.lib : osc.obj (.text:NOROM_OSCHF_AttemptToSwitchToXosc)
                  000032b4    00000088     rom_sysbios.aem4f : rom_sysbios.obj (.text:_pthread_removeThreadKeys)
                  0000333c    00000088     drivers_cc13x2.aem4f : PowerCC26X2_calibrateRCOSC.oem4f (.text:calibrateRcoscHf2)
                  000033c4    00000088                          : PowerCC26X2.oem4f (.text:disableLFClockQualifiers)
                  0000344c    00000088                          : PowerCC26X2_calibrateRCOSC.oem4f (.text:updateSubSecInc)
                  000034d4    00000086     rtsv7M4_T_le_v4SPD16_eabi.lib : fd_cmp_t2.asm.obj (.text:__aeabi_cdcmple)
                  0000355a    00000086                                   : fd_cmp_t2.asm.obj (.text:__aeabi_cdrcmple)
                  000035e0    00000084     drivers_cc13x2.aem4f : UARTCC26XX.oem4f (.text:UARTCC26XX_close)
                  00003664    00000084     rom_sysbios.aem4f : rom_sysbios.obj (.text:ti_sysbios_family_arm_m3_Hwi_excHandlerMin__I)
                  000036e8    00000080                       : rom_sysbios.obj (.text:ti_sysbios_family_arm_cc26xx_Timer_start__E)
                  00003768    0000007c     sail.lib : bme280.obj (.text:bme280_compensate_temperature_int32)
                  000037e4    0000007a     rtsv7M4_T_le_v4SPD16_eabi.lib : memset_t2.asm.obj (.text)
                  0000385e    00000002     display.aem4f : DisplayUart.oem4f (.text:DisplayUartMin_clearLines)
                  00003860    00000074     drivers_cc13x2.aem4f : PowerCC26X2_calibrateRCOSC.oem4f (.text:PowerCC26X2_auxISR)
                  000038d4    00000072                          : I2CCC26XX.oem4f (.text:I2CCC26XX_swiFxn)
                  00003946    00000002     display.aem4f : DisplayUart.oem4f (.text:DisplayUartMin_init)
                  00003948    00000070     main_tirtos.obj (.text:main)
                  000039b8    0000006d     rom_sysbios.aem4f : rom_sysbios.obj (.text:xdc_runtime_System_formatNum__I)
                  00003a25    00000001     --HOLE-- [fill = 0]
                  00003a26    00000002     rtsv7M4_T_le_v4SPD16_eabi.lib : _lock.c.obj (.text:_nop)
                  00003a28    00000068     driverlib.lib : osc.obj (.text:NOROM_OSCHF_SwitchToRcOscTurnOffXosc)
                  00003a90    00000068                   : sys_ctrl.obj (.text:NOROM_SysCtrlSetRechargeBeforePowerDown)
                  00003af8    00000068     rtsv7M4_T_le_v4SPD16_eabi.lib : copy_decompress_lzss.c.obj (.text:decompress:lzss:__TI_decompress_lzss)
                  00003b60    00000064     drivers_cc13x2.aem4f : I2CCC26XX.oem4f (.text:I2CCC26XX_initIO)
                  00003bc4    00000064                          : UARTCC26XX.oem4f (.text:UARTCC26XX_control)
                  00003c28    00000064     sail.lib : bme280.obj (.text:bme280_read_pressure_temperature_humidity)
                  00003c8c    00000064              : bme280.obj (.text:bme280_read_uncomp_pressure)
                  00003cf0    00000064              : bme280.obj (.text:bme280_read_uncomp_temperature)
                  00003d54    00000062     drivers_cc13x2.aem4f : UARTCC26XX.oem4f (.text:UARTCC26XX_swiIntFxn)
                  00003db6    00000002                          : PowerCC26X2.oem4f (.text:emptyClockFunc)
                  00003db8    0000005c     display.aem4f : Display.oem4f (.text:Display_doOpen)
                  00003e14    0000005c     drivers_cc13x2.aem4f : I2CCC26XX.oem4f (.text:I2CCC26XX_close)
                  00003e70    0000005c                          : PINCC26XX.oem4f (.text:PIN_remove)
                  00003ecc    0000005c     sail.lib : bme280.obj (.text:bme280_read_uncomp_humidity)
                  00003f28    0000005c     rom_sysbios.aem4f : rom_sysbios.obj (.text:ti_sysbios_heaps_HeapMem_initPrimary__I)
                  00003f84    0000005c     release_pem4f.oem4f (.text:xdc_runtime_Startup_getState__I)
                  00003fe0    00000058     drivers_cc13x2.aem4f : PowerCC26X2_calibrateRCOSC.oem4f (.text:PowerCC26X2_initiateCalibration)
                  00004038    00000058     boot.aem4f : boot.oem4f (.text)
                  00004090    00000058     rom_sysbios.aem4f : rom_sysbios.obj (.text:pthread_exit)
                  000040e8    00000054     bme280_support.obj (.text:BME280_I2C_bus_read)
                  0000413c    00000054     driverlib.lib : chipinfo.obj (.text:NOROM_ChipInfo_GetChipType)
                  00004190    00000054     sail.lib : bme280.obj (.text:bme280_get_power_mode)
                  000041e4    00000054              : bme280.obj (.text:bme280_get_standby_durn)
                  00004238    00000050     dpl_cc13x2.aem4f : ClockP_tirtos.oem4f (.text:ClockP_construct)
                  00004288    0000004c     drivers_cc13x2.aem4f : UARTCC26XX.oem4f (.text:UARTCC26XX_readCancel)
                  000042d4    0000004c     sail.lib : bme280.obj (.text:bme280_read_register)
                  00004320    0000004c              : bme280.obj (.text:bme280_write_register)
                  0000436c    0000004c     rtsv7M4_T_le_v4SPD16_eabi.lib : cpy_tbl.c.obj (.text:copy_in)
                  000043b8    0000004c     drivers_cc13x2.aem4f : UARTCC26XX.oem4f (.text:startTxFifoEmptyClk)
                  00004404    0000004c                          : PowerCC26X2.oem4f (.text:switchXOSCHF)
                  00004450    0000004a     display.aem4f : DisplayUart.oem4f (.text:DisplayUartMin_open)
                  0000449a    00000002     rtsv7M4_T_le_v4SPD16_eabi.lib : div0.asm.obj (.text)
                  0000449c    00000048     drivers_cc13x2.aem4f : I2CCC26XX.oem4f (.text:I2CCC26XX_initHw)
                  000044e4    00000048                          : PINCC26XX.oem4f (.text:PIN_setOutputEnable)
                  0000452c    00000048                          : PowerCC26X2_calibrateRCOSC.oem4f (.text:PowerCC26X2_RCOSC_clockFunc)
                  00004574    00000048                          : UARTCC26XX.oem4f (.text:writeFinishedDoCallback)
                  000045bc    00000046     display.aem4f : DisplayUart.oem4f (.text:DisplayUartMin_vprintf)
                  00004602    00000046     drivers_cc13x2.aem4f : RingBuf.oem4f (.text:RingBuf_put)
                  00004648    00000044                          : I2C.oem4f (.text:I2C_init)
                  0000468c    00000044     driverlib.lib : chipinfo.obj (.text:NOROM_ChipInfo_GetHwRevision)
                  000046d0    00000044     drivers_cc13x2.aem4f : PINCC26XX.oem4f (.text:PIN_swi)
                  00004714    00000044                          : UART.oem4f (.text:UART_init)
                  00004758    00000044     sail.lib : bme280.obj (.text:bme280_set_soft_rst)
                  0000479c    00000044     rtsv7M4_T_le_v4SPD16_eabi.lib : fd_tou_t2.asm.obj (.text)
                  000047e0    00000040     drivers_cc13x2.aem4f : I2C.oem4f (.text:I2C_open)
                  00004820    00000040                          : RingBuf.oem4f (.text:RingBuf_get)
                  00004860    00000040                          : UART.oem4f (.text:UART_open)
                  000048a0    00000040     rtsv7M4_T_le_v4SPD16_eabi.lib : u_divt2.asm.obj (.text)
                  000048e0    00000040     rom_sysbios.aem4f : rom_sysbios.obj (.text:ti_sysbios_family_arm_cc26xx_Timer_setThreshold__I)
                  00004920    0000003e     dpl_cc13x2.aem4f : HwiP_tirtos.oem4f (.text:HwiP_construct)
                  0000495e    00000002     release_pem4f.oem4f (.text:ti_sysbios_BIOS_nullFunc__I)
                  00004960    0000003c     drivers_cc13x2.aem4f : PINCC26XX.oem4f (.text:PIN_setOutputValue)
                  0000499c    0000003c     dpl_cc13x2.aem4f : SwiP_tirtos.oem4f (.text:SwiP_construct)
                  000049d8    0000003c     rom_sysbios.aem4f : rom_sysbios.obj (.text:sleep)
                  00004a14    0000003c                       : rom_sysbios.obj (.text:ti_sysbios_family_arm_m3_Hwi_construct2__E)
                  00004a50    00000038     bme280_support.obj (.text:I2C_routine)
                  00004a88    00000038     driverlib.lib : osc.obj (.text:NOROM_OSC_HPOSCRelativeFrequencyOffsetGet)
                  00004ac0    00000038     drivers_cc13x2.aem4f : PINCC26XX.oem4f (.text:PIN_setConfig)
                  00004af8    00000038                          : PowerCC26X2.oem4f (.text:notify)
                  00004b30    00000038                          : UARTCC26XX.oem4f (.text:readData)
                  00004b68    00000038     rtsv7M4_T_le_v4SPD16_eabi.lib : fs_tod_t2.asm.obj (.text)
                  00004ba0    00000038     drivers_cc13x2.aem4f : UARTCC26XX.oem4f (.text:writeData)
                  00004bd8    00000036     rom_sysbios.aem4f : rom_sysbios.obj (.text:ti_sysbios_family_arm_cc26xx_Timer_setNextTick__E)
                  00004c0e    00000002                       : rom_sysbios.obj (.text:xdc_runtime_SysCallback_defaultAbort)
                  00004c10    00000034     driverlib.lib : aux_sysif.obj (.text:NOROM_AUXSYSIFOpModeChange)
                  00004c44    00000034                   : sys_ctrl.obj (.text:NOROM_SysCtrlIdle)
                  00004c78    00000034     drivers_cc13x2.aem4f : UARTCC26XX.oem4f (.text:readData2RingBuf)
                  00004cac    00000034     rom_sysbios.aem4f : rom_sysbios.obj (.text:usleep)
                  00004ce0    00000030     drivers_cc13x2.aem4f : PINCC26XX.oem4f (.text:PINCC26XX_setMux)
                  00004d10    00000030                          : PowerCC26X2.oem4f (.text:Power_releaseConstraint)
                  00004d40    00000030                          : PowerCC26X2.oem4f (.text:Power_setConstraint)
                  00004d70    00000030     release_pem4f.oem4f (.text:ti_sysbios_BIOS_atExitFunc__I)
                  00004da0    00000030     release_pem4f.oem4f (.text:ti_sysbios_BIOS_startFunc__I)
                  00004dd0    00000030     rom_sysbios.aem4f : rom_sysbios.obj (.text:ti_sysbios_family_arm_cc26xx_Timer_getCurrentTick__E)
                  00004e00    00000030                       : rom_sysbios.obj (.text:ti_sysbios_family_arm_cc26xx_Timer_initDevice__I)
                  00004e30    0000002c     dpl_cc13x2.aem4f : SemaphoreP_tirtos.oem4f (.text:SemaphoreP_constructBinary)
                  00004e5c    0000002c                      : SemaphoreP_tirtos.oem4f (.text:SemaphoreP_createBinary)
                  00004e88    0000002c     rom_sysbios.aem4f : rom_sysbios.obj (.text:_pthread_delete$45)
                  00004eb4    0000002c                       : rom_sysbios.obj (.text:pthread_setcancelstate)
                  00004ee0    0000002c                       : rom_sysbios.obj (.text:ti_sysbios_knl_Clock_getTicksUntilInterrupt__E)
                  00004f0c    0000002a     display.aem4f : Display.oem4f (.text:Display_doPrintf)
                  00004f36    00000002     rom_sysbios.aem4f : rom_sysbios.obj (.text:xdc_runtime_SysCallback_defaultExit)
                  00004f38    00000028     driverlib.lib : osc.obj (.text:NOROM_OSCHF_TurnOnXosc)
                  00004f60    00000028     drivers_cc13x2.aem4f : PowerCC26X2.oem4f (.text:Power_registerNotify)
                  00004f88    00000028                          : PowerCC26X2.oem4f (.text:oscillatorISR)
                  00004fb0    00000026                          : List.oem4f (.text:List_put)
                  00004fd6    00000026                          : List.oem4f (.text:List_remove)
                  00004ffc    00000024     rom_sysbios.aem4f : rom_sysbios.obj (.text:_pthread_cleanupFxn)
                  00005020    00000024     drivers_cc13x2.aem4f : PowerCC26X2_calibrateRCOSC.oem4f (.text:getTdcSemaphore)
                  00005044    00000024     rom_sysbios.aem4f : rom_sysbios.obj (.text:pthread_attr_init)
                  00005068    00000024     release_pem4f.oem4f (.text:ti_sysbios_BIOS_registerRTSLock__I)
                  0000508c    00000024     release_pem4f.oem4f (.text:ti_sysbios_BIOS_removeRTSLock__I)
                  000050b0    00000024     rom_sysbios.aem4f : rom_sysbios.obj (.text:ti_sysbios_family_arm_cc26xx_Timer_getMaxTicks__E)
                  000050d4    00000020     drivers_cc13x2.aem4f : PINCC26XX.oem4f (.text:PINCC26XX_setIoCfgMux)
                  000050f4    00000020                          : PowerCC26X2.oem4f (.text:Power_unregisterNotify)
                  00005114    00000020     rtsv7M4_T_le_v4SPD16_eabi.lib : u_tofd_t2.asm.obj (.text)
                  00005134    00000020     drivers_cc13x2.aem4f : UARTCC26XX.oem4f (.text:threadSafeStdbyDisRelease)
                  00005154    00000020                          : UARTCC26XX.oem4f (.text:threadSafeStdbyDisSet)
                  00005174    00000020     release_pem4f.oem4f (.text:ti_sysbios_BIOS_rtsLock__I)
                  00005194    00000020     rom_sysbios.aem4f : rom_sysbios.obj (.text:ti_sysbios_family_arm_cc26xx_Timer_dynamicStub__E)
                  000051b4    00000020                       : rom_sysbios.obj (.text:xdc_runtime_Error_policyMin__E)
                  000051d4    0000001e     drivers_cc13x2.aem4f : PINCC26XX.oem4f (.text:PIN_close)
                  000051f2    0000001e                          : PowerCC26X2.oem4f (.text:Power_getTransitionLatency)
                  00005210    0000001c     ti_drivers_config.obj (.text:Board_init)
                  0000522c    0000001c     driverlib.lib : chipinfo.obj (.text:NOROM_ChipInfo_GetChipFamily)
                  00005248    0000001c     drivers_cc13x2.aem4f : PINCC26XX.oem4f (.text:PIN_hwi)
                  00005264    0000001c     dpl_cc13x2.aem4f : PowerCC26X2_tirtos.oem4f (.text:PowerCC26XX_schedulerDisable)
                  00005280    0000001c                      : PowerCC26X2_tirtos.oem4f (.text:PowerCC26XX_schedulerRestore)
                  0000529c    0000001c     rom_sysbios.aem4f : rom_sysbios.obj (.text:ti_sysbios_knl_Swi_construct2__E)
                  000052b8    0000001c     release_pem4f.oem4f (.text:xdc_runtime_Startup_exec__I)
                  000052d4    0000001a     drivers_cc13x2.aem4f : PowerCC26X2.oem4f (.text:PowerCC26XX_calibrate)
                  000052ee    00000018                          : I2C.oem4f (.text:I2C_transfer)
                  00005306    00000002     rom_sysbios.aem4f : rom_sysbios.obj (.text:xdc_runtime_SysCallback_defaultFlush)
                  00005308    00000018     driverlib.lib : chipinfo.obj (.text:NOROM_ChipInfo_GetPackageType)
                  00005320    00000018     drivers_cc13x2.aem4f : PowerCC26X2.oem4f (.text:Power_idleFunc)
                  00005338    00000018                          : UART.oem4f (.text:UART_Params_init)
                  00005350    00000018     rtsv7M4_T_le_v4SPD16_eabi.lib : args_main.c.obj (.text:_args_main)
                  00005368    00000018                                   : ll_mul_t2.asm.obj (.text)
                  00005380    00000018     release_pem4f.oem4f (.text:ti_sysbios_BIOS_rtsUnlock__I)
                  00005398    00000018     rom_sysbios.aem4f : rom_sysbios.obj (.text:ti_sysbios_knl_Swi_or__E)
                  000053b0    00000018                       : rom_sysbios.obj (.text:ti_sysbios_rts_ti_ReentSupport_getReent__F)
                  000053c8    00000018                       : rom_sysbios.obj (.text:xdc_runtime_Error_init__E)
                  000053e0    00000016     display.aem4f : DisplayUart.oem4f (.text:DisplayUartMin_close)
                  000053f6    00000016     driverlib.lib : chipinfo.obj (.text:NOROM_ThisLibraryIsFor_CC13x2_CC26x2_HwRev20AndLater_HaltIfViolated)
                  0000540c    00000016     rom_sysbios.aem4f : rom_sysbios.obj (.text:_pthread_cleanup_pop)
                  00005422    00000016     release_pem4f.oem4f (.text:ti_sysbios_BIOS_exitFunc__I)
                  00005438    00000014     drivers_cc13x2.aem4f : PowerCC26X2_calibrateRCOSC.oem4f (.text:PowerCC26X2_calibrate)
                  0000544c    00000014     rom_sysbios.aem4f : rom_sysbios.obj (.text:pthread_attr_setschedparam)
                  00005460    00000014     drivers_cc13x2.aem4f : PowerCC26X2.oem4f (.text:switchToTCXO)
                  00005474    00000014     rom_sysbios.aem4f : rom_sysbios.obj (.text:ti_sysbios_family_arm_cc26xx_Timer_getCount64__E)
                  00005488    00000014     release_pem4f.oem4f (.text:ti_sysbios_knl_Clock_doTick__I)
                  0000549c    00000012     bme280_support.obj (.text:BME280_delay_msek)
                  000054ae    00000012     drivers_cc13x2.aem4f : RingBuf.oem4f (.text:RingBuf_construct)
                  000054c0    00000012     dpl_cc13x2.aem4f : SemaphoreP_tirtos.oem4f (.text:SemaphoreP_pend)
                  000054d2    00000012     rom_sysbios.aem4f : rom_sysbios.obj (.text:_pthread_runStub$45)
                  000054e4    00000010     dpl_cc13x2.aem4f : HwiP_tirtos.oem4f (.text:HwiP_Params_init)
                  000054f4    00000010     drivers_cc13x2.aem4f : I2C.oem4f (.text:I2C_Params_init)
                  00005504    00000010                          : PINCC26XX.oem4f (.text:PINCC26XX_getPinCount)
                  00005514    00000010     dpl_cc13x2.aem4f : SwiP_tirtos.oem4f (.text:SwiP_Params_init)
                  00005524    00000010     drivers_cc13x2.aem4f : I2CCC26XX.oem4f (.text:i2cPostNotify)
                  00005534    00000010                          : UARTCC26XX.oem4f (.text:uartPostNotify)
                  00005544    0000000e     rtsv7M4_T_le_v4SPD16_eabi.lib : copy_decompress_none.c.obj (.text:decompress:none:__TI_decompress_none)
                  00005552    0000000e     rom_sysbios.aem4f : rom_sysbios.obj (.text:pthread_attr_setdetachstate)
                  00005560    0000000e                       : rom_sysbios.obj (.text:ti_sysbios_family_arm_cc26xx_TimestampProvider_get32__E)
                  0000556e    0000000c     driverlib.lib : cpu.obj (.text:NOROM_CPUcpsid)
                  0000557a    0000000c                   : cpu.obj (.text:NOROM_CPUcpsie)
                  00005586    00000002     rom_sysbios.aem4f : rom_sysbios.obj (.text:xdc_runtime_SysCallback_defaultPutch)
                  00005588    0000000c     drivers_cc13x2.aem4f : PowerCC26X2.oem4f (.text:Power_getConstraintMask)
                  00005594    0000000c                          : PowerCC26X2.oem4f (.text:Power_getDependencyCount)
                  000055a0    0000000c     dpl_cc13x2.aem4f : SemaphoreP_tirtos.oem4f (.text:SemaphoreP_delete)
                  000055ac    0000000c     rtsv7M4_T_le_v4SPD16_eabi.lib : _lock.c.obj (.text:_register_lock)
                  000055b8    0000000c                                   : _lock.c.obj (.text:_register_unlock)
                  000055c4    0000000c                                   : copy_zero_init.c.obj (.text:decompress:ZI:__TI_zero_init)
                  000055d0    0000000c     rom_sysbios.aem4f : rom_sysbios.obj (.text:pthread_self)
                  000055dc    0000000c                       : rom_sysbios.obj (.text:ti_sysbios_knl_Queue_insert__E)
                  000055e8    0000000c                       : rom_sysbios.obj (.text:ti_sysbios_knl_Swi_getTrigger__E)
                  000055f4    0000000a     dpl_cc13x2.aem4f : ClockP_tirtos.oem4f (.text:ClockP_Params_init)
                  000055fe    0000000a     drivers_cc13x2.aem4f : I2CCC26XX.oem4f (.text:I2CCC26XX_init)
                  00005608    0000000a                          : UART.oem4f (.text:UART_close)
                  00005612    0000000a                          : UART.oem4f (.text:UART_control)
                  0000561c    0000000a                          : UART.oem4f (.text:UART_write)
                  00005626    0000000a     release_pem4f.oem4f (.text:ti_sysbios_rts_ti_ReentSupport_getTlsAddr__I)
                  00005630    00000008     drivers_cc13x2.aem4f : I2CCC26XX.oem4f (.text:I2CCC26XX_blockingCallback)
                  00005638    00000008                          : UARTCC26XX.oem4f (.text:UARTCC26XX_init)
                  00005640    00000008                          : UARTCC26XX.oem4f (.text:readSemCallback)
                  00005648    00000008                          : UARTCC26XX.oem4f (.text:writeSemCallback)
                  00005650    00000008     release_pem4f.oem4f (.text:xdc_runtime_Text_visitRope__I)
                  00005658    00000006     display.aem4f : DisplayUart.oem4f (.text:DisplayUartMin_control)
                  0000565e    00000006                   : DisplayUart.oem4f (.text:DisplayUartMin_getType)
                  00005664    00000006     drivers_cc13x2.aem4f : I2CCC26XX.oem4f (.text:I2CCC26XX_control)
                  0000566a    00000006     driverlib.lib : cpu.obj (.text:NOROM_CPUdelay)
                  00005670    00000006     drivers_cc13x2.aem4f : UARTCC26XX.oem4f (.text:UARTCC26XX_readPolling)
                  00005676    00000006                          : UARTCC26XX.oem4f (.text:UARTCC26XX_writePolling)
                  0000567c    00000006     rom_sysbios.aem4f : rom_sysbios.obj (.text:pthread_attr_setstacksize)
                  00005682    00000004     dpl_cc13x2.aem4f : PowerCC26X2_tirtos.oem4f (.text:CPUwfi)
                  00005686    00000004                      : ClockP_tirtos.oem4f (.text:ClockP_destruct)
                  0000568a    00000004                      : ClockP_tirtos.oem4f (.text:ClockP_getCpuFreq)
                  0000568e    00000004                      : ClockP_tirtos.oem4f (.text:ClockP_setTimeout)
                  00005692    00000004                      : ClockP_tirtos.oem4f (.text:ClockP_start)
                  00005696    00000004                      : ClockP_tirtos.oem4f (.text:ClockP_stop)
                  0000569a    00000004                      : HwiP_tirtos.oem4f (.text:HwiP_destruct)
                  0000569e    00000004                      : HwiP_tirtos.oem4f (.text:HwiP_disable)
                  000056a2    00000004                      : HwiP_tirtos.oem4f (.text:HwiP_disableInterrupt)
                  000056a6    00000004                      : HwiP_tirtos.oem4f (.text:HwiP_enableInterrupt)
                  000056aa    00000004                      : SemaphoreP_tirtos.oem4f (.text:SemaphoreP_destruct)
                  000056ae    00000004                      : SemaphoreP_tirtos.oem4f (.text:SemaphoreP_post)
                  000056b2    00000004                      : SwiP_tirtos.oem4f (.text:SwiP_destruct)
                  000056b6    00000004                      : SwiP_tirtos.oem4f (.text:SwiP_disable)
                  000056ba    00000004                      : SwiP_tirtos.oem4f (.text:SwiP_getTrigger)
                  000056be    00000004                      : SwiP_tirtos.oem4f (.text:SwiP_or)
                  000056c2    00000004                      : SwiP_tirtos.oem4f (.text:SwiP_post)
                  000056c6    00000004                      : SystemP_tirtos.oem4f (.text:SystemP_vsnprintf)
                  000056ca    00000004     rom_sysbios.aem4f : rom_sysbios.obj (.text:__aeabi_errno_addr)
                  000056ce    00000004     drivers_cc13x2.aem4f : PowerCC26X2.oem4f (.text:configureRFCoreClocks)
                  000056d2    00000004                          : PowerCC26X2.oem4f (.text:nopResourceHandler)
                  000056d6    00000004     rom_sysbios.aem4f : rom_sysbios.obj (.text:pthread_attr_destroy)
                  000056da    00000004                       : rom_sysbios.obj (.text:ti_sysbios_knl_Task_getArg1__E)
                  000056de    00000004                       : rom_sysbios.obj (.text:ti_sysbios_knl_Task_getEnv__E)
                  000056e2    00000004     release_pem4f.oem4f (.text:xdc_runtime_Startup_reset__I)
                  000056e6    00000004     rom_sysbios.aem4f : rom_sysbios.obj (.text:xdc_runtime_SysCallback_defaultReady)
                  000056ea    00000002     --HOLE-- [fill = 0]
                  000056ec    00000008     (.tramp.xdc_runtime_System_vsnprintf__E.1)
                  000056f4    00000008     (.tramp.ti_sysbios_knl_Swi_destruct.1)
                  000056fc    00000008     (.tramp.ti_sysbios_family_arm_m3_Hwi_enableInterrupt__E.1)
                  00005704    00000008     (.tramp.ti_sysbios_family_arm_m3_Hwi_disableInterrupt__E.1)
                  0000570c    00000008     (.tramp.ti_sysbios_family_arm_m3_Hwi_disableFxn__E.1)
                  00005714    00000008     (.tramp.ti_sysbios_family_arm_m3_Hwi_destruct.1)
                  0000571c    00000008     (.tramp.ti_sysbios_BIOS_getCpuFreq__E.1)
                  00005724    00000008     (.tramp.ti_sysbios_knl_Clock_destruct.1)
                  0000572c    00000008     (.tramp.ti_sysbios_knl_Task_self__E.1)
                  00005734    00000008     (.tramp.ti_sysbios_knl_Semaphore_delete.1)
                  0000573c    00000008     (.tramp.ti_sysbios_knl_Clock_logTick__E.1)
                  00005744    00000008     (.tramp.ti_sysbios_BIOS_getThreadType__E.1)
                  0000574c    00000008     (.tramp.ti_sysbios_knl_Swi_post__E.1)
                  00005754    00000008     (.tramp.ti_sysbios_BIOS_RtsGateProxy_leave__E.1)
                  0000575c    00000008     (.tramp.ti_sysbios_knl_Swi_construct.1)
                  00005764    00000008     (.tramp.ti_sysbios_BIOS_RtsGateProxy_enter__E.1)
                  0000576c    00000008     (.tramp.ti_sysbios_knl_Clock_TimerProxy_getCurrentTick__E.1)
                  00005774    00000008     (.tramp.ti_sysbios_knl_Task_delete.1)
                  0000577c    00000008     (.tramp.ti_sysbios_knl_Semaphore_destruct.1)
                  00005784    00000008     (.tramp.ti_sysbios_knl_Semaphore_create.1)
                  0000578c    00000008     (.tramp.ti_sysbios_knl_Task_startup__E.1)
                  00005794    00000008     (.tramp.ti_sysbios_knl_Swi_startup__E.1)
                  0000579c    00000008     (.tramp.ti_sysbios_hal_Hwi_startup__E.1)
                  000057a4    00000008     (.tramp.ti_sysbios_family_arm_cc26xx_Timer_startup__E.1)
                  000057ac    00000008     (.tramp.xdc_runtime_System_atexit__E.1)
                  000057b4    00000008     (.tramp.ti_sysbios_BIOS_linkedWithIncorrectBootLibrary__E.1)
                  000057bc    00000008     (.tramp.xdc_runtime_Startup_rtsDone__E.1)
                  000057c4    00000008     (.tramp.ti_sysbios_knl_Swi_disable__E.1)
                  000057cc    00000008     (.tramp.ti_sysbios_family_arm_m3_Hwi_construct.1)
                  000057d4    00000008     (.tramp.ti_sysbios_knl_Task_sleep__E.1)
                  000057dc    00000008     (.tramp.ti_sysbios_knl_Swi_Params__init__S.1)
                  000057e4    00000008     (.tramp.ti_sysbios_family_arm_m3_Hwi_Params__init__S.1)
                  000057ec    00000008     (.tramp.strlen.1)
                  000057f4    00000008     (.tramp.ti_sysbios_knl_Clock_construct.1)
                  000057fc    00000008     (.tramp.ti_sysbios_knl_Clock_Params__init__S.1)
                  00005804    00000008     (.tramp.xdc_runtime_System_exit__E.1)
                  0000580c    00000008     (.tramp.ti_sysbios_heaps_HeapMem_restore__E.1)
                  00005814    00000008     (.tramp.ti_sysbios_heaps_HeapMem_Object__get__S.1)
                  0000581c    00000008     (.tramp.ti_sysbios_BIOS_start__E.1)
                  00005824    00000008     (.tramp.xdc_runtime_Error_raiseX__E.1)
                  0000582c    00000008     (.tramp.ti_sysbios_BIOS_setThreadType__E.1)
                  00005834    00000008     (.tramp.ti_sysbios_family_arm_m3_Hwi_excFillContext__I.1)
                  0000583c    00000008     (.tramp.ti_sysbios_knl_Semaphore_post__E.1)
                  00005844    00000008     (.tramp.xdc_runtime_Memory_free__E.1)
                  0000584c    00000008     (.tramp.ti_sysbios_knl_Queue_next__E.1)
                  00005854    00000008     (.tramp.ti_sysbios_knl_Queue_head__E.1)
                  0000585c    00000008     (.tramp.ti_sysbios_knl_Semaphore_pend__E.1)
                  00005864    00000008     (.tramp.ti_sysbios_knl_Task_restore__E.1)
                  0000586c    00000008     (.tramp.ti_sysbios_knl_Queue_enqueue__E.1)
                  00005874    00000008     (.tramp.ti_sysbios_knl_Queue_empty__E.1)
                  0000587c    00000008     (.tramp.ti_sysbios_knl_Queue_remove__E.1)
                  00005884    00000008     (.tramp.ti_sysbios_knl_Task_disable__E.1)
                  0000588c    00000008     (.tramp.ti_sysbios_knl_Clock_stop__E.1)
                  00005894    00000008     (.tramp.ti_sysbios_knl_Clock_start__E.1)
                  0000589c    00000008     (.tramp.ti_sysbios_knl_Clock_setTimeout__E.1)
                  000058a4    00000008     (.tramp.ti_sysbios_knl_Task_create.1)
                  000058ac    00000008     (.tramp.ti_sysbios_knl_Semaphore_construct.1)
                  000058b4    00000008     (.tramp.ti_sysbios_knl_Semaphore_Params__init__S.1)
                  000058bc    00000008     (.tramp.ti_sysbios_knl_Queue_construct.1)
                  000058c4    00000008     (.tramp.xdc_runtime_Memory_alloc__E.1)
                  000058cc    00000008     (.tramp.ti_sysbios_knl_Task_Params__init__S.1)
                  000058d4    00000008     (.tramp.ti_sysbios_family_arm_m3_Hwi_restoreFxn__E.1)
                  000058dc    00000008     (.tramp.xdc_runtime_System_doPrint__I.1)
                  000058e4    00000008     (.tramp.ti_sysbios_knl_Swi_restore__E.1)

.const     0    000058ec    00000697     
                  000058ec    000003b8     release_pem4f.oem4f (.const:ROM_constStruct)
                  00005ca4    00000054     drivers_cc13x2.aem4f : PowerCC26X2.oem4f (.const:resourceDB)
                  00005cf8    00000048     release_pem4f.oem4f (.const:.string)
                  00005d40    00000048     release_pem4f.oem4f (.const:ROM_externFuncPtrs)
                  00005d88    00000028     drivers_cc13x2.aem4f : UARTCC26XX.oem4f (.const:UARTCC26XX_fxnTable)
                  00005db0    00000028     ti_drivers_config.obj (.const:uartCC26XXHWAttrs)
                  00005dd8    00000024     drivers_cc13x2.aem4f : UART.oem4f (.const:UART_defaultParams)
                  00005dfc    00000024     release_pem4f.oem4f (.const:xdc_runtime_Startup_sfxnTab__A)
                  00005e20    00000020     display.aem4f : DisplayUart.oem4f (.const:DisplayUartMin_fxnTable)
                  00005e40    00000018     drivers_cc13x2.aem4f : I2CCC26XX.oem4f (.const:I2CCC26XX_fxnTable)
                  00005e58    00000018     ti_drivers_config.obj (.const:i2cCC26xxHWAttrs)
                  00005e70    00000014     ti_drivers_config.obj (.const:BoardGpioInitTable)
                  00005e84    00000014     ti_drivers_config.obj (.const:PowerCC26X2_config)
                  00005e98    00000014     ti_drivers_config.obj (.const:displayUartHWAttrs)
                  00005eac    00000014     drivers_cc13x2.aem4f : UARTCC26XX.oem4f (.const:parityType)
                  00005ec0    00000012     release_pem4f.oem4f (.const:xdc_runtime_Startup_sfxnRts__A)
                  00005ed2    00000001     display.aem4f : Display.oem4f (.const:Display_defaultParams)
                  00005ed3    00000001     release_pem4f.oem4f (.const:xdc_runtime_Text_charTab__A)
                  00005ed4    00000010     drivers_cc13x2.aem4f : I2C.oem4f (.const:I2C_defaultParams)
                  00005ee4    00000010                          : UARTCC26XX.oem4f (.const:dataLength)
                  00005ef4    0000000c     ti_drivers_config.obj (.const:Display_config)
                  00005f00    0000000c     ti_drivers_config.obj (.const:I2C_config)
                  00005f0c    0000000c     ti_drivers_config.obj (.const:UART_config)
                  00005f18    0000000c     release_pem4f.oem4f (.const:xdc_runtime_Startup_firstFxns__A)
                  00005f24    00000008     driverlib.lib : aux_sysif.obj (.const:$O1$$)
                  00005f2c    00000008     ti_drivers_config.obj (.const:PINCC26XX_hwAttrs)
                  00005f34    00000008     drivers_cc13x2.aem4f : I2CCC26XX.oem4f (.const:bitRate)
                  00005f3c    00000008                          : UARTCC26XX.oem4f (.const:stopBits)
                  00005f44    00000008     release_pem4f.oem4f (.const:ti_sysbios_family_arm_m3_Hwi_excHookFuncs__A)
                  00005f4c    00000008     release_pem4f.oem4f (.const:ti_sysbios_knl_Idle_funcList__A)
                  00005f54    00000006     drivers_cc13x2.aem4f : UARTCC26XX.oem4f (.const:.string:rxFifoBytes)
                  00005f5a    00000006                          : UARTCC26XX.oem4f (.const:.string:rxFifoThreshold)
                  00005f60    00000006                          : UARTCC26XX.oem4f (.const:.string:txFifoBytes)
                  00005f66    00000006                          : UARTCC26XX.oem4f (.const:.string:txFifoThreshold)
                  00005f6c    00000004     release_pem4f.oem4f (.const:ti_sysbios_family_arm_m3_Hwi_E_exception__C)
                  00005f70    00000004     release_pem4f.oem4f (.const:ti_sysbios_heaps_HeapMem_primaryHeapBaseAddr__C)
                  00005f74    00000004     release_pem4f.oem4f (.const:ti_sysbios_heaps_HeapMem_primaryHeapEndAddr__C)
                  00005f78    00000004     release_pem4f.oem4f (.const:ti_sysbios_knl_Clock_tickPeriod__C)
                  00005f7c    00000004     release_pem4f.oem4f (.const:ti_sysbios_knl_Task_Object__heap__C)
                  00005f80    00000003     ti_drivers_config.obj (.const)

MODULE SUMMARY

       Module                             code    ro data   rw data
       ------                             ----    -------   -------
    ./
       bme280_support.obj                 574     0         64     
       i2cbme280.obj                      480     0         36     
       main_tirtos.obj                    112     0         0      
    +--+----------------------------------+-------+---------+---------+
       Total:                             1166    0         100    
                                                                   
    ./syscfg/
       ti_drivers_config.obj              30      171       1592   
       ti_devices_config.obj              0       88        0      
    +--+----------------------------------+-------+---------+---------+
       Total:                             30      259       1592   
                                                                   
    /Volumes/Storage/shared/okhramkov/ti/tirtos_builds_CC1352R1_LAUNCHXL_release_ccs/Debug/configPkg/package/cfg/
       release_pem4f.oem4f                802     1259      1830   
    +--+----------------------------------+-------+---------+---------+
       Total:                             802     1259      1830   
                                                                   
    /Users/okhramkov/ti/sail_1_50_00_00/source/ti/sail/lib/ccs/cc1352r1/sail.lib
       bme280.obj                         3972    0         4      
    +--+----------------------------------+-------+---------+---------+
       Total:                             3972    0         4      
                                                                   
    /Volumes/Storage/shared/okhramkov/ccs/utils/simplelink_cc13x2_26x2_sdk_3_30_00_03/kernel/tirtos/packages/ti/dpl/lib/dpl_cc13x2.aem4f
       PowerCC26X2_tirtos.oem4f           240     0         8      
       SemaphoreP_tirtos.oem4f            126     0         0      
       ClockP_tirtos.oem4f                110     0         4      
       SwiP_tirtos.oem4f                  96      0         0      
       HwiP_tirtos.oem4f                  94      0         0      
       SystemP_tirtos.oem4f               4       0         0      
    +--+----------------------------------+-------+---------+---------+
       Total:                             670     0         12     
                                                                   
    /Volumes/Storage/shared/okhramkov/ccs/utils/simplelink_cc13x2_26x2_sdk_3_30_00_03/kernel/tirtos/packages/ti/targets/arm/rtsarm/lib/auto_init.aem4f
       auto_init.oem4f                    160     0         0      
    +--+----------------------------------+-------+---------+---------+
       Total:                             160     0         0      
                                                                   
    /Volumes/Storage/shared/okhramkov/ccs/utils/simplelink_cc13x2_26x2_sdk_3_30_00_03/kernel/tirtos/packages/ti/targets/arm/rtsarm/lib/boot.aem4f
       boot.oem4f                         88      0         0      
    +--+----------------------------------+-------+---------+---------+
       Total:                             88      0         0      
                                                                   
    /Volumes/Storage/shared/okhramkov/ccs/utils/simplelink_cc13x2_26x2_sdk_3_30_00_03/source/ti/devices/cc13x2_cc26x2/driverlib/bin/ccs/driverlib.lib
       sys_ctrl.obj                       408     0         0      
       osc.obj                            336     0         28     
       setup.obj                          324     0         0      
       chipinfo.obj                       226     0         0      
       aux_sysif.obj                      52      8         0      
       cpu.obj                            30      0         0      
       driverlib_release.obj              0       0         1      
    +--+----------------------------------+-------+---------+---------+
       Total:                             1376    8         29     
                                                                   
    /Volumes/Storage/shared/okhramkov/ccs/utils/simplelink_cc13x2_26x2_sdk_3_30_00_03/source/ti/display/lib/display.aem4f
       DisplayUart.oem4f                  184     32        0      
       Display.oem4f                      134     1         0      
    +--+----------------------------------+-------+---------+---------+
       Total:                             318     33        0      
                                                                   
    /Volumes/Storage/shared/okhramkov/ccs/utils/simplelink_cc13x2_26x2_sdk_3_30_00_03/source/ti/drivers/lib/drivers_cc13x2.aem4f
       UARTCC26XX.oem4f                   2742    108       0      
       PowerCC26X2.oem4f                  2082    84        272    
       PINCC26XX.oem4f                    1374    0         276    
       I2CCC26XX.oem4f                    1486    32        0      
       PowerCC26X2_calibrateRCOSC.oem4f   1400    0         0      
       UART.oem4f                         186     36        1      
       I2C.oem4f                          172     16        1      
       RingBuf.oem4f                      152     0         0      
       List.oem4f                         76      0         0      
    +--+----------------------------------+-------+---------+---------+
       Total:                             9670    276       550    
                                                                   
    /Volumes/Storage/shared/okhramkov/ccs/utils/ti-cgt-arm_20.2.4.LTS/lib/rtsv7M4_T_le_v4SPD16_eabi.lib
       fd_add_t2.asm.obj                  438     0         0      
       fd_cmp_t2.asm.obj                  268     0         0      
       fd_mul_t2.asm.obj                  252     0         0      
       memcpy_t2.asm.obj                  156     0         0      
       ull_div_t2.asm.obj                 150     0         0      
       memset_t2.asm.obj                  122     0         0      
       copy_decompress_lzss.c.obj         104     0         0      
       cpy_tbl.c.obj                      76      0         0      
       fd_tou_t2.asm.obj                  68      0         0      
       u_divt2.asm.obj                    64      0         0      
       fs_tod_t2.asm.obj                  56      0         0      
       _lock.c.obj                        26      0         8      
       u_tofd_t2.asm.obj                  32      0         0      
       args_main.c.obj                    24      0         0      
       ll_mul_t2.asm.obj                  24      0         0      
       copy_decompress_none.c.obj         14      0         0      
       copy_zero_init.c.obj               12      0         0      
       stkdepth_vars.c.obj                0       0         4      
       div0.asm.obj                       2       0         0      
    +--+----------------------------------+-------+---------+---------+
       Total:                             1888    0         12     
                                                                   
    /Volumes/Storage/shared/okhramkov/ti/tirtos_builds_CC1352R1_LAUNCHXL_release_ccs/src/sysbios/rom_sysbios.aem4f
       rom_sysbios.obj                    2049    0         136    
    +--+----------------------------------+-------+---------+---------+
       Total:                             2049    0         136    
                                                                   
       Stack:                             0       0         1024   
       Linker Generated:                  512     459       0      
    +--+----------------------------------+-------+---------+---------+
       Grand Total:                       22701   2294      5289   


LINKER GENERATED COPY TABLES

__TI_cinit_table @ 00006130 records: 5, size/record: 8, table size: 40
	.data: load addr=00005f88, load size=00000177 bytes, run addr=20001bb0, run size=00000528 bytes, compression=lzss
	.bss: load addr=00006110, load size=00000008 bytes, run addr=20001110, run size=00000a9d bytes, compression=zero_init
	.data:xdcRomConstPtr: load addr=00006118, load size=00000008 bytes, run addr=20000100, run size=00000004 bytes, compression=lzss
	.data:xdcRomExternFuncPtr: load addr=00006120, load size=00000008 bytes, run addr=20000104, run size=00000004 bytes, compression=lzss
	.data:xdcRomStatePtr: load addr=00006128, load size=00000008 bytes, run addr=20000108, run size=00000004 bytes, compression=lzss


LINKER GENERATED HANDLER TABLE

__TI_handler_table @ 00006100 records: 3, size/record: 4, table size: 12
	index: 0, handler: __TI_decompress_lzss
	index: 1, handler: __TI_decompress_none
	index: 2, handler: __TI_zero_init


FAR CALL TRAMPOLINES

callee name               trampoline name
   callee addr  tramp addr   call addr  call info
--------------  -----------  ---------  ----------------
xdc_runtime_System_vsnprintf__E  $Tramp$TT$L$PI$$xdc_runtime_System_vsnprintf__E
   1002f8b9     000056ec     000056c6   dpl_cc13x2.aem4f : SystemP_tirtos.oem4f (.text:SystemP_vsnprintf)
ti_sysbios_knl_Swi_destruct  $Tramp$TT$L$PI$$ti_sysbios_knl_Swi_destruct
   1002e8bd     000056f4     000056b2   dpl_cc13x2.aem4f : SwiP_tirtos.oem4f (.text:SwiP_destruct)
ti_sysbios_family_arm_m3_Hwi_enableInterrupt__E  $Tramp$TT$L$PI$$ti_sysbios_family_arm_m3_Hwi_enableInterrupt__E
   1002d91d     000056fc     000056a6   dpl_cc13x2.aem4f : HwiP_tirtos.oem4f (.text:HwiP_enableInterrupt)
ti_sysbios_family_arm_m3_Hwi_disableInterrupt__E  $Tramp$TT$L$PI$$ti_sysbios_family_arm_m3_Hwi_disableInterrupt__E
   1002d8d9     00005704     000056a2   dpl_cc13x2.aem4f : HwiP_tirtos.oem4f (.text:HwiP_disableInterrupt)
ti_sysbios_family_arm_m3_Hwi_disableFxn__E  $Tramp$TT$L$PI$$ti_sysbios_family_arm_m3_Hwi_disableFxn__E
   1002eb55     0000570c     0000569e   dpl_cc13x2.aem4f : HwiP_tirtos.oem4f (.text:HwiP_disable)
ti_sysbios_family_arm_m3_Hwi_destruct  $Tramp$TT$L$PI$$ti_sysbios_family_arm_m3_Hwi_destruct
   1002e475     00005714     0000569a   dpl_cc13x2.aem4f : HwiP_tirtos.oem4f (.text:HwiP_destruct)
ti_sysbios_BIOS_getCpuFreq__E  $Tramp$TT$L$PI$$ti_sysbios_BIOS_getCpuFreq__E
   1002e9fd     0000571c     0000568a   dpl_cc13x2.aem4f : ClockP_tirtos.oem4f (.text:ClockP_getCpuFreq)
ti_sysbios_knl_Clock_destruct  $Tramp$TT$L$PI$$ti_sysbios_knl_Clock_destruct
   1002e649     00005724     00005686   dpl_cc13x2.aem4f : ClockP_tirtos.oem4f (.text:ClockP_destruct)
ti_sysbios_knl_Task_self__E  $Tramp$TT$L$PI$$ti_sysbios_knl_Task_self__E
   1002eaf5     0000572c     000055d2   rom_sysbios.aem4f : rom_sysbios.obj (.text:pthread_self)
                             00005628   release_pem4f.oem4f (.text:ti_sysbios_rts_ti_ReentSupport_getTlsAddr__I)
ti_sysbios_knl_Semaphore_delete  $Tramp$TT$L$PI$$ti_sysbios_knl_Semaphore_delete
   1002ecdb     00005734     000055a6   dpl_cc13x2.aem4f : SemaphoreP_tirtos.oem4f (.text:SemaphoreP_delete)
ti_sysbios_knl_Clock_logTick__E  $Tramp$TT$L$PI$$ti_sysbios_knl_Clock_logTick__E
   1002dbd7     0000573c     0000548a   release_pem4f.oem4f (.text:ti_sysbios_knl_Clock_doTick__I)
ti_sysbios_BIOS_getThreadType__E  $Tramp$TT$L$PI$$ti_sysbios_BIOS_getThreadType__E
   1002ea95     00005744     000053b2   rom_sysbios.aem4f : rom_sysbios.obj (.text:ti_sysbios_rts_ti_ReentSupport_getReent__F)
ti_sysbios_knl_Swi_post__E  $Tramp$TT$L$PI$$ti_sysbios_knl_Swi_post__E
   1002d891     0000574c     000053ac   rom_sysbios.aem4f : rom_sysbios.obj (.text:ti_sysbios_knl_Swi_or__E)
                             00005492   release_pem4f.oem4f (.text:ti_sysbios_knl_Clock_doTick__I)
                             000056c2   dpl_cc13x2.aem4f : SwiP_tirtos.oem4f (.text:SwiP_post)
ti_sysbios_BIOS_RtsGateProxy_leave__E  $Tramp$TT$L$PI$$ti_sysbios_BIOS_RtsGateProxy_leave__E
   1002ec7b     00005754     0000538e   release_pem4f.oem4f (.text:ti_sysbios_BIOS_rtsUnlock__I)
ti_sysbios_knl_Swi_construct  $Tramp$TT$L$PI$$ti_sysbios_knl_Swi_construct
   1002d719     0000575c     000052a2   rom_sysbios.aem4f : rom_sysbios.obj (.text:ti_sysbios_knl_Swi_construct2__E)
ti_sysbios_BIOS_RtsGateProxy_enter__E  $Tramp$TT$L$PI$$ti_sysbios_BIOS_RtsGateProxy_enter__E
   1002ec77     00005764     0000517a   release_pem4f.oem4f (.text:ti_sysbios_BIOS_rtsLock__I)
ti_sysbios_knl_Clock_TimerProxy_getCurrentTick__E  $Tramp$TT$L$PI$$ti_sysbios_knl_Clock_TimerProxy_getCurrentTick__E
   1002eac5     0000576c     00004ef2   rom_sysbios.aem4f : rom_sysbios.obj (.text:ti_sysbios_knl_Clock_getTicksUntilInterrupt__E)
ti_sysbios_knl_Task_delete  $Tramp$TT$L$PI$$ti_sysbios_knl_Task_delete
   1002ece7     00005774     00004e9c   rom_sysbios.aem4f : rom_sysbios.obj (.text:_pthread_delete$45)
ti_sysbios_knl_Semaphore_destruct  $Tramp$TT$L$PI$$ti_sysbios_knl_Semaphore_destruct
   1002e6fd     0000577c     00004e90   rom_sysbios.aem4f : rom_sysbios.obj (.text:_pthread_delete$45)
                             000056aa   dpl_cc13x2.aem4f : SemaphoreP_tirtos.oem4f (.text:SemaphoreP_destruct)
ti_sysbios_knl_Semaphore_create  $Tramp$TT$L$PI$$ti_sysbios_knl_Semaphore_create
   1002dc49     00005784     00004e7c   dpl_cc13x2.aem4f : SemaphoreP_tirtos.oem4f (.text:SemaphoreP_createBinary)
ti_sysbios_knl_Task_startup__E  $Tramp$TT$L$PI$$ti_sysbios_knl_Task_startup__E
   1002eceb     0000578c     00004dc4   release_pem4f.oem4f (.text:ti_sysbios_BIOS_startFunc__I)
ti_sysbios_knl_Swi_startup__E  $Tramp$TT$L$PI$$ti_sysbios_knl_Swi_startup__E
   1002ec6b     00005794     00004dc0   release_pem4f.oem4f (.text:ti_sysbios_BIOS_startFunc__I)
ti_sysbios_hal_Hwi_startup__E  $Tramp$TT$L$PI$$ti_sysbios_hal_Hwi_startup__E
   1002ec31     0000579c     00004dbc   release_pem4f.oem4f (.text:ti_sysbios_BIOS_startFunc__I)
ti_sysbios_family_arm_cc26xx_Timer_startup__E  $Tramp$TT$L$PI$$ti_sysbios_family_arm_cc26xx_Timer_startup__E
   1002dcf1     000057a4     00004db8   release_pem4f.oem4f (.text:ti_sysbios_BIOS_startFunc__I)
xdc_runtime_System_atexit__E  $Tramp$TT$L$PI$$xdc_runtime_System_atexit__E
   1002f559     000057ac     00004db0   release_pem4f.oem4f (.text:ti_sysbios_BIOS_startFunc__I)
ti_sysbios_BIOS_linkedWithIncorrectBootLibrary__E  $Tramp$TT$L$PI$$ti_sysbios_BIOS_linkedWithIncorrectBootLibrary__E
   1002d01b     000057b4     00004daa   release_pem4f.oem4f (.text:ti_sysbios_BIOS_startFunc__I)
xdc_runtime_Startup_rtsDone__E  $Tramp$TT$L$PI$$xdc_runtime_Startup_rtsDone__E
   1002f8e5     000057bc     00004da2   release_pem4f.oem4f (.text:ti_sysbios_BIOS_startFunc__I)
ti_sysbios_knl_Swi_disable__E  $Tramp$TT$L$PI$$ti_sysbios_knl_Swi_disable__E
   1002ea25     000057c4     00004d72   release_pem4f.oem4f (.text:ti_sysbios_BIOS_atExitFunc__I)
                             0000526e   dpl_cc13x2.aem4f : PowerCC26X2_tirtos.oem4f (.text:PowerCC26XX_schedulerDisable)
                             000056b6                    : SwiP_tirtos.oem4f (.text:SwiP_disable)
ti_sysbios_family_arm_m3_Hwi_construct  $Tramp$TT$L$PI$$ti_sysbios_family_arm_m3_Hwi_construct
   1002d421     000057cc     00004a2e   rom_sysbios.aem4f : rom_sysbios.obj (.text:ti_sysbios_family_arm_m3_Hwi_construct2__E)
ti_sysbios_knl_Task_sleep__E  $Tramp$TT$L$PI$$ti_sysbios_knl_Task_sleep__E
   1002ce01     000057d4     00004a02   rom_sysbios.aem4f : rom_sysbios.obj (.text:sleep)
                             00004cd0                     : rom_sysbios.obj (.text:usleep)
ti_sysbios_knl_Swi_Params__init__S  $Tramp$TT$L$PI$$ti_sysbios_knl_Swi_Params__init__S
   1002ebf1     000057dc     000049b6   dpl_cc13x2.aem4f : SwiP_tirtos.oem4f (.text:SwiP_construct)
ti_sysbios_family_arm_m3_Hwi_Params__init__S  $Tramp$TT$L$PI$$ti_sysbios_family_arm_m3_Hwi_Params__init__S
   1002eb49     000057e4     0000493c   dpl_cc13x2.aem4f : HwiP_tirtos.oem4f (.text:HwiP_construct)
strlen                    $Tramp$TT$L$PI$$strlen
   1002fddb     000057ec     000045de   display.aem4f : DisplayUart.oem4f (.text:DisplayUartMin_vprintf)
ti_sysbios_knl_Clock_construct  $Tramp$TT$L$PI$$ti_sysbios_knl_Clock_construct
   1002dd8d     000057f4     0000426e   dpl_cc13x2.aem4f : ClockP_tirtos.oem4f (.text:ClockP_construct)
ti_sysbios_knl_Clock_Params__init__S  $Tramp$TT$L$PI$$ti_sysbios_knl_Clock_Params__init__S
   1002eb9d     000057fc     00004254   dpl_cc13x2.aem4f : ClockP_tirtos.oem4f (.text:ClockP_construct)
xdc_runtime_System_exit__E  $Tramp$TT$L$PI$$xdc_runtime_System_exit__E
   1002f7b1     00005804     00004078   boot.aem4f : boot.oem4f (.text)
                             00005432   release_pem4f.oem4f (.text:ti_sysbios_BIOS_exitFunc__I)
ti_sysbios_heaps_HeapMem_restore__E  $Tramp$TT$L$PI$$ti_sysbios_heaps_HeapMem_restore__E
   1002eb13     0000580c     00003f6c   rom_sysbios.aem4f : rom_sysbios.obj (.text:ti_sysbios_heaps_HeapMem_initPrimary__I)
ti_sysbios_heaps_HeapMem_Object__get__S  $Tramp$TT$L$PI$$ti_sysbios_heaps_HeapMem_Object__get__S
   1002e275     00005814     00003f3c   rom_sysbios.aem4f : rom_sysbios.obj (.text:ti_sysbios_heaps_HeapMem_initPrimary__I)
ti_sysbios_BIOS_start__E  $Tramp$TT$L$PI$$ti_sysbios_BIOS_start__E
   1002eaa5     0000581c     000039a8   main_tirtos.obj (.text:main)
xdc_runtime_Error_raiseX__E  $Tramp$TT$L$PI$$xdc_runtime_Error_raiseX__E
   1002f739     00005824     000036c6   rom_sysbios.aem4f : rom_sysbios.obj (.text:ti_sysbios_family_arm_m3_Hwi_excHandlerMin__I)
ti_sysbios_BIOS_setThreadType__E  $Tramp$TT$L$PI$$ti_sysbios_BIOS_setThreadType__E
   1002ea11     0000582c     00003686   rom_sysbios.aem4f : rom_sysbios.obj (.text:ti_sysbios_family_arm_m3_Hwi_excHandlerMin__I)
                             00004d7c   release_pem4f.oem4f (.text:ti_sysbios_BIOS_atExitFunc__I)
                             0000542c   release_pem4f.oem4f (.text:ti_sysbios_BIOS_exitFunc__I)
ti_sysbios_family_arm_m3_Hwi_excFillContext__I  $Tramp$TT$L$PI$$ti_sysbios_family_arm_m3_Hwi_excFillContext__I
   1002bda9     00005834     00003680   rom_sysbios.aem4f : rom_sysbios.obj (.text:ti_sysbios_family_arm_m3_Hwi_excHandlerMin__I)
ti_sysbios_knl_Semaphore_post__E  $Tramp$TT$L$PI$$ti_sysbios_knl_Semaphore_post__E
   1002cd21     0000583c     00003322   rom_sysbios.aem4f : rom_sysbios.obj (.text:_pthread_removeThreadKeys)
                             000040c0                     : rom_sysbios.obj (.text:pthread_exit)
                             000056ae   dpl_cc13x2.aem4f : SemaphoreP_tirtos.oem4f (.text:SemaphoreP_post)
xdc_runtime_Memory_free__E  $Tramp$TT$L$PI$$xdc_runtime_Memory_free__E
   1002f81d     00005844     00003318   rom_sysbios.aem4f : rom_sysbios.obj (.text:_pthread_removeThreadKeys)
                             00004ea8                     : rom_sysbios.obj (.text:_pthread_delete$45)
ti_sysbios_knl_Queue_next__E  $Tramp$TT$L$PI$$ti_sysbios_knl_Queue_next__E
   1002ecd7     0000584c     000032f2   rom_sysbios.aem4f : rom_sysbios.obj (.text:_pthread_removeThreadKeys)
ti_sysbios_knl_Queue_head__E  $Tramp$TT$L$PI$$ti_sysbios_knl_Queue_head__E
   1002ecd3     00005854     000032de   rom_sysbios.aem4f : rom_sysbios.obj (.text:_pthread_removeThreadKeys)
ti_sysbios_knl_Semaphore_pend__E  $Tramp$TT$L$PI$$ti_sysbios_knl_Semaphore_pend__E
   1002bfb1     0000585c     000032d8   rom_sysbios.aem4f : rom_sysbios.obj (.text:_pthread_removeThreadKeys)
                             000054c2   dpl_cc13x2.aem4f : SemaphoreP_tirtos.oem4f (.text:SemaphoreP_pend)
ti_sysbios_knl_Task_restore__E  $Tramp$TT$L$PI$$ti_sysbios_knl_Task_restore__E
   1002df45     00005864     00002ce2   rom_sysbios.aem4f : rom_sysbios.obj (.text:ti_sysbios_knl_Task_setPri__E)
                             000032cc                     : rom_sysbios.obj (.text:_pthread_removeThreadKeys)
                             0000332c                     : rom_sysbios.obj (.text:_pthread_removeThreadKeys)
                             000040d2                     : rom_sysbios.obj (.text:pthread_exit)
                             0000500c                     : rom_sysbios.obj (.text:_pthread_cleanupFxn)
                             0000528e   dpl_cc13x2.aem4f : PowerCC26X2_tirtos.oem4f (.text:PowerCC26XX_schedulerRestore)
ti_sysbios_knl_Queue_enqueue__E  $Tramp$TT$L$PI$$ti_sysbios_knl_Queue_enqueue__E
   1002ebd9     0000586c     00002cb4   rom_sysbios.aem4f : rom_sysbios.obj (.text:ti_sysbios_knl_Task_setPri__E)
ti_sysbios_knl_Queue_empty__E  $Tramp$TT$L$PI$$ti_sysbios_knl_Queue_empty__E
   1002eb21     00005874     00002c9c   rom_sysbios.aem4f : rom_sysbios.obj (.text:ti_sysbios_knl_Task_setPri__E)
                             000032c4                     : rom_sysbios.obj (.text:_pthread_removeThreadKeys)
ti_sysbios_knl_Queue_remove__E  $Tramp$TT$L$PI$$ti_sysbios_knl_Queue_remove__E
   1002eb2f     0000587c     00002c96   rom_sysbios.aem4f : rom_sysbios.obj (.text:ti_sysbios_knl_Task_setPri__E)
                             000032fa                     : rom_sysbios.obj (.text:_pthread_removeThreadKeys)
                             00003300                     : rom_sysbios.obj (.text:_pthread_removeThreadKeys)
ti_sysbios_knl_Task_disable__E  $Tramp$TT$L$PI$$ti_sysbios_knl_Task_disable__E
   1002ea4d     00005884     00002c5c   rom_sysbios.aem4f : rom_sysbios.obj (.text:ti_sysbios_knl_Task_setPri__E)
                             000032ba                     : rom_sysbios.obj (.text:_pthread_removeThreadKeys)
                             000040c6                     : rom_sysbios.obj (.text:pthread_exit)
                             00004d76   release_pem4f.oem4f (.text:ti_sysbios_BIOS_atExitFunc__I)
                             00004ffe   rom_sysbios.aem4f : rom_sysbios.obj (.text:_pthread_cleanupFxn)
                             00005266   dpl_cc13x2.aem4f : PowerCC26X2_tirtos.oem4f (.text:PowerCC26XX_schedulerDisable)
ti_sysbios_knl_Clock_stop__E  $Tramp$TT$L$PI$$ti_sysbios_knl_Clock_stop__E
   1002e2c5     0000588c     0000295e   dpl_cc13x2.aem4f : PowerCC26X2_tirtos.oem4f (.text:PowerCC26XX_standbyPolicy)
                             00005696                    : ClockP_tirtos.oem4f (.text:ClockP_stop)
ti_sysbios_knl_Clock_start__E  $Tramp$TT$L$PI$$ti_sysbios_knl_Clock_start__E
   1002e9e7     00005894     00002952   dpl_cc13x2.aem4f : PowerCC26X2_tirtos.oem4f (.text:PowerCC26XX_standbyPolicy)
                             00005692                    : ClockP_tirtos.oem4f (.text:ClockP_start)
ti_sysbios_knl_Clock_setTimeout__E  $Tramp$TT$L$PI$$ti_sysbios_knl_Clock_setTimeout__E
   1002ecc3     0000589c     0000294c   dpl_cc13x2.aem4f : PowerCC26X2_tirtos.oem4f (.text:PowerCC26XX_standbyPolicy)
                             0000568e                    : ClockP_tirtos.oem4f (.text:ClockP_setTimeout)
ti_sysbios_knl_Task_create  $Tramp$TT$L$PI$$ti_sysbios_knl_Task_create
   1002d529     000058a4     00002342   rom_sysbios.aem4f : rom_sysbios.obj (.text:pthread_create)
ti_sysbios_knl_Semaphore_construct  $Tramp$TT$L$PI$$ti_sysbios_knl_Semaphore_construct
   1002ddc1     000058ac     00002338   rom_sysbios.aem4f : rom_sysbios.obj (.text:pthread_create)
                             00004e52   dpl_cc13x2.aem4f : SemaphoreP_tirtos.oem4f (.text:SemaphoreP_constructBinary)
ti_sysbios_knl_Semaphore_Params__init__S  $Tramp$TT$L$PI$$ti_sysbios_knl_Semaphore_Params__init__S
   1002ebe5     000058b4     00002326   rom_sysbios.aem4f : rom_sysbios.obj (.text:pthread_create)
                             00004e42   dpl_cc13x2.aem4f : SemaphoreP_tirtos.oem4f (.text:SemaphoreP_constructBinary)
                             00004e6c                    : SemaphoreP_tirtos.oem4f (.text:SemaphoreP_createBinary)
ti_sysbios_knl_Queue_construct  $Tramp$TT$L$PI$$ti_sysbios_knl_Queue_construct
   1002dee5     000058bc     0000231a   rom_sysbios.aem4f : rom_sysbios.obj (.text:pthread_create)
xdc_runtime_Memory_alloc__E  $Tramp$TT$L$PI$$xdc_runtime_Memory_alloc__E
   1002f289     000058c4     000022c2   rom_sysbios.aem4f : rom_sysbios.obj (.text:pthread_create)
ti_sysbios_knl_Task_Params__init__S  $Tramp$TT$L$PI$$ti_sysbios_knl_Task_Params__init__S
   1002ec09     000058cc     000022ae   rom_sysbios.aem4f : rom_sysbios.obj (.text:pthread_create)
ti_sysbios_family_arm_m3_Hwi_restoreFxn__E  $Tramp$TT$L$PI$$ti_sysbios_family_arm_m3_Hwi_restoreFxn__E
   1002ec47     000058d4     0000139a   drivers_cc13x2.aem4f : UARTCC26XX.oem4f (.text:UARTCC26XX_open)
                             000013a6                        : UARTCC26XX.oem4f (.text:UARTCC26XX_open)
                             00001430                        : UARTCC26XX.oem4f (.text:UARTCC26XX_open)
                             00001938                        : UARTCC26XX.oem4f (.text:UARTCC26XX_read)
                             00001994                        : UARTCC26XX.oem4f (.text:UARTCC26XX_read)
                             000019bc                        : UARTCC26XX.oem4f (.text:UARTCC26XX_read)
                             000019ce                        : UARTCC26XX.oem4f (.text:UARTCC26XX_read)
                             00001a18                        : UARTCC26XX.oem4f (.text:UARTCC26XX_read)
                             00001a28                        : UARTCC26XX.oem4f (.text:UARTCC26XX_read)
                             00001cb8                        : I2CCC26XX.oem4f (.text:I2CCC26XX_transfer)
                             00001ccc                        : I2CCC26XX.oem4f (.text:I2CCC26XX_transfer)
                             0000225a                        : PINCC26XX.oem4f (.text:PINCC26XX_setIoCfg)
                             00002394                        : I2CCC26XX.oem4f (.text:I2CCC26XX_open)
                             000023a4                        : I2CCC26XX.oem4f (.text:I2CCC26XX_open)
                             000023c2                        : I2CCC26XX.oem4f (.text:I2CCC26XX_open)
                             00002484                        : UARTCC26XX.oem4f (.text:UARTCC26XX_write)
                             000024a6                        : UARTCC26XX.oem4f (.text:UARTCC26XX_write)
                             000024fc                        : UARTCC26XX.oem4f (.text:UARTCC26XX_write)
                             000025ec                        : PowerCC26X2.oem4f (.text:Power_releaseDependency)
                             000026b0                        : PowerCC26X2.oem4f (.text:Power_setDependency)
                             00002ed4                        : UARTCC26XX.oem4f (.text:writeTxFifoFlush)
                             00003012                        : UARTCC26XX.oem4f (.text:UARTCC26XX_writeCancel)
                             00003028                        : UARTCC26XX.oem4f (.text:UARTCC26XX_writeCancel)
                             0000305c                        : UARTCC26XX.oem4f (.text:UARTCC26XX_writeCancel)
                             00003190                        : I2CCC26XX.oem4f (.text:I2CCC26XX_cancel)
                             00003c0a                        : UARTCC26XX.oem4f (.text:UARTCC26XX_control)
                             00004006                        : PowerCC26X2_calibrateRCOSC.oem4f (.text:PowerCC26X2_initiateCalibration)
                             000042ae                        : UARTCC26XX.oem4f (.text:UARTCC26XX_readCancel)
                             000042c2                        : UARTCC26XX.oem4f (.text:UARTCC26XX_readCancel)
                             00004424                        : PowerCC26X2.oem4f (.text:switchXOSCHF)
                             00004516                        : PINCC26XX.oem4f (.text:PIN_setOutputEnable)
                             00004616                        : RingBuf.oem4f (.text:RingBuf_put)
                             00004640                        : RingBuf.oem4f (.text:RingBuf_put)
                             0000467a                        : I2C.oem4f (.text:I2C_init)
                             00004746                        : UART.oem4f (.text:UART_init)
                             0000484e                        : RingBuf.oem4f (.text:RingBuf_get)
                             00004856                        : RingBuf.oem4f (.text:RingBuf_get)
                             00004d34                        : PowerCC26X2.oem4f (.text:Power_releaseConstraint)
                             00004d64                        : PowerCC26X2.oem4f (.text:Power_setConstraint)
                             00004fd0                        : List.oem4f (.text:List_put)
                             00004ff6                        : List.oem4f (.text:List_remove)
                             00005108                        : PowerCC26X2.oem4f (.text:Power_unregisterNotify)
                             0000514e                        : UARTCC26XX.oem4f (.text:threadSafeStdbyDisRelease)
                             0000516e                        : UARTCC26XX.oem4f (.text:threadSafeStdbyDisSet)
xdc_runtime_System_doPrint__I  $Tramp$TT$L$PI$$xdc_runtime_System_doPrint__I
   1002ecf1     000058dc     00000f6a   release_pem4f.oem4f (.text:xdc_runtime_System_printfExtend__I)
ti_sysbios_knl_Swi_restore__E  $Tramp$TT$L$PI$$ti_sysbios_knl_Swi_restore__E
   1002db61     000058e4     000006f8   drivers_cc13x2.aem4f : PowerCC26X2.oem4f (.text:Power_sleep)
                             00005286   dpl_cc13x2.aem4f : PowerCC26X2_tirtos.oem4f (.text:PowerCC26XX_schedulerRestore)

[64 trampolines]
[141 trampoline calls]


GLOBAL SYMBOLS: SORTED ALPHABETICALLY BY Name 

address   name                                                               
-------   ----                                                               
000040e9  BME280_I2C_bus_read                                                
00003081  BME280_I2C_bus_write                                               
0000549d  BME280_delay_msek                                                  
00005e70  BoardGpioInitTable                                                 
00005211  Board_init                                                         
00000597  Board_initHook                                                     
000055f5  ClockP_Params_init                                                 
00004239  ClockP_construct                                                   
00005687  ClockP_destruct                                                    
0000568b  ClockP_getCpuFreq                                                  
1002dc11  ClockP_getSystemTicks                                              
0000568f  ClockP_setTimeout                                                  
[...]
1002eb3d  xdc_runtime_Timestamp_SupportProxy_getFreq__E                      
1002eb3d  xdc_runtime_Timestamp_SupportProxy_getFreq__E                      
1002eb3d  xdc_runtime_Timestamp_getFreq__E                                   
1002eb3d  xdc_runtime_Timestamp_getFreq__E                                   
1002eb49  ti_sysbios_family_arm_m3_Hwi_Params__init__S                       
1002eb49  ti_sysbios_hal_Hwi_HwiProxy_Params__init__S                        
1002eb55  ti_sysbios_family_arm_m3_Hwi_disableFxn__E                         
1002eb61  ti_sysbios_family_arm_m3_Hwi_enableFxn__E                          
1002eb6d  ti_sysbios_gates_GateHwi_enter__E                                  
1002eb79  ti_sysbios_BIOS_RtsGateProxy_Params__init__S                       
1002eb79  ti_sysbios_gates_GateMutex_Params__init__S                         
1002eb79  ti_sysbios_heaps_HeapMem_Module_GateProxy_Params__init__S          
1002eb85  ti_sysbios_heaps_HeapTrack_Params__init__S                         
1002eb91  ti_sysbios_heaps_HeapTrack_isBlocking__E                           
1002eb9d  ti_sysbios_knl_Clock_Params__init__S                               
1002eba9  ti_sysbios_knl_Clock_getTimerHandle__E                             
1002ebb5  ti_sysbios_knl_Event_Params__init__S                               
1002ebc1  ti_sysbios_knl_Mailbox_Params__init__S                             
1002ebcd  ti_sysbios_knl_Queue_dequeue__E                                    
1002ebd9  ti_sysbios_knl_Queue_enqueue__E                                    
1002ebe5  ti_sysbios_knl_Semaphore_Params__init__S                           
1002ebf1  ti_sysbios_knl_Swi_Params__init__S                                 
1002ebfd  ti_sysbios_knl_Swi_self__E                                         
1002ec09  ti_sysbios_knl_Task_Params__init__S                                
1002ec15  ti_sysbios_hal_Hwi_Instance_finalize__E                            
1002ec1f  ti_sysbios_knl_Event_Instance_init__E                              
1002ec29  ti_sysbios_family_arm_m3_Hwi_doSwiRestore__I                       
1002ec31  ti_sysbios_family_arm_m3_Hwi_startup__E                            
1002ec31  ti_sysbios_hal_Hwi_HwiProxy_startup__E                             
1002ec31  ti_sysbios_hal_Hwi_HwiProxy_startup__E                             
1002ec31  ti_sysbios_hal_Hwi_startup__E                                      
1002ec31  ti_sysbios_hal_Hwi_startup__E                                      
1002ec39  ti_sysbios_knl_Idle_loop__E                                        
1002ec41  ti_sysbios_family_arm_m3_Hwi_doTaskRestore__I                      
1002ec47  HwiP_restore                                                       
1002ec47  ti_sysbios_family_arm_m3_Hwi_restoreFxn__E                         
1002ec4d  ti_sysbios_gates_GateHwi_leave__E                                  
1002ec53  ti_sysbios_gates_GateMutex_Instance_finalize__E                    
1002ec59  ti_sysbios_heaps_HeapMem_isBlocking__E                             
1002ec5f  ti_sysbios_knl_Queue_Instance_init__E                              
1002ec65  ti_sysbios_knl_Queue_elemClear__E                                  
1002ec6b  ti_sysbios_knl_Swi_startup__E                                      
1002ec71  ti_sysbios_knl_Task_enable__E                                      
1002ec77  ti_sysbios_BIOS_RtsGateProxy_enter__E                              
1002ec7b  ti_sysbios_BIOS_RtsGateProxy_leave__E                              
1002ec7f  ti_sysbios_family_arm_cc26xx_Timer_getExpiredTicks__E              
1002ec83  ti_sysbios_family_arm_cc26xx_Timer_getPeriod__E                    
1002ec87  ti_sysbios_family_arm_cc26xx_Timer_setPeriod__E                    
1002ec8b  ti_sysbios_family_arm_m3_Hwi_delete                                
1002ec8f  ti_sysbios_family_arm_m3_TaskSupport_Module__startupDone__S        
1002ec8f  ti_sysbios_knl_Task_SupportProxy_Module__startupDone__S            
1002ec93  ti_sysbios_gates_GateHwi_query__E                                  
1002ec93  xdc_runtime_Main_Module_GateProxy_query__E                         
1002ec93  xdc_runtime_System_Module_GateProxy_query__E                       
1002ec93  xdc_runtime_System_Module_GateProxy_query__E                       
1002ec97  ti_sysbios_gates_GateMutex_delete                                  
1002ec9b  ti_sysbios_BIOS_RtsGateProxy_query__E                              
1002ec9b  ti_sysbios_BIOS_RtsGateProxy_query__E                              
1002ec9b  ti_sysbios_gates_GateMutex_query__E                                
1002ec9b  ti_sysbios_heaps_HeapMem_Module_GateProxy_query__E                 
1002ec9b  ti_sysbios_heaps_HeapMem_Module_GateProxy_query__E                 
1002ec9f  ti_sysbios_hal_Hwi_HwiProxy_create                                 
1002eca3  ti_sysbios_hal_Hwi_HwiProxy_delete                                 
1002eca7  ti_sysbios_hal_Hwi_delete                                          
1002ecab  ti_sysbios_heaps_HeapMem_Module_GateProxy_enter__E                 
1002ecaf  ti_sysbios_heaps_HeapMem_Module_GateProxy_leave__E                 
1002ecb3  ti_sysbios_knl_Clock_TimerProxy_getExpiredTicks__E                 
1002ecb7  ti_sysbios_knl_Clock_TimerProxy_getPeriod__E                       
1002ecbb  ti_sysbios_knl_Clock_delete                                        
1002ecbf  ti_sysbios_knl_Clock_removeI__E                                    
1002ecc3  ti_sysbios_knl_Clock_setTimeout__E                                 
1002ecc7  ti_sysbios_knl_Event_delete                                        
1002eccb  ti_sysbios_knl_Mailbox_delete                                      
1002eccf  ti_sysbios_knl_Queue_delete                                        
1002ecd3  ti_sysbios_knl_Queue_head__E                                       
1002ecd7  ti_sysbios_knl_Queue_next__E                                       
1002ecdb  ti_sysbios_knl_Semaphore_delete                                    
1002ecdf  ti_sysbios_knl_Swi_delete                                          
1002ece3  ti_sysbios_knl_Swi_postInit__I                                     
1002ece7  ti_sysbios_knl_Task_delete                                         
1002eceb  ti_sysbios_knl_Task_startup__E                                     
1002ecf1  xdc_runtime_System_doPrint__I                                      
1002f055  xdc_runtime_Startup_startMods__I                                   
1002f15d  xdc_runtime_Text_putSite__E                                        
1002f1f7  xdc_runtime_Error_policySpin__E                                    
1002f1f9  xdc_runtime_Text_putMod__E                                         
1002f289  xdc_runtime_Memory_alloc__E                                        
1002f2f9  xdc_runtime_Core_createObject__I                                   
1002f367  xdc_runtime_Core_deleteObject__I                                   
1002f3c5  xdc_runtime_Text_putLab__E                                         
1002f421  xdc_runtime_Assert_raise__I                                        
1002f475  xdc_runtime_Startup_exec__E                                        
1002f4c9  xdc_runtime_Core_assignParams__I                                   
1002f511  xdc_runtime_Core_constructObject__I                                
1002f559  xdc_runtime_System_atexit__E                                       
1002f5a1  xdc_runtime_Text_xprintf__I                                        
1002f5e5  xdc_runtime_System_processAtExit__E                                
1002f625  xdc_runtime_System_putchar__I                                      
1002f659  xdc_runtime_Core_assignLabel__I                                    
1002f689  xdc_runtime_Text_printVisFxn__I                                    
1002f6b9  xdc_runtime_System_vprintf__E                                      
1002f6e5  xdc_runtime_Text_cordText__E                                       
1002f711  xdc_runtime_System_abort__E                                        
1002f739  xdc_runtime_Error_raiseX__E                                        
1002f759  xdc_runtime_Registry_findById__E                                   
1002f779  xdc_runtime_Error_check__E                                         
1002f795  xdc_runtime_Memory_valloc__E                                       
1002f7b1  xdc_runtime_System_exit__E                                         
1002f7cd  xdc_runtime_Text_ropeText__E                                       
1002f7e9  xdc_runtime_System_printf__E                                       
1002f803  xdc_runtime_Core_destructObject__I                                 
1002f81b  xdc_runtime_System_abortSpin__E                                    
1002f81d  xdc_runtime_Memory_free__E                                         
1002f831  xdc_runtime_Memory_getStats__E                                     
1002f845  xdc_runtime_SysCallback_abort__E                                   
1002f845  xdc_runtime_System_SupportProxy_abort__E                           
1002f859  xdc_runtime_SysCallback_exit__E                                    
1002f859  xdc_runtime_System_SupportProxy_exit__E                            
1002f86d  xdc_runtime_SysCallback_flush__E                                   
1002f86d  xdc_runtime_System_SupportProxy_flush__E                           
1002f86d  xdc_runtime_System_flush__E                                        
1002f881  xdc_runtime_SysCallback_putch__E                                   
1002f881  xdc_runtime_System_SupportProxy_putch__E                           
1002f895  xdc_runtime_SysCallback_ready__E                                   
1002f895  xdc_runtime_System_SupportProxy_ready__E                           
1002f8a9  xdc_runtime_Memory_getMaxDefaultTypeAlign__E                       
1002f8b9  xdc_runtime_System_vsnprintf__E                                    
1002f8c9  xdc_runtime_Timestamp_SupportProxy_get32__E                        
1002f8c9  xdc_runtime_Timestamp_SupportProxy_get32__E                        
1002f8c9  xdc_runtime_Timestamp_get32__E                                     
1002f8c9  xdc_runtime_Timestamp_get32__E                                     
1002f8d9  xdc_runtime_Memory_calloc__E                                       
1002f8e5  xdc_runtime_Startup_rtsDone__E                                     
1002f8f1  xdc_runtime_Memory_HeapProxy_alloc__E                              
1002f8fb  xdc_runtime_Memory_HeapProxy_free__E                               
1002f905  xdc_runtime_Memory_HeapProxy_getStats__E                           
1002f90f  xdc_runtime_Gate_leaveSystem__E                                    
1002f915  xdc_runtime_System_Module_startup__E                               
1002f91b  xdc_runtime_Gate_enterSystem__E                                    
1002f91f  xdc_runtime_SysCallback_Module__startupDone__S                     
1002f91f  xdc_runtime_System_SupportProxy_Module__startupDone__S             
1002f923  xdc_runtime_System_Module_GateProxy_enter__E                       
1002f927  xdc_runtime_System_Module_GateProxy_leave__E                       
1002f92b  xdc_runtime_System_printf_va__F                                    
1002f92f  xdc_runtime_System_exitSpin__E                                     
1002f931  ti_sysbios_family_arm_m3_Hwi_dispatch__I                           
1002fa11  ti_sysbios_family_arm_m3_Hwi_interruptsAreDisabledButShouldNotBe   
1002fa2d  ti_sysbios_family_arm_m3_TaskSupport_buildTaskStack                
1002fab9  ti_sysbios_family_arm_m3_Hwi_initStacks__E                         
1002fb11  ti_sysbios_family_arm_m3_Hwi_pendSV__I                             
1002fb35  ti_sysbios_family_arm_m3_Hwi_return                                
1002fb39  ti_sysbios_family_arm_m3_Hwi_excHandlerAsm__I                      
1002fb59  ti_sysbios_family_xxx_Hwi_switchAndRunFunc                         
1002fb77  ti_sysbios_family_arm_m3_TaskSupport_swap__E                       
1002fb77  ti_sysbios_knl_Task_SupportProxy_swap__E                           
1002fb77  ti_sysbios_knl_Task_SupportProxy_swap__E                           
1002fb83  ti_sysbios_knl_Task_swapReturn                                     
1002fb8f  ti_sysbios_family_arm_m3_TaskSupport_glue                          
1002fba0  ti_sysbios_knl_Task_Object__PARAMS__C                              
1002fbdc  ti_sysbios_knl_Mailbox_Object__PARAMS__C                           
1002fc10  ti_sysbios_family_arm_m3_Hwi_Object__PARAMS__C                     
1002fc40  ti_sysbios_hal_Hwi_Object__PARAMS__C                               
1002fc6c  ti_sysbios_knl_Swi_Object__PARAMS__C                               
1002fc94  ti_sysbios_heaps_HeapMem_Object__PARAMS__C                         
1002fcb8  ti_sysbios_knl_Clock_Object__PARAMS__C                             
1002fcdc  ti_sysbios_knl_Semaphore_Object__PARAMS__C                         
1002fd00  ti_sysbios_gates_GateHwi_Object__PARAMS__C                         
1002fd18  ti_sysbios_gates_GateMutex_Object__PARAMS__C                       
1002fd30  ti_sysbios_knl_Event_Object__PARAMS__C                             
1002fd48  ti_sysbios_knl_Queue_Object__PARAMS__C                             
1002fd80  ti_sysbios_heaps_HeapTrack_Object__PARAMS__C                       
1002fd9c  ti_sysbios_heaps_HeapTrack_Instance_State_trackQueue__O            
1002fda0  ti_sysbios_heaps_HeapTrack_Module__diagsEnabled__C                 
1002fda4  ti_sysbios_heaps_HeapTrack_Module__diagsIncluded__C                
1002fda8  ti_sysbios_heaps_HeapTrack_Module__diagsMask__C                    
1002fddb  strlen                                                             
20000000  __start___llvm_prf_cnts                                            
20000000  __stop___llvm_prf_cnts                                             
20000000  ti_sysbios_family_arm_m3_Hwi_ramVectors                            
20000100  xdcRomConstPtr                                                     
20000104  xdcRomExternFuncPtr                                                
20000108  xdcRomStatePtr                                                     
20000110  __primary_heap_start__                                             
20001110  __primary_heap_end__                                               
20001510  ti_sysbios_knl_Task_Instance_State_0_stack__A                      
20001710  uartCC26XXObjects                                                  
2000183c  i2cCC26xxObjects                                                   
2000191c  ti_sysbios_family_arm_m3_Hwi_dispatchTable                         
200019f4  pinHandleTable                                                     
20001a70  bme280                                                             
20001b74  i2cParams                                                          
20001b84  displayUartObject                                                  
20001b9c  ClockP_tickPeriod                                                  
20001ba0  PowerCC26XX_swiKey                                                 
20001ba4  PowerCC26XX_taskKey                                                
20001ba8  i2c                                                                
20001bac  driverlib_release_0_55938                                          
20001bb0  PowerCC26X2_module                                                 
20001cc0  ROM_stateStruct                                                    
20001cc0  ti_sysbios_knl_Clock_Module__state__V                              
20001cec  ti_sysbios_family_arm_cc26xx_TimestampProvider_Module__state__V    
20001cf0  xdc_runtime_Startup_Module__state__V                               
20001cf8  xdc_runtime_Registry_Module__state__V                              
20001d00  ti_sysbios_BIOS_Module__state__V                                   
20001d24  ti_sysbios_knl_Swi_Module__state__V                                
20001d40  ti_sysbios_knl_Task_Module__state__V                               
20001d84  xdc_runtime_Memory_Module__state__V                                
20001d88  xdc_runtime_System_Module__state__V                                
20001d90  ti_sysbios_family_arm_m3_Hwi_Module__state__V                      
20001dc4  ti_sysbios_family_arm_cc26xx_Timer_Module__state__V                
20001e54  ti_sysbios_gates_GateMutex_Object__table__V                        
20001ea8  ti_sysbios_knl_Task_Object__table__V                               
20001ef8  ti_sysbios_family_arm_cc26xx_Timer_Object__table__V                
20001f40  ti_sysbios_knl_Swi_Module_State_0_readyQ__A                        
20001f70  ti_sysbios_knl_Swi_Object__table__V                                
20001fa0  ti_sysbios_knl_Task_Module_State_0_readyQ__A                       
20001fd0  ti_sysbios_knl_Clock_Object__table__V                              
20001ff0  xdc_runtime_Error_IgnoreBlock                                      
20002010  ti_sysbios_family_arm_m3_Hwi_Object__table__V                      
20002028  ti_sysbios_heaps_HeapMem_Object__table__V                          
20002040  g_s32ActualTemp                                                    
20002044  g_u32ActualPress                                                   
20002048  g_u32ActualHumity                                                  
2000204c  _lock                                                              
20002050  _unlock                                                            
20002054  pinUpperBound                                                      
20002058  pinLowerBound                                                      
2000205c  ti_sysbios_family_arm_m3_Hwi_Module__root__V                       
20002064  ti_sysbios_gates_GateHwi_Module__root__V                           
2000206c  ti_sysbios_gates_GateMutex_Module__root__V                         
20002074  ti_sysbios_hal_Hwi_Module__root__V                                 
2000207c  ti_sysbios_heaps_HeapMem_Module__root__V                           
20002084  ti_sysbios_knl_Clock_Module__root__V                               
2000208c  ti_sysbios_knl_Event_Module__root__V                               
20002094  ti_sysbios_knl_Mailbox_Module__root__V                             
2000209c  ti_sysbios_knl_Queue_Module__root__V                               
200020a4  ti_sysbios_knl_Semaphore_Module__root__V                           
200020ac  ti_sysbios_knl_Swi_Module__root__V                                 
200020b4  ti_sysbios_knl_Task_Module__root__V                                
200020bc  xdc_runtime_System_Module_State_0_atexitHandlers__A                
200020c4  main_func_sp                                                       
200020c8  ti_sysbios_family_arm_m3_Hwi_Module_State_0_excContext__A          
200020cc  ti_sysbios_family_arm_m3_Hwi_Module_State_0_excStack__A            
200020d0  ti_sysbios_knl_Task_Module_State_0_idleTask__A                     
200020d4  ti_sysbios_family_arm_m3_Hwi_Module_State_0_excActive__A           
20013c00  __stack                                                            
20014000  __STACK_END                                                        
e000e000  ti_sysbios_family_arm_m3_Hwi_nvic                                  
ffffffff  __TI_pprof_out_hndl                                                
ffffffff  __TI_prof_data_size                                                
ffffffff  __TI_prof_data_start                                               
ffffffff  __binit__                                                          
ffffffff  __c_args__                                                         
ffffffff  binit                                                              
UNDEFED   SHT$$INIT_ARRAY$$Base                                              
UNDEFED   SHT$$INIT_ARRAY$$Limit                                             

[896 symbols]
