******************************************************************************
                  TI ARM Linker Unix v20.2.4                   
******************************************************************************
>> Linked Sun Jun 20 18:39:46 2021

OUTPUT FILE NAME:   <i2cbmi160_CC1352R1_LAUNCHXL_tirtos_ccs.out>
ENTRY POINT SYMBOL: "ResetISR"  address: 000089a1


MEMORY CONFIGURATION

         name            origin    length      used     unused   attr    fill
----------------------  --------  ---------  --------  --------  ----  --------
  FLASH                 00000000   00058000  0000b1ff  0004ce01  R  X
  GPRAM                 11000000   00002000  00000000  00002000  RW X
  SRAM                  20000000   00014000  000035dc  00010a24  RW X


SEGMENT ALLOCATION MAP

run origin  load origin   length   init length attrs members
----------  ----------- ---------- ----------- ----- -------
00000000    00000000    0000b1a8   0000b1a8    r-x
  00000000    00000000    0000003c   0000003c    r-- .resetVecs
  0000003c    0000003c    0000a89c   0000a89c    r-x .text
  0000a8d8    0000a8d8    000006f7   000006f7    r-- .const
  0000afd0    0000afd0    000001d8   000001d8    r-- .cinit
00057fa8    00057fa8    00000058   00000058    r--
  00057fa8    00057fa8    00000058   00000058    r-- .ccfg
20000100    20000100    00001bc2   00000000    rw-
  20000100    20000100    00000004   00000000    rw- .data:xdcRomConstPtr
  20000104    20000104    00000004   00000000    rw- .data:xdcRomExternFuncPtr
  20000108    20000108    00000004   00000000    rw- .data:xdcRomStatePtr
  20000110    20000110    00001bb2   00000000    rw- .bss
20001cc8    20001cc8    00001000   00000000    r--
  20001cc8    20001cc8    00001000   00000000    r-- .priheap
20002cc8    20002cc8    00000546   00000000    rw-
  20002cc8    20002cc8    00000546   00000000    rw- .data
20013c00    20013c00    00000400   00000000    rw-
  20013c00    20013c00    00000400   00000000    rw- .stack


SECTION ALLOCATION MAP

 output                                  attributes/
section   page    origin      length       input sections
--------  ----  ----------  ----------   ----------------
.binit     0    00000000    00000000     

.cinit     0    0000afd0    000001d8     
                  0000afd0    0000017d     (.cinit..data.load) [load image, compression = lzss]
                  0000b14d    00000003     --HOLE-- [fill = 0]
                  0000b150    0000000c     (__TI_handler_table)
                  0000b15c    00000004     --HOLE-- [fill = 0]
                  0000b160    00000008     (.cinit..bss.load) [load image, compression = zero_init]
                  0000b168    00000008     (.cinit..data:xdcRomConstPtr.load) [load image, compression = lzss]
                  0000b170    00000008     (.cinit..data:xdcRomExternFuncPtr.load) [load image, compression = lzss]
                  0000b178    00000008     (.cinit..data:xdcRomStatePtr.load) [load image, compression = lzss]
                  0000b180    00000028     (__TI_cinit_table)

.init_array 
*          0    00000000    00000000     UNINITIALIZED

.ccfg      0    00057fa8    00000058     
                  00057fa8    00000058     ti_devices_config.obj (.ccfg:retain)

.bss       0    20000110    00001bb2     UNINITIALIZED
                  20000110    00000e4c     (.common:header_data)
                  20000f5c    00000400     ti_drivers_config.obj (.bss:displayUARTBuffer)
                  2000135c    00000004     drivers_cc13x2.aem4f : PINCC26XX.oem4f (.bss)
                  20001360    00000200     release_pem4f.oem4f (.bss:taskStackSection)
                  20001560    00000200     sail.lib : bmi160.obj (.bss:v_fifo_data_u8)
                  20001760    0000012c     (.common:uartCC26XXObjects)
                  2000188c    000000e0     (.common:i2cCC26xxObjects)
                  2000196c    000000d8     (.common:ti_sysbios_family_arm_m3_Hwi_dispatchTable)
                  20001a44    0000007c     (.common:pinHandleTable)
                  20001ac0    00000040     (.common:yas537_data)
                  20001b00    00000034     drivers_cc13x2.aem4f : PINCC26XX.oem4f (.bss:pinSwi)
                  20001b34    00000020                          : GPIOCC26XX.oem4f (.bss:gpioCallbackInfo)
                  20001b54    00000020                          : PINCC26XX.oem4f (.bss:pinGpioConfigTable)
                  20001b74    00000020     ti_drivers_config.obj (.bss:uartCC26XXRingBuffer0)
                  20001b94    0000001c     driverlib.lib : osc.obj (.bss:$O1$$)
                  20001bb0    0000001c     drivers_cc13x2.aem4f : PINCC26XX.oem4f (.bss:pinHwi)
                  20001bcc    0000001c                          : PINCC26XX.oem4f (.bss:pinSemaphore)
                  20001be8    0000001c     (.common:bmi160Sem)
                  20001c04    0000001c     (.common:displaySem)
                  20001c20    00000014     (.common:s_bmi160)
                  20001c34    00000010     (.common:i2cParams)
                  20001c44    00000010     (.common:mag_trim)
                  20001c54    0000000c                          : GPIOCC26XX.oem4f (.bss:gpioPinState)
                  20001c60    0000000c     (.common:displayUartObject)
                  20001c6c    0000000c     (.common:fifo_vector_xyz)
                  20001c78    0000000c     (.common:processed_data)
                  20001c84    00000008                          : GPIOCC26XX.oem4f (.bss)
                  20001c8c    00000008     (.common:mag_data)
                  20001c94    00000004     (.common:ClockP_tickPeriod)
                  20001c98    00000004     (.common:PowerCC26XX_swiKey)
                  20001c9c    00000004     (.common:PowerCC26XX_taskKey)
                  20001ca0    00000004     (.common:cbTask)
                  20001ca4    00000004     (.common:dispTask)
                  20001ca8    00000004     (.common:display)
                  20001cac    00000004     (.common:gyr_setting)
                  20001cb0    00000004     (.common:i2c)
                  20001cb4    00000004     (.common:p_bmi160)
                  20001cb8    00000002     (.common:gyro_off_x)
                  20001cba    00000002     (.common:gyro_off_y)
                  20001cbc    00000002     (.common:gyro_off_z)
                  20001cbe    00000001     (.common:accel_off_x)
                  20001cbf    00000001     (.common:accel_off_y)
                  20001cc0    00000001     (.common:accel_off_z)
                  20001cc1    00000001     (.common:driverlib_release_0_55938)

.data      0    20002cc8    00000546     UNINITIALIZED
                  20002cc8    00000110     drivers_cc13x2.aem4f : PowerCC26X2.oem4f (.data:PowerCC26X2_module)
                  20002dd8    0000010c     release_pem4f.oem4f (.data:ROM_stateStruct)
                  20002ee4    00000088     rom_sysbios.aem4f : rom_sysbios.obj (.data:$O1$$)
                  20002f6c    00000054     release_pem4f.oem4f (.data:ti_sysbios_gates_GateMutex_Object__table__V)
                  20002fc0    0000004c     release_pem4f.oem4f (.data:ti_sysbios_knl_Task_Object__table__V)
                  2000300c    00000004     bmi160_support.obj (.data)
                  20003010    00000048     release_pem4f.oem4f (.data:ti_sysbios_family_arm_cc26xx_Timer_Object__table__V)
                  20003058    00000030     release_pem4f.oem4f (.data:ti_sysbios_knl_Swi_Module_State_0_readyQ__A)
                  20003088    00000030     release_pem4f.oem4f (.data:ti_sysbios_knl_Swi_Object__table__V)
                  200030b8    00000030     release_pem4f.oem4f (.data:ti_sysbios_knl_Task_Module_State_0_readyQ__A)
                  200030e8    00000020     release_pem4f.oem4f (.data:ti_sysbios_knl_Clock_Object__table__V)
                  20003108    00000020     release_pem4f.oem4f (.data:xdc_runtime_Error_IgnoreBlock)
                  20003128    00000018     release_pem4f.oem4f (.data:ti_sysbios_family_arm_m3_Hwi_Object__table__V)
                  20003140    00000018     release_pem4f.oem4f (.data:ti_sysbios_heaps_HeapMem_Object__table__V)
                  20003158    0000000c     bmi160_support.obj (.data:magxyz)
                  20003164    00000008     rtsv7M4_T_le_v4SPD16_eabi.lib : _lock.c.obj (.data:$O1$$)
                  2000316c    00000008     drivers_cc13x2.aem4f : PINCC26XX.oem4f (.data)
                  20003174    00000008     release_pem4f.oem4f (.data:ti_sysbios_family_arm_m3_Hwi_Module__root__V)
                  2000317c    00000008     release_pem4f.oem4f (.data:ti_sysbios_gates_GateHwi_Module__root__V)
                  20003184    00000008     release_pem4f.oem4f (.data:ti_sysbios_gates_GateMutex_Module__root__V)
                  2000318c    00000008     release_pem4f.oem4f (.data:ti_sysbios_hal_Hwi_Module__root__V)
                  20003194    00000008     release_pem4f.oem4f (.data:ti_sysbios_heaps_HeapMem_Module__root__V)
                  2000319c    00000008     release_pem4f.oem4f (.data:ti_sysbios_knl_Clock_Module__root__V)
                  200031a4    00000008     release_pem4f.oem4f (.data:ti_sysbios_knl_Event_Module__root__V)
                  200031ac    00000008     release_pem4f.oem4f (.data:ti_sysbios_knl_Mailbox_Module__root__V)
                  200031b4    00000008     release_pem4f.oem4f (.data:ti_sysbios_knl_Queue_Module__root__V)
                  200031bc    00000008     release_pem4f.oem4f (.data:ti_sysbios_knl_Semaphore_Module__root__V)
                  200031c4    00000008     release_pem4f.oem4f (.data:ti_sysbios_knl_Swi_Module__root__V)
                  200031cc    00000008     release_pem4f.oem4f (.data:ti_sysbios_knl_Task_Module__root__V)
                  200031d4    00000008     release_pem4f.oem4f (.data:xdc_runtime_System_Module_State_0_atexitHandlers__A)
                  200031dc    00000006     bmi160_support.obj (.data:accelxyz)
                  200031e2    00000006     bmi160_support.obj (.data:gyroxyz)
                  200031e8    00000005     drivers_cc13x2.aem4f : GPIOCC26XX.oem4f (.data)
                  200031ed    00000001                          : I2C.oem4f (.data)
                  200031ee    00000002     release_pem4f.oem4f (.data:ti_sysbios_family_arm_m3_Hwi_Module_State_0_excActive__A)
                  200031f0    00000004     ti_drivers_config.obj (.data:gpioCallbackFunctions)
                  200031f4    00000004     ti_drivers_config.obj (.data:gpioPinConfigs)
                  200031f8    00000004     drivers_cc13x2.aem4f : GPIOCC26XX.oem4f (.data:gpioPinTable)
                  200031fc    00000004     rtsv7M4_T_le_v4SPD16_eabi.lib : stkdepth_vars.c.obj (.data)
                  20003200    00000004     release_pem4f.oem4f (.data:ti_sysbios_family_arm_m3_Hwi_Module_State_0_excContext__A)
                  20003204    00000004     release_pem4f.oem4f (.data:ti_sysbios_family_arm_m3_Hwi_Module_State_0_excStack__A)
                  20003208    00000004     release_pem4f.oem4f (.data:ti_sysbios_knl_Task_Module_State_0_idleTask__A)
                  2000320c    00000001     drivers_cc13x2.aem4f : UART.oem4f (.data)
                  2000320d    00000001     sail.lib : bmi160.obj (.data)

.stack     0    20013c00    00000400     UNINITIALIZED
                  20013c00    00000400     --HOLE--

.priheap   0    20001cc8    00001000     UNINITIALIZED
                  20001cc8    00001000     --HOLE--

.data:xdcRomConstPtr 
*          0    20000100    00000004     UNINITIALIZED
                  20000100    00000004     release_pem4f.oem4f (.data:xdcRomConstPtr)

.data:xdcRomExternFuncPtr 
*          0    20000104    00000004     UNINITIALIZED
                  20000104    00000004     release_pem4f.oem4f (.data:xdcRomExternFuncPtr)

.data:xdcRomStatePtr 
*          0    20000108    00000004     UNINITIALIZED
                  20000108    00000004     release_pem4f.oem4f (.data:xdcRomStatePtr)

.bootVecs 
*          0    00000000    00000008     DSECT
                  00000000    00000008     boot.aem4f : boot.oem4f (.bootVecs)

.resetVecs 
*          0    00000000    0000003c     
                  00000000    0000003c     release_pem4f.oem4f (.resetVecs)

.vecs      0    20000000    000000d8     NOLOAD SECTION
                  20000000    000000d8     release_pem4f.oem4f (.vecs)

xdc.meta   0    00000000    0000010c     COPY SECTION
                  00000000    0000010c     release_pem4f.oem4f (xdc.meta)

xdc.noload 
*          0    00000000    00000000     COPY SECTION

__llvm_prf_cnts 
*          0    20000000    00000000     UNINITIALIZED

.text      0    0000003c    0000a89c     
                  0000003c    00000c18     sail.lib : bmi160.obj (.text:bmi160_read_fifo_header_data_user_defined_length)
                  00000c54    00000ab0     bmi160_support.obj (.text:bmi160_config_running_mode)
                  00001704    000004ac     sail.lib : bmi160.obj (.text:bmi160_read_bmm150_mag_trim)
                  00001bb0    000003c8              : bmi160.obj (.text:bmi160_second_if_mag_compensate_xyz)
                  00001f78    00000360              : bmi160.obj (.text:bmi160_bmm150_mag_interface_init)
                  000022d8    0000035c              : bmi160.obj (.text:bmi160_set_bmm150_mag_presetmode)
                  00002634    000002fc              : bmi160.obj (.text:bmi160_set_accel_output_data_rate)
                  00002930    000002d8              : bmi160.obj (.text:bmi160_set_intr_enable_0)
                  00002c08    000002d8              : bmi160.obj (.text:bmi160_set_intr_enable_1)
                  00002ee0    00000288              : bmi160.obj (.text:bmi160_bst_yamaha_yas537_fifo_xyz_data)
                  00003168    00000278     bmi160_support.obj (.text:bmiInterruptHandlerTask)
                  000033e0    00000250     sail.lib : bmi160.obj (.text:bmi160_accel_foc_trigger_xyz)
                  00003630    000001c4     drivers_cc13x2.aem4f : PINCC26XX.oem4f (.text:PIN_init)
                  000037f4    000001b6     rtsv7M4_T_le_v4SPD16_eabi.lib : fd_add_t2.asm.obj (.text)
                  000039aa    00000002     ti_drivers_config.obj (.text:Board_initHook)
                  000039ac    000001b4     bmi160_support.obj (.text:bmi160_initialize_sensor)
                  00003b60    000001a8     drivers_cc13x2.aem4f : PowerCC26X2.oem4f (.text:Power_sleep)
                  00003d08    00000190                          : PowerCC26X2_calibrateRCOSC.oem4f (.text:calibrateRcoscHf1)
                  00003e98    0000018c                          : PowerCC26X2.oem4f (.text:Power_init)
                  00004024    0000018c     sail.lib : bmi160.obj (.text:bmi160_set_foc_gyro_enable)
                  000041b0    0000018c     drivers_cc13x2.aem4f : PowerCC26X2_calibrateRCOSC.oem4f (.text:runCalibrateFsm)
                  0000433c    00000188     release_pem4f.oem4f (.text:xdc_runtime_System_printfExtend__I)
                  000044c4    00000164     drivers_cc13x2.aem4f : UARTCC26XX.oem4f (.text:UARTCC26XX_open)
                  00004628    00000158     sail.lib : bmi160.obj (.text:bmi160_set_intr_enable_2)
                  00004780    00000154     drivers_cc13x2.aem4f : UARTCC26XX.oem4f (.text:UARTCC26XX_hwiIntFxn)
                  000048d4    00000150     sail.lib : bmi160.obj (.text:bmi160_bmm150_mag_set_power_mode)
                  00004a24    0000014c     bmi160_support.obj (.text:displayTask)
                  00004b70    00000140     sail.lib : bmi160.obj (.text:bmi160_set_bmm150_mag_and_secondary_if_power_mode)
                  00004cb0    0000013a     drivers_cc13x2.aem4f : UARTCC26XX.oem4f (.text:UARTCC26XX_read)
                  00004dea    00000002     display.aem4f : DisplayUart.oem4f (.text:DisplayUartMin_clear)
                  00004dec    00000118     drivers_cc13x2.aem4f : I2CCC26XX.oem4f (.text:I2CCC26XX_hwiFxn)
                  00004f04    00000114                          : I2CCC26XX.oem4f (.text:I2CCC26XX_transfer)
                  00005018    00000110                          : GPIOCC26XX.oem4f (.text:GPIO_setConfig)
                  00005128    00000100                          : PowerCC26X2.oem4f (.text:configureXOSCHF)
                  00005228    000000fc     driverlib.lib : sys_ctrl.obj (.text:NOROM_SysCtrlStandby)
                  00005324    000000fc     rtsv7M4_T_le_v4SPD16_eabi.lib : fd_mul_t2.asm.obj (.text)
                  00005420    000000f8     drivers_cc13x2.aem4f : PINCC26XX.oem4f (.text:PINCC26XX_setIoCfg)
                  00005518    000000f8     sail.lib : bmi160.obj (.text:bmi160_set_intr_fifo_wm)
                  00005610    000000f8              : bmi160.obj (.text:bmi160_set_intr_level)
                  00005708    000000f8              : bmi160.obj (.text:bmi160_set_output_enable)
                  00005800    000000f0     i2cbmi160.obj (.text:mainThread)
                  000058f0    000000ec     rom_sysbios.aem4f : rom_sysbios.obj (.text:pthread_create)
                  000059dc    000000e4     drivers_cc13x2.aem4f : I2CCC26XX.oem4f (.text:I2CCC26XX_open)
                  00005ac0    000000e0                          : UARTCC26XX.oem4f (.text:UARTCC26XX_write)
                  00005ba0    000000d4     sail.lib : bmi160.obj (.text:bmi160_bmm150_mag_wakeup)
                  00005c74    000000d0              : bmi160.obj (.text:bmi160_set_gyro_output_data_rate)
                  00005d44    000000c8     drivers_cc13x2.aem4f : PowerCC26X2.oem4f (.text:Power_releaseDependency)
                  00005e0c    000000c4                          : GPIOCC26XX.oem4f (.text:GPIO_init)
                  00005ed0    000000c4                          : PowerCC26X2.oem4f (.text:Power_setDependency)
                  00005f94    000000c4     sail.lib : bmi160.obj (.text:bmi160_bmm150_mag_compensate_X)
                  00006058    000000c4              : bmi160.obj (.text:bmi160_bmm150_mag_compensate_Y)
                  0000611c    000000c0     drivers_cc13x2.aem4f : UARTCC26XX.oem4f (.text:UARTCC26XX_initIO)
                  000061dc    000000c0     sail.lib : bmi160.obj (.text:bmi160_read_mag_xyzr)
                  0000629c    000000bc              : bmi160.obj (.text:bmi160_get_gyro_offset_compensation_yaxis)
                  00006358    000000bc              : bmi160.obj (.text:bmi160_get_gyro_offset_compensation_zaxis)
                  00006414    000000b8     drivers_cc13x2.aem4f : UARTCC26XX.oem4f (.text:UARTCC26XX_initHw)
                  000064cc    000000b8     sail.lib : bmi160.obj (.text:bmi160_get_gyro_offset_compensation_xaxis)
                  00006584    000000b4     dpl_cc13x2.aem4f : PowerCC26X2_tirtos.oem4f (.text:PowerCC26XX_standbyPolicy)
                  00006638    000000ac     drivers_cc13x2.aem4f : PINCC26XX.oem4f (.text:PIN_open)
                  000066e4    000000ac     driverlib.lib : setup.obj (.text:TrimAfterColdResetWakeupFromShutDown)
                  00006790    000000a8     sail.lib : bmi160.obj (.text:bmi160_set_mag_output_data_rate)
                  00006838    000000a4              : bmi160.obj (.text:bmi160_set_mag_manual_enable)
                  000068dc    000000a0     auto_init.aem4f : auto_init.oem4f (.text)
                  0000697c    000000a0     sail.lib : bmi160.obj (.text:invalid_magnetic_field)
                  00006a1c    000000a0     rom_sysbios.aem4f : rom_sysbios.obj (.text:ti_sysbios_knl_Task_setPri__E)
                  00006abc    0000009c     rtsv7M4_T_le_v4SPD16_eabi.lib : memcpy_t2.asm.obj (.text)
                  00006b58    00000098     driverlib.lib : setup.obj (.text:NOROM_SetupTrimDevice)
                  00006bf0    00000098     drivers_cc13x2.aem4f : UARTCC26XX.oem4f (.text:writeTxFifoFlush)
                  00006c88    00000096     rtsv7M4_T_le_v4SPD16_eabi.lib : ull_div_t2.asm.obj (.text)
                  00006d1e    00000002     display.aem4f : DisplayUart.oem4f (.text:DisplayUartMin_clearLines)
                  00006d20    00000094     sail.lib : bmi160.obj (.text:bmi160_bmm150_mag_compensate_Z)
                  00006db4    00000094              : bmi160.obj (.text:bmi160_set_mag_interface_normal)
                  00006e48    00000092     drivers_cc13x2.aem4f : UARTCC26XX.oem4f (.text:UARTCC26XX_writeCancel)
                  00006eda    00000002     display.aem4f : DisplayUart.oem4f (.text:DisplayUartMin_init)
                  00006edc    00000090     bmi160_support.obj (.text:BMI160_I2C_bus_write)
                  00006f6c    00000090     drivers_cc13x2.aem4f : I2CCC26XX.oem4f (.text:I2CCC26XX_cancel)
                  00006ffc    00000090     sail.lib : bmi160.obj (.text:bmi160_set_accel_bw)
                  0000708c    00000090              : bmi160.obj (.text:bmi160_set_accel_under_sampling_parameter)
                  0000711c    00000090              : bmi160.obj (.text:bmi160_set_fifo_accel_enable)
                  000071ac    00000090              : bmi160.obj (.text:bmi160_set_fifo_gyro_enable)
                  0000723c    00000090              : bmi160.obj (.text:bmi160_set_fifo_header_enable)
                  000072cc    00000090              : bmi160.obj (.text:bmi160_set_fifo_mag_enable)
                  0000735c    00000090              : bmi160.obj (.text:bmi160_set_fifo_time_enable)
                  000073ec    00000090              : bmi160.obj (.text:bmi160_set_gyro_bw)
                  0000747c    00000090              : bmi160.obj (.text:bmi160_set_gyro_sleep_state)
                  0000750c    00000090              : bmi160.obj (.text:bmi160_set_gyro_sleep_trigger)
                  0000759c    00000090              : bmi160.obj (.text:bmi160_set_gyro_wakeup_intr)
                  0000762c    00000090              : bmi160.obj (.text:bmi160_set_gyro_wakeup_trigger)
                  000076bc    00000090              : bmi160.obj (.text:bmi160_set_if_mode)
                  0000774c    00000090              : bmi160.obj (.text:bmi160_set_paging_enable)
                  000077dc    00000090              : bmi160.obj (.text:bmi160_set_target_page)
                  0000786c    0000008c     drivers_cc13x2.aem4f : I2CCC26XX.oem4f (.text:I2CCC26XX_primeTransfer)
                  000078f8    00000088     driverlib.lib : osc.obj (.text:NOROM_OSCHF_AttemptToSwitchToXosc)
                  00007980    00000088     rom_sysbios.aem4f : rom_sysbios.obj (.text:_pthread_removeThreadKeys)
                  00007a08    00000088     drivers_cc13x2.aem4f : PowerCC26X2_calibrateRCOSC.oem4f (.text:calibrateRcoscHf2)
                  00007a90    00000088                          : PowerCC26X2.oem4f (.text:disableLFClockQualifiers)
                  00007b18    00000088                          : PowerCC26X2_calibrateRCOSC.oem4f (.text:updateSubSecInc)
                  00007ba0    00000086     rtsv7M4_T_le_v4SPD16_eabi.lib : fd_cmp_t2.asm.obj (.text:__aeabi_cdcmple)
                  00007c26    00000086                                   : fd_cmp_t2.asm.obj (.text:__aeabi_cdrcmple)
                  00007cac    00000084     drivers_cc13x2.aem4f : UARTCC26XX.oem4f (.text:UARTCC26XX_close)
                  00007d30    00000084     rom_sysbios.aem4f : rom_sysbios.obj (.text:ti_sysbios_family_arm_m3_Hwi_excHandlerMin__I)
                  00007db4    00000080     bmi160_support.obj (.text:bmi160_interrupt_configuration)
                  00007e34    00000080     sail.lib : bmi160.obj (.text:bmi160_set_accel_offset_enable)
                  00007eb4    00000080              : bmi160.obj (.text:bmi160_set_gyro_offset_enable)
                  00007f34    00000080              : bmi160.obj (.text:bmi160_set_i2c_device_addr)
                  00007fb4    00000080              : bmi160.obj (.text:bmi160_set_pullup_configuration)
                  00008034    00000080     rom_sysbios.aem4f : rom_sysbios.obj (.text:ti_sysbios_family_arm_cc26xx_Timer_start__E)
                  000080b4    0000007a     rtsv7M4_T_le_v4SPD16_eabi.lib : memset_t2.asm.obj (.text)
                  0000812e    00000002                                   : _lock.c.obj (.text:_nop)
                  00008130    00000078     sail.lib : bmi160.obj (.text:bmi160_read_accel_xyz)
                  000081a8    00000078              : bmi160.obj (.text:bmi160_read_gyro_xyz)
                  00008220    00000074     drivers_cc13x2.aem4f : PowerCC26X2_calibrateRCOSC.oem4f (.text:PowerCC26X2_auxISR)
                  00008294    00000072                          : I2CCC26XX.oem4f (.text:I2CCC26XX_swiFxn)
                  00008306    00000002                          : PowerCC26X2.oem4f (.text:emptyClockFunc)
                  00008308    00000070                          : PINCC26XX.oem4f (.text:PIN_add)
                  00008378    00000070     main_tirtos.obj (.text:main)
                  000083e8    0000006d     rom_sysbios.aem4f : rom_sysbios.obj (.text:xdc_runtime_System_formatNum__I)
                  00008455    00000001     --HOLE-- [fill = 0]
                  00008456    00000002     rtsv7M4_T_le_v4SPD16_eabi.lib : div0.asm.obj (.text)
                  00008458    00000068     driverlib.lib : osc.obj (.text:NOROM_OSCHF_SwitchToRcOscTurnOffXosc)
                  000084c0    00000068                   : sys_ctrl.obj (.text:NOROM_SysCtrlSetRechargeBeforePowerDown)
                  00008528    00000068     rtsv7M4_T_le_v4SPD16_eabi.lib : copy_decompress_lzss.c.obj (.text:decompress:lzss:__TI_decompress_lzss)
                  00008590    00000064     drivers_cc13x2.aem4f : I2CCC26XX.oem4f (.text:I2CCC26XX_initIO)
                  000085f4    00000064                          : UARTCC26XX.oem4f (.text:UARTCC26XX_control)
                  00008658    00000064     sail.lib : bmi160.obj (.text:bmi160_init)
                  000086bc    00000062     drivers_cc13x2.aem4f : UARTCC26XX.oem4f (.text:UARTCC26XX_swiIntFxn)
                  0000871e    0000005e     sail.lib : bmi160.obj (.text:bmi160_bmm150_mag_compensate_xyz)
                  0000877c    0000005c     display.aem4f : Display.oem4f (.text:Display_doOpen)
                  000087d8    0000005c     drivers_cc13x2.aem4f : I2CCC26XX.oem4f (.text:I2CCC26XX_close)
                  00008834    0000005c                          : PINCC26XX.oem4f (.text:PIN_remove)
                  00008890    0000005c     rom_sysbios.aem4f : rom_sysbios.obj (.text:ti_sysbios_heaps_HeapMem_initPrimary__I)
                  000088ec    0000005c     release_pem4f.oem4f (.text:xdc_runtime_Startup_getState__I)
                  00008948    00000058     drivers_cc13x2.aem4f : PowerCC26X2_calibrateRCOSC.oem4f (.text:PowerCC26X2_initiateCalibration)
                  000089a0    00000058     boot.aem4f : boot.oem4f (.text)
                  000089f8    00000058     rom_sysbios.aem4f : rom_sysbios.obj (.text:pthread_exit)
                  00008a50    00000054     bmi160_support.obj (.text:BMI160_I2C_bus_read)
                  00008aa4    00000054     driverlib.lib : chipinfo.obj (.text:NOROM_ChipInfo_GetChipType)
                  00008af8    00000054     sail.lib : bmi160.obj (.text:bmi160_get_accel_power_mode_stat)
                  00008b4c    00000054              : bmi160.obj (.text:bmi160_get_foc_rdy)
                  00008ba0    00000054              : bmi160.obj (.text:bmi160_get_if_mode)
                  00008bf4    00000054              : bmi160.obj (.text:bmi160_get_mag_manual_enable)
                  00008c48    00000054              : bmi160.obj (.text:bmi160_get_paging_enable)
                  00008c9c    00000054              : bmi160.obj (.text:bmi160_get_target_page)
                  00008cf0    00000052              : bmi160.obj (.text:xy1y2_to_xyz)
                  00008d42    00000002     release_pem4f.oem4f (.text:ti_sysbios_BIOS_nullFunc__I)
                  00008d44    00000050     bmi160_support.obj (.text:BMI160_I2C_burst_read)
                  00008d94    00000050     dpl_cc13x2.aem4f : ClockP_tirtos.oem4f (.text:ClockP_construct)
                  00008de4    00000050     drivers_cc13x2.aem4f : GPIOCC26XX.oem4f (.text:GPIO_enableInt)
                  00008e34    00000050     sail.lib : bmi160.obj (.text:bmi160_get_accel_offset_compensation_xaxis)
                  00008e84    00000050              : bmi160.obj (.text:bmi160_get_accel_offset_compensation_yaxis)
                  00008ed4    00000050              : bmi160.obj (.text:bmi160_get_accel_offset_compensation_zaxis)
                  00008f24    00000050              : bmi160.obj (.text:bmi160_get_mag_power_mode_stat)
                  00008f74    00000050              : bmi160.obj (.text:bmi160_get_pullup_configuration)
                  00008fc4    0000004c     drivers_cc13x2.aem4f : UARTCC26XX.oem4f (.text:UARTCC26XX_readCancel)
                  00009010    0000004c     rtsv7M4_T_le_v4SPD16_eabi.lib : cpy_tbl.c.obj (.text:copy_in)
                  0000905c    0000004c     drivers_cc13x2.aem4f : UARTCC26XX.oem4f (.text:startTxFifoEmptyClk)
                  000090a8    0000004c                          : PowerCC26X2.oem4f (.text:switchXOSCHF)
                  000090f4    0000004a     display.aem4f : DisplayUart.oem4f (.text:DisplayUartMin_open)
                  0000913e    00000002     rom_sysbios.aem4f : rom_sysbios.obj (.text:xdc_runtime_SysCallback_defaultAbort)
                  00009140    00000048     drivers_cc13x2.aem4f : I2CCC26XX.oem4f (.text:I2CCC26XX_initHw)
                  00009188    00000048     bmi160_support.obj (.text:I2C_routine)
                  000091d0    00000048     drivers_cc13x2.aem4f : PINCC26XX.oem4f (.text:PIN_setOutputEnable)
                  00009218    00000048                          : PowerCC26X2_calibrateRCOSC.oem4f (.text:PowerCC26X2_RCOSC_clockFunc)
                  00009260    00000048     sail.lib : bmi160.obj (.text:bmi160_read_reg)
                  000092a8    00000048              : bmi160.obj (.text:bmi160_write_reg)
                  000092f0    00000048     drivers_cc13x2.aem4f : UARTCC26XX.oem4f (.text:writeFinishedDoCallback)
                  00009338    00000046     display.aem4f : DisplayUart.oem4f (.text:DisplayUartMin_vprintf)
                  0000937e    00000046     drivers_cc13x2.aem4f : RingBuf.oem4f (.text:RingBuf_put)
                  000093c4    00000044                          : I2C.oem4f (.text:I2C_init)
                  00009408    00000044     driverlib.lib : chipinfo.obj (.text:NOROM_ChipInfo_GetHwRevision)
                  0000944c    00000044     drivers_cc13x2.aem4f : PINCC26XX.oem4f (.text:PIN_swi)
                  00009490    00000044                          : UART.oem4f (.text:UART_init)
                  000094d4    00000044     sail.lib : bmi160.obj (.text:bmi160_fifo_data)
                  00009518    00000044     rtsv7M4_T_le_v4SPD16_eabi.lib : fd_tou_t2.asm.obj (.text)
                  0000955c    00000040     drivers_cc13x2.aem4f : I2C.oem4f (.text:I2C_open)
                  0000959c    00000040                          : RingBuf.oem4f (.text:RingBuf_get)
                  000095dc    00000040                          : UART.oem4f (.text:UART_open)
                  0000961c    00000040     sail.lib : bmi160.obj (.text:bmi160_set_command_register)
                  0000965c    00000040              : bmi160.obj (.text:bmi160_set_fifo_wm)
                  0000969c    00000040              : bmi160.obj (.text:bmi160_set_mag_read_addr)
                  000096dc    00000040              : bmi160.obj (.text:bmi160_set_mag_write_addr)
                  0000971c    00000040              : bmi160.obj (.text:bmi160_set_mag_write_data)
                  0000975c    00000040     rtsv7M4_T_le_v4SPD16_eabi.lib : u_divt2.asm.obj (.text)
                  0000979c    00000040     rom_sysbios.aem4f : rom_sysbios.obj (.text:ti_sysbios_family_arm_cc26xx_Timer_setThreshold__I)
                  000097dc    0000003e     dpl_cc13x2.aem4f : HwiP_tirtos.oem4f (.text:HwiP_construct)
                  0000981a    00000002     rom_sysbios.aem4f : rom_sysbios.obj (.text:xdc_runtime_SysCallback_defaultExit)
                  0000981c    0000003c     drivers_cc13x2.aem4f : PINCC26XX.oem4f (.text:PIN_setInterrupt)
                  00009858    0000003c                          : PINCC26XX.oem4f (.text:PIN_setOutputValue)
                  00009894    0000003c     dpl_cc13x2.aem4f : SwiP_tirtos.oem4f (.text:SwiP_construct)
                  000098d0    0000003c     rom_sysbios.aem4f : rom_sysbios.obj (.text:sleep)
                  0000990c    0000003c                       : rom_sysbios.obj (.text:ti_sysbios_family_arm_m3_Hwi_construct2__E)
                  00009948    00000038     driverlib.lib : osc.obj (.text:NOROM_OSC_HPOSCRelativeFrequencyOffsetGet)
                  00009980    00000038     drivers_cc13x2.aem4f : PINCC26XX.oem4f (.text:PIN_setConfig)
                  000099b8    00000038                          : PowerCC26X2.oem4f (.text:notify)
                  000099f0    00000038                          : UARTCC26XX.oem4f (.text:readData)
                  00009a28    00000038     rtsv7M4_T_le_v4SPD16_eabi.lib : fs_tod_t2.asm.obj (.text)
                  00009a60    00000038     drivers_cc13x2.aem4f : UARTCC26XX.oem4f (.text:writeData)
                  00009a98    00000036     rom_sysbios.aem4f : rom_sysbios.obj (.text:ti_sysbios_family_arm_cc26xx_Timer_setNextTick__E)
                  00009ace    00000002                       : rom_sysbios.obj (.text:xdc_runtime_SysCallback_defaultFlush)
                  00009ad0    00000034     driverlib.lib : aux_sysif.obj (.text:NOROM_AUXSYSIFOpModeChange)
                  00009b04    00000034                   : sys_ctrl.obj (.text:NOROM_SysCtrlIdle)
                  00009b38    00000034     drivers_cc13x2.aem4f : PINCC26XX.oem4f (.text:PIN_clrPendInterrupt)
                  00009b6c    00000034                          : UARTCC26XX.oem4f (.text:readData2RingBuf)
                  00009ba0    00000034     rom_sysbios.aem4f : rom_sysbios.obj (.text:usleep)
                  00009bd4    00000030     drivers_cc13x2.aem4f : GPIOCC26XX.oem4f (.text:GPIO_hwiIntFxn)
                  00009c04    00000030                          : GPIOCC26XX.oem4f (.text:GPIO_setCallback)
                  00009c34    00000030                          : PINCC26XX.oem4f (.text:PINCC26XX_setMux)
                  00009c64    00000030                          : PowerCC26X2.oem4f (.text:Power_releaseConstraint)
                  00009c94    00000030                          : PowerCC26X2.oem4f (.text:Power_setConstraint)
                  00009cc4    00000030     release_pem4f.oem4f (.text:ti_sysbios_BIOS_atExitFunc__I)
                  00009cf4    00000030     release_pem4f.oem4f (.text:ti_sysbios_BIOS_startFunc__I)
                  00009d24    00000030     rom_sysbios.aem4f : rom_sysbios.obj (.text:ti_sysbios_family_arm_cc26xx_Timer_getCurrentTick__E)
                  00009d54    00000030                       : rom_sysbios.obj (.text:ti_sysbios_family_arm_cc26xx_Timer_initDevice__I)
                  00009d84    0000002c     dpl_cc13x2.aem4f : SemaphoreP_tirtos.oem4f (.text:SemaphoreP_constructBinary)
                  00009db0    0000002c                      : SemaphoreP_tirtos.oem4f (.text:SemaphoreP_createBinary)
                  00009ddc    0000002c     rom_sysbios.aem4f : rom_sysbios.obj (.text:_pthread_delete$45)
                  00009e08    0000002c                       : rom_sysbios.obj (.text:pthread_setcancelstate)
                  00009e34    0000002c                       : rom_sysbios.obj (.text:ti_sysbios_knl_Clock_getTicksUntilInterrupt__E)
                  00009e60    0000002a     display.aem4f : Display.oem4f (.text:Display_doPrintf)
                  00009e8a    00000002     rom_sysbios.aem4f : rom_sysbios.obj (.text:xdc_runtime_SysCallback_defaultPutch)
                  00009e8c    00000028     driverlib.lib : osc.obj (.text:NOROM_OSCHF_TurnOnXosc)
                  00009eb4    00000028     drivers_cc13x2.aem4f : PowerCC26X2.oem4f (.text:Power_registerNotify)
                  00009edc    00000028     sail.lib : bmi160.obj (.text:bmi160_read_fifo_header_data)
                  00009f04    00000028     drivers_cc13x2.aem4f : PowerCC26X2.oem4f (.text:oscillatorISR)
                  00009f2c    00000026                          : List.oem4f (.text:List_put)
                  00009f52    00000026                          : List.oem4f (.text:List_remove)
                  00009f78    00000024     rom_sysbios.aem4f : rom_sysbios.obj (.text:_pthread_cleanupFxn)
                  00009f9c    00000024     drivers_cc13x2.aem4f : PowerCC26X2_calibrateRCOSC.oem4f (.text:getTdcSemaphore)
                  00009fc0    00000024     rom_sysbios.aem4f : rom_sysbios.obj (.text:pthread_attr_init)
                  00009fe4    00000024                       : rom_sysbios.obj (.text:sem_init)
                  0000a008    00000024     release_pem4f.oem4f (.text:ti_sysbios_BIOS_registerRTSLock__I)
                  0000a02c    00000024     release_pem4f.oem4f (.text:ti_sysbios_BIOS_removeRTSLock__I)
                  0000a050    00000024     rom_sysbios.aem4f : rom_sysbios.obj (.text:ti_sysbios_family_arm_cc26xx_Timer_getMaxTicks__E)
                  0000a074    00000020     drivers_cc13x2.aem4f : PINCC26XX.oem4f (.text:PINCC26XX_setIoCfgMux)
                  0000a094    00000020                          : PowerCC26X2.oem4f (.text:Power_unregisterNotify)
                  0000a0b4    00000020     rtsv7M4_T_le_v4SPD16_eabi.lib : u_tofd_t2.asm.obj (.text)
                  0000a0d4    00000020     drivers_cc13x2.aem4f : UARTCC26XX.oem4f (.text:threadSafeStdbyDisRelease)
                  0000a0f4    00000020                          : UARTCC26XX.oem4f (.text:threadSafeStdbyDisSet)
                  0000a114    00000020     release_pem4f.oem4f (.text:ti_sysbios_BIOS_rtsLock__I)
                  0000a134    00000020     rom_sysbios.aem4f : rom_sysbios.obj (.text:ti_sysbios_family_arm_cc26xx_Timer_dynamicStub__E)
                  0000a154    00000020                       : rom_sysbios.obj (.text:xdc_runtime_Error_policyMin__E)
                  0000a174    0000001e     drivers_cc13x2.aem4f : PINCC26XX.oem4f (.text:PIN_close)
                  0000a192    0000001e                          : PowerCC26X2.oem4f (.text:Power_getTransitionLatency)
                  0000a1b0    0000001c     ti_drivers_config.obj (.text:Board_init)
                  0000a1cc    0000001c     driverlib.lib : chipinfo.obj (.text:NOROM_ChipInfo_GetChipFamily)
                  0000a1e8    0000001c     drivers_cc13x2.aem4f : PINCC26XX.oem4f (.text:PIN_hwi)
                  0000a204    0000001c     dpl_cc13x2.aem4f : PowerCC26X2_tirtos.oem4f (.text:PowerCC26XX_schedulerDisable)
                  0000a220    0000001c                      : PowerCC26X2_tirtos.oem4f (.text:PowerCC26XX_schedulerRestore)
                  0000a23c    0000001c     rom_sysbios.aem4f : rom_sysbios.obj (.text:ti_sysbios_knl_Swi_construct2__E)
                  0000a258    0000001c     release_pem4f.oem4f (.text:xdc_runtime_Startup_exec__I)
                  0000a274    0000001a     drivers_cc13x2.aem4f : PowerCC26X2.oem4f (.text:PowerCC26XX_calibrate)
                  0000a28e    00000002     --HOLE-- [fill = 0]
                  0000a290    00000018                          : GPIOCC26XX.oem4f (.text:GPIO_clearInt)
                  0000a2a8    00000018                          : I2C.oem4f (.text:I2C_transfer)
                  0000a2c0    00000018     driverlib.lib : chipinfo.obj (.text:NOROM_ChipInfo_GetPackageType)
                  0000a2d8    00000018     drivers_cc13x2.aem4f : PowerCC26X2.oem4f (.text:Power_idleFunc)
                  0000a2f0    00000018                          : UART.oem4f (.text:UART_Params_init)
                  0000a308    00000018     rtsv7M4_T_le_v4SPD16_eabi.lib : args_main.c.obj (.text:_args_main)
                  0000a320    00000018                                   : ll_mul_t2.asm.obj (.text)
                  0000a338    00000018     release_pem4f.oem4f (.text:ti_sysbios_BIOS_rtsUnlock__I)
                  0000a350    00000018     rom_sysbios.aem4f : rom_sysbios.obj (.text:ti_sysbios_knl_Swi_or__E)
                  0000a368    00000018                       : rom_sysbios.obj (.text:ti_sysbios_rts_ti_ReentSupport_getReent__F)
                  0000a380    00000018                       : rom_sysbios.obj (.text:xdc_runtime_Error_init__E)
                  0000a398    00000016     display.aem4f : DisplayUart.oem4f (.text:DisplayUartMin_close)
                  0000a3ae    00000016     driverlib.lib : chipinfo.obj (.text:NOROM_ThisLibraryIsFor_CC13x2_CC26x2_HwRev20AndLater_HaltIfViolated)
                  0000a3c4    00000016     rom_sysbios.aem4f : rom_sysbios.obj (.text:_pthread_cleanup_pop)
                  0000a3da    00000016     release_pem4f.oem4f (.text:ti_sysbios_BIOS_exitFunc__I)
                  0000a3f0    00000014     drivers_cc13x2.aem4f : PowerCC26X2_calibrateRCOSC.oem4f (.text:PowerCC26X2_calibrate)
                  0000a404    00000014     bmi160_support.obj (.text:bmi160Callback)
                  0000a418    00000014     rom_sysbios.aem4f : rom_sysbios.obj (.text:pthread_attr_setschedparam)
                  0000a42c    00000014     drivers_cc13x2.aem4f : PowerCC26X2.oem4f (.text:switchToTCXO)
                  0000a440    00000014     rom_sysbios.aem4f : rom_sysbios.obj (.text:ti_sysbios_family_arm_cc26xx_Timer_getCount64__E)
                  0000a454    00000014     release_pem4f.oem4f (.text:ti_sysbios_knl_Clock_doTick__I)
                  0000a468    00000012     bmi160_support.obj (.text:BMI160_delay_msek)
                  0000a47a    00000012     drivers_cc13x2.aem4f : RingBuf.oem4f (.text:RingBuf_construct)
                  0000a48c    00000012     dpl_cc13x2.aem4f : SemaphoreP_tirtos.oem4f (.text:SemaphoreP_pend)
                  0000a49e    00000012     rom_sysbios.aem4f : rom_sysbios.obj (.text:_pthread_runStub$45)
                  0000a4b0    00000010     dpl_cc13x2.aem4f : HwiP_tirtos.oem4f (.text:HwiP_Params_init)
                  0000a4c0    00000010     drivers_cc13x2.aem4f : I2C.oem4f (.text:I2C_Params_init)
                  0000a4d0    00000010                          : PINCC26XX.oem4f (.text:PINCC26XX_getPinCount)
                  0000a4e0    00000010     dpl_cc13x2.aem4f : SwiP_tirtos.oem4f (.text:SwiP_Params_init)
                  0000a4f0    00000010     drivers_cc13x2.aem4f : I2CCC26XX.oem4f (.text:i2cPostNotify)
                  0000a500    00000010                          : UARTCC26XX.oem4f (.text:uartPostNotify)
                  0000a510    0000000e     rtsv7M4_T_le_v4SPD16_eabi.lib : copy_decompress_none.c.obj (.text:decompress:none:__TI_decompress_none)
                  0000a51e    0000000e     rom_sysbios.aem4f : rom_sysbios.obj (.text:pthread_attr_setdetachstate)
                  0000a52c    0000000e                       : rom_sysbios.obj (.text:sem_wait)
                  0000a53a    0000000e                       : rom_sysbios.obj (.text:ti_sysbios_family_arm_cc26xx_TimestampProvider_get32__E)
                  0000a548    0000000c     driverlib.lib : cpu.obj (.text:NOROM_CPUcpsid)
                  0000a554    0000000c                   : cpu.obj (.text:NOROM_CPUcpsie)
                  0000a560    0000000c     drivers_cc13x2.aem4f : PINCC26XX.oem4f (.text:PIN_registerIntCb)
                  0000a56c    0000000c                          : PowerCC26X2.oem4f (.text:Power_getConstraintMask)
                  0000a578    0000000c                          : PowerCC26X2.oem4f (.text:Power_getDependencyCount)
                  0000a584    0000000c     dpl_cc13x2.aem4f : SemaphoreP_tirtos.oem4f (.text:SemaphoreP_delete)
                  0000a590    0000000c     rtsv7M4_T_le_v4SPD16_eabi.lib : _lock.c.obj (.text:_register_lock)
                  0000a59c    0000000c                                   : _lock.c.obj (.text:_register_unlock)
                  0000a5a8    0000000c                                   : copy_zero_init.c.obj (.text:decompress:ZI:__TI_zero_init)
                  0000a5b4    0000000c     rom_sysbios.aem4f : rom_sysbios.obj (.text:pthread_self)
                  0000a5c0    0000000c                       : rom_sysbios.obj (.text:ti_sysbios_knl_Queue_insert__E)
                  0000a5cc    0000000c                       : rom_sysbios.obj (.text:ti_sysbios_knl_Swi_getTrigger__E)
                  0000a5d8    0000000a     dpl_cc13x2.aem4f : ClockP_tirtos.oem4f (.text:ClockP_Params_init)
                  0000a5e2    0000000a     drivers_cc13x2.aem4f : I2CCC26XX.oem4f (.text:I2CCC26XX_init)
                  0000a5ec    0000000a                          : UART.oem4f (.text:UART_close)
                  0000a5f6    0000000a                          : UART.oem4f (.text:UART_control)
                  0000a600    0000000a                          : UART.oem4f (.text:UART_write)
                  0000a60a    0000000a     rom_sysbios.aem4f : rom_sysbios.obj (.text:sem_post)
                  0000a614    0000000a     release_pem4f.oem4f (.text:ti_sysbios_rts_ti_ReentSupport_getTlsAddr__I)
                  0000a61e    00000008     drivers_cc13x2.aem4f : I2CCC26XX.oem4f (.text:I2CCC26XX_blockingCallback)
                  0000a626    00000008                          : UARTCC26XX.oem4f (.text:UARTCC26XX_init)
                  0000a62e    00000008                          : UARTCC26XX.oem4f (.text:readSemCallback)
                  0000a636    00000008                          : UARTCC26XX.oem4f (.text:writeSemCallback)
                  0000a63e    00000008     release_pem4f.oem4f (.text:xdc_runtime_Text_visitRope__I)
                  0000a646    00000006     display.aem4f : DisplayUart.oem4f (.text:DisplayUartMin_control)
                  0000a64c    00000006                   : DisplayUart.oem4f (.text:DisplayUartMin_getType)
                  0000a652    00000006     drivers_cc13x2.aem4f : I2CCC26XX.oem4f (.text:I2CCC26XX_control)
                  0000a658    00000006     driverlib.lib : cpu.obj (.text:NOROM_CPUdelay)
                  0000a65e    00000006     drivers_cc13x2.aem4f : UARTCC26XX.oem4f (.text:UARTCC26XX_readPolling)
                  0000a664    00000006                          : UARTCC26XX.oem4f (.text:UARTCC26XX_writePolling)
                  0000a66a    00000006     rom_sysbios.aem4f : rom_sysbios.obj (.text:pthread_attr_setstacksize)
                  0000a670    00000004     dpl_cc13x2.aem4f : PowerCC26X2_tirtos.oem4f (.text:CPUwfi)
                  0000a674    00000004                      : ClockP_tirtos.oem4f (.text:ClockP_destruct)
                  0000a678    00000004                      : ClockP_tirtos.oem4f (.text:ClockP_getCpuFreq)
                  0000a67c    00000004                      : ClockP_tirtos.oem4f (.text:ClockP_setTimeout)
                  0000a680    00000004                      : ClockP_tirtos.oem4f (.text:ClockP_start)
                  0000a684    00000004                      : ClockP_tirtos.oem4f (.text:ClockP_stop)
                  0000a688    00000004                      : HwiP_tirtos.oem4f (.text:HwiP_destruct)
                  0000a68c    00000004                      : HwiP_tirtos.oem4f (.text:HwiP_disable)
                  0000a690    00000004                      : HwiP_tirtos.oem4f (.text:HwiP_disableInterrupt)
                  0000a694    00000004                      : HwiP_tirtos.oem4f (.text:HwiP_enableInterrupt)
                  0000a698    00000004                      : SemaphoreP_tirtos.oem4f (.text:SemaphoreP_destruct)
                  0000a69c    00000004                      : SemaphoreP_tirtos.oem4f (.text:SemaphoreP_post)
                  0000a6a0    00000004                      : SwiP_tirtos.oem4f (.text:SwiP_destruct)
                  0000a6a4    00000004                      : SwiP_tirtos.oem4f (.text:SwiP_disable)
                  0000a6a8    00000004                      : SwiP_tirtos.oem4f (.text:SwiP_getTrigger)
                  0000a6ac    00000004                      : SwiP_tirtos.oem4f (.text:SwiP_or)
                  0000a6b0    00000004                      : SwiP_tirtos.oem4f (.text:SwiP_post)
                  0000a6b4    00000004                      : SystemP_tirtos.oem4f (.text:SystemP_vsnprintf)
                  0000a6b8    00000004     rom_sysbios.aem4f : rom_sysbios.obj (.text:__aeabi_errno_addr)
                  0000a6bc    00000004     drivers_cc13x2.aem4f : PowerCC26X2.oem4f (.text:configureRFCoreClocks)
                  0000a6c0    00000004                          : PowerCC26X2.oem4f (.text:nopResourceHandler)
                  0000a6c4    00000004     rom_sysbios.aem4f : rom_sysbios.obj (.text:pthread_attr_destroy)
                  0000a6c8    00000004                       : rom_sysbios.obj (.text:ti_sysbios_knl_Task_getArg1__E)
                  0000a6cc    00000004                       : rom_sysbios.obj (.text:ti_sysbios_knl_Task_getEnv__E)
                  0000a6d0    00000004     release_pem4f.oem4f (.text:xdc_runtime_Startup_reset__I)
                  0000a6d4    00000004     rom_sysbios.aem4f : rom_sysbios.obj (.text:xdc_runtime_SysCallback_defaultReady)
                  0000a6d8    00000008     (.tramp.xdc_runtime_System_vsnprintf__E.1)
                  0000a6e0    00000008     (.tramp.ti_sysbios_knl_Swi_destruct.1)
                  0000a6e8    00000008     (.tramp.ti_sysbios_family_arm_m3_Hwi_enableInterrupt__E.1)
                  0000a6f0    00000008     (.tramp.ti_sysbios_family_arm_m3_Hwi_disableInterrupt__E.1)
                  0000a6f8    00000008     (.tramp.ti_sysbios_family_arm_m3_Hwi_disableFxn__E.1)
                  0000a700    00000008     (.tramp.ti_sysbios_family_arm_m3_Hwi_destruct.1)
                  0000a708    00000008     (.tramp.ti_sysbios_BIOS_getCpuFreq__E.1)
                  0000a710    00000008     (.tramp.ti_sysbios_knl_Clock_destruct.1)
                  0000a718    00000008     (.tramp.ti_sysbios_knl_Task_self__E.1)
                  0000a720    00000008     (.tramp.ti_sysbios_knl_Semaphore_delete.1)
                  0000a728    00000008     (.tramp.ti_sysbios_knl_Clock_logTick__E.1)
                  0000a730    00000008     (.tramp.ti_sysbios_BIOS_getThreadType__E.1)
                  0000a738    00000008     (.tramp.ti_sysbios_knl_Swi_post__E.1)
                  0000a740    00000008     (.tramp.ti_sysbios_BIOS_RtsGateProxy_leave__E.1)
                  0000a748    00000008     (.tramp.ti_sysbios_knl_Swi_construct.1)
                  0000a750    00000008     (.tramp.ti_sysbios_BIOS_RtsGateProxy_enter__E.1)
                  0000a758    00000008     (.tramp.ti_sysbios_knl_Clock_TimerProxy_getCurrentTick__E.1)
                  0000a760    00000008     (.tramp.ti_sysbios_knl_Task_delete.1)
                  0000a768    00000008     (.tramp.ti_sysbios_knl_Semaphore_destruct.1)
                  0000a770    00000008     (.tramp.ti_sysbios_knl_Semaphore_create.1)
                  0000a778    00000008     (.tramp.ti_sysbios_knl_Task_startup__E.1)
                  0000a780    00000008     (.tramp.ti_sysbios_knl_Swi_startup__E.1)
                  0000a788    00000008     (.tramp.ti_sysbios_hal_Hwi_startup__E.1)
                  0000a790    00000008     (.tramp.ti_sysbios_family_arm_cc26xx_Timer_startup__E.1)
                  0000a798    00000008     (.tramp.xdc_runtime_System_atexit__E.1)
                  0000a7a0    00000008     (.tramp.ti_sysbios_BIOS_linkedWithIncorrectBootLibrary__E.1)
                  0000a7a8    00000008     (.tramp.xdc_runtime_Startup_rtsDone__E.1)
                  0000a7b0    00000008     (.tramp.ti_sysbios_knl_Swi_disable__E.1)
                  0000a7b8    00000008     (.tramp.ti_sysbios_family_arm_m3_Hwi_construct.1)
                  0000a7c0    00000008     (.tramp.ti_sysbios_knl_Task_sleep__E.1)
                  0000a7c8    00000008     (.tramp.ti_sysbios_knl_Swi_Params__init__S.1)
                  0000a7d0    00000008     (.tramp.ti_sysbios_family_arm_m3_Hwi_Params__init__S.1)
                  0000a7d8    00000008     (.tramp.strlen.1)
                  0000a7e0    00000008     (.tramp.ti_sysbios_knl_Clock_construct.1)
                  0000a7e8    00000008     (.tramp.ti_sysbios_knl_Clock_Params__init__S.1)
                  0000a7f0    00000008     (.tramp.xdc_runtime_System_exit__E.1)
                  0000a7f8    00000008     (.tramp.ti_sysbios_heaps_HeapMem_restore__E.1)
                  0000a800    00000008     (.tramp.ti_sysbios_heaps_HeapMem_Object__get__S.1)
                  0000a808    00000008     (.tramp.ti_sysbios_BIOS_start__E.1)
                  0000a810    00000008     (.tramp.xdc_runtime_Error_raiseX__E.1)
                  0000a818    00000008     (.tramp.ti_sysbios_BIOS_setThreadType__E.1)
                  0000a820    00000008     (.tramp.ti_sysbios_family_arm_m3_Hwi_excFillContext__I.1)
                  0000a828    00000008     (.tramp.ti_sysbios_knl_Semaphore_post__E.1)
                  0000a830    00000008     (.tramp.xdc_runtime_Memory_free__E.1)
                  0000a838    00000008     (.tramp.ti_sysbios_knl_Queue_next__E.1)
                  0000a840    00000008     (.tramp.ti_sysbios_knl_Queue_head__E.1)
                  0000a848    00000008     (.tramp.ti_sysbios_knl_Semaphore_pend__E.1)
                  0000a850    00000008     (.tramp.ti_sysbios_knl_Task_restore__E.1)
                  0000a858    00000008     (.tramp.ti_sysbios_knl_Queue_enqueue__E.1)
                  0000a860    00000008     (.tramp.ti_sysbios_knl_Queue_empty__E.1)
                  0000a868    00000008     (.tramp.ti_sysbios_knl_Queue_remove__E.1)
                  0000a870    00000008     (.tramp.ti_sysbios_knl_Task_disable__E.1)
                  0000a878    00000008     (.tramp.ti_sysbios_knl_Clock_stop__E.1)
                  0000a880    00000008     (.tramp.ti_sysbios_knl_Clock_start__E.1)
                  0000a888    00000008     (.tramp.ti_sysbios_knl_Clock_setTimeout__E.1)
                  0000a890    00000008     (.tramp.ti_sysbios_knl_Task_create.1)
                  0000a898    00000008     (.tramp.ti_sysbios_knl_Semaphore_construct.1)
                  0000a8a0    00000008     (.tramp.ti_sysbios_knl_Semaphore_Params__init__S.1)
                  0000a8a8    00000008     (.tramp.ti_sysbios_knl_Queue_construct.1)
                  0000a8b0    00000008     (.tramp.xdc_runtime_Memory_alloc__E.1)
                  0000a8b8    00000008     (.tramp.ti_sysbios_knl_Task_Params__init__S.1)
                  0000a8c0    00000008     (.tramp.ti_sysbios_family_arm_m3_Hwi_restoreFxn__E.1)
                  0000a8c8    00000008     (.tramp.xdc_runtime_System_doPrint__I.1)
                  0000a8d0    00000008     (.tramp.ti_sysbios_knl_Swi_restore__E.1)

.const     0    0000a8d8    000006f7     
                  0000a8d8    000003b8     release_pem4f.oem4f (.const:ROM_constStruct)
                  0000ac90    00000054     drivers_cc13x2.aem4f : PowerCC26X2.oem4f (.const:resourceDB)
                  0000ace4    00000048     release_pem4f.oem4f (.const:.string)
                  0000ad2c    00000048     release_pem4f.oem4f (.const:ROM_externFuncPtrs)
                  0000ad74    00000028     drivers_cc13x2.aem4f : UARTCC26XX.oem4f (.const:UARTCC26XX_fxnTable)
                  0000ad9c    00000028     ti_drivers_config.obj (.const:uartCC26XXHWAttrs)
                  0000adc4    00000024     drivers_cc13x2.aem4f : UART.oem4f (.const:UART_defaultParams)
                  0000ade8    00000024     release_pem4f.oem4f (.const:xdc_runtime_Startup_sfxnTab__A)
                  0000ae0c    00000020     display.aem4f : DisplayUart.oem4f (.const:DisplayUartMin_fxnTable)
                  0000ae2c    00000018     ti_drivers_config.obj (.const:BoardGpioInitTable)
                  0000ae44    00000018     drivers_cc13x2.aem4f : I2CCC26XX.oem4f (.const:I2CCC26XX_fxnTable)
                  0000ae5c    00000018     ti_drivers_config.obj (.const:i2cCC26xxHWAttrs)
                  0000ae74    00000018     drivers_cc13x2.aem4f : GPIOCC26XX.oem4f (.const:interruptType)
                  0000ae8c    00000014     ti_drivers_config.obj (.const:GPIOCC26XX_config)
                  0000aea0    00000014     ti_drivers_config.obj (.const:PowerCC26X2_config)
                  0000aeb4    00000014     ti_drivers_config.obj (.const:displayUartHWAttrs)
                  0000aec8    00000014     drivers_cc13x2.aem4f : UARTCC26XX.oem4f (.const:parityType)
                  0000aedc    00000012     release_pem4f.oem4f (.const:xdc_runtime_Startup_sfxnRts__A)
                  0000aeee    00000001     display.aem4f : Display.oem4f (.const:Display_defaultParams)
                  0000aeef    00000001     release_pem4f.oem4f (.const:xdc_runtime_Text_charTab__A)
                  0000aef0    00000010     drivers_cc13x2.aem4f : I2C.oem4f (.const:I2C_defaultParams)
                  0000af00    00000010                          : UARTCC26XX.oem4f (.const:dataLength)
                  0000af10    00000010                          : GPIOCC26XX.oem4f (.const:outPinTypes)
                  0000af20    0000000c     ti_drivers_config.obj (.const:Display_config)
                  0000af2c    0000000c     ti_drivers_config.obj (.const:I2C_config)
                  0000af38    0000000c     ti_drivers_config.obj (.const:UART_config)
                  0000af44    0000000c     drivers_cc13x2.aem4f : GPIOCC26XX.oem4f (.const:inPinTypes)
                  0000af50    0000000c                          : GPIOCC26XX.oem4f (.const:outPinStrengths)
                  0000af5c    0000000c     release_pem4f.oem4f (.const:xdc_runtime_Startup_firstFxns__A)
                  0000af68    00000008     driverlib.lib : aux_sysif.obj (.const:$O1$$)
                  0000af70    00000008     ti_drivers_config.obj (.const:PINCC26XX_hwAttrs)
                  0000af78    00000008     drivers_cc13x2.aem4f : I2CCC26XX.oem4f (.const:bitRate)
                  0000af80    00000008                          : UARTCC26XX.oem4f (.const:stopBits)
                  0000af88    00000008     release_pem4f.oem4f (.const:ti_sysbios_family_arm_m3_Hwi_excHookFuncs__A)
                  0000af90    00000008     release_pem4f.oem4f (.const:ti_sysbios_knl_Idle_funcList__A)
                  0000af98    00000006     sail.lib : bmi160.obj (.const:$P$T0$2)
                  0000af9e    00000006     drivers_cc13x2.aem4f : UARTCC26XX.oem4f (.const:.string:rxFifoBytes)
                  0000afa4    00000006                          : UARTCC26XX.oem4f (.const:.string:rxFifoThreshold)
                  0000afaa    00000006                          : UARTCC26XX.oem4f (.const:.string:txFifoBytes)
                  0000afb0    00000006                          : UARTCC26XX.oem4f (.const:.string:txFifoThreshold)
                  0000afb6    00000002     --HOLE-- [fill = 0]
                  0000afb8    00000004     release_pem4f.oem4f (.const:ti_sysbios_family_arm_m3_Hwi_E_exception__C)
                  0000afbc    00000004     release_pem4f.oem4f (.const:ti_sysbios_heaps_HeapMem_primaryHeapBaseAddr__C)
                  0000afc0    00000004     release_pem4f.oem4f (.const:ti_sysbios_heaps_HeapMem_primaryHeapEndAddr__C)
                  0000afc4    00000004     release_pem4f.oem4f (.const:ti_sysbios_knl_Clock_tickPeriod__C)
                  0000afc8    00000004     release_pem4f.oem4f (.const:ti_sysbios_knl_Task_Object__heap__C)
                  0000afcc    00000003     ti_drivers_config.obj (.const)

MODULE SUMMARY

       Module                             code    ro data   rw data
       ------                             ----    -------   -------
    ./
       bmi160_support.obj                 4682    0         3785   
       i2cbmi160.obj                      240     0         24     
       main_tirtos.obj                    112     0         0      
    +--+----------------------------------+-------+---------+---------+
       Total:                             5034    0         3809   
                                                                   
    ./syscfg/
       ti_drivers_config.obj              30      195       1600   
       ti_devices_config.obj              0       88        0      
    +--+----------------------------------+-------+---------+---------+
       Total:                             30      283       1600   
                                                                   
    /Volumes/Storage/shared/okhramkov/ti/tirtos_builds_CC1352R1_LAUNCHXL_release_ccs/Debug/configPkg/package/cfg/
       release_pem4f.oem4f                802     1259      1830   
    +--+----------------------------------+-------+---------+---------+
       Total:                             802     1259      1830   
                                                                   
    /Users/okhramkov/ti/sail_1_50_00_00/source/ti/sail/lib/ccs/cc1352r1/sail.lib
       bmi160.obj                         19600   6         629    
    +--+----------------------------------+-------+---------+---------+
       Total:                             19600   6         629    
                                                                   
    /Volumes/Storage/shared/okhramkov/ccs/utils/simplelink_cc13x2_26x2_sdk_3_30_00_03/kernel/tirtos/packages/ti/dpl/lib/dpl_cc13x2.aem4f
       PowerCC26X2_tirtos.oem4f           240     0         8      
       SemaphoreP_tirtos.oem4f            126     0         0      
       ClockP_tirtos.oem4f                110     0         4      
       SwiP_tirtos.oem4f                  96      0         0      
       HwiP_tirtos.oem4f                  94      0         0      
       SystemP_tirtos.oem4f               4       0         0      
    +--+----------------------------------+-------+---------+---------+
       Total:                             670     0         12     
                                                                   
    /Volumes/Storage/shared/okhramkov/ccs/utils/simplelink_cc13x2_26x2_sdk_3_30_00_03/kernel/tirtos/packages/ti/targets/arm/rtsarm/lib/auto_init.aem4f
       auto_init.oem4f                    160     0         0      
    +--+----------------------------------+-------+---------+---------+
       Total:                             160     0         0      
                                                                   
    /Volumes/Storage/shared/okhramkov/ccs/utils/simplelink_cc13x2_26x2_sdk_3_30_00_03/kernel/tirtos/packages/ti/targets/arm/rtsarm/lib/boot.aem4f
       boot.oem4f                         88      0         0      
    +--+----------------------------------+-------+---------+---------+
       Total:                             88      0         0      
                                                                   
    /Volumes/Storage/shared/okhramkov/ccs/utils/simplelink_cc13x2_26x2_sdk_3_30_00_03/source/ti/devices/cc13x2_cc26x2/driverlib/bin/ccs/driverlib.lib
       sys_ctrl.obj                       408     0         0      
       osc.obj                            336     0         28     
       setup.obj                          324     0         0      
       chipinfo.obj                       226     0         0      
       aux_sysif.obj                      52      8         0      
       cpu.obj                            30      0         0      
       driverlib_release.obj              0       0         1      
    +--+----------------------------------+-------+---------+---------+
       Total:                             1376    8         29     
                                                                   
    /Volumes/Storage/shared/okhramkov/ccs/utils/simplelink_cc13x2_26x2_sdk_3_30_00_03/source/ti/display/lib/display.aem4f
       DisplayUart.oem4f                  184     32        0      
       Display.oem4f                      134     1         0      
    +--+----------------------------------+-------+---------+---------+
       Total:                             318     33        0      
                                                                   
    /Volumes/Storage/shared/okhramkov/ccs/utils/simplelink_cc13x2_26x2_sdk_3_30_00_03/source/ti/drivers/lib/drivers_cc13x2.aem4f
       UARTCC26XX.oem4f                   2742    108       0      
       PowerCC26X2.oem4f                  2082    84        272    
       PINCC26XX.oem4f                    1610    0         276    
       I2CCC26XX.oem4f                    1486    32        0      
       PowerCC26X2_calibrateRCOSC.oem4f   1400    0         0      
       GPIOCC26XX.oem4f                   668     64        61     
       UART.oem4f                         186     36        1      
       I2C.oem4f                          172     16        1      
       RingBuf.oem4f                      152     0         0      
       List.oem4f                         76      0         0      
    +--+----------------------------------+-------+---------+---------+
       Total:                             10574   340       611    
                                                                   
    /Volumes/Storage/shared/okhramkov/ccs/utils/ti-cgt-arm_20.2.4.LTS/lib/rtsv7M4_T_le_v4SPD16_eabi.lib
       fd_add_t2.asm.obj                  438     0         0      
       fd_cmp_t2.asm.obj                  268     0         0      
       fd_mul_t2.asm.obj                  252     0         0      
       memcpy_t2.asm.obj                  156     0         0      
       ull_div_t2.asm.obj                 150     0         0      
       memset_t2.asm.obj                  122     0         0      
       copy_decompress_lzss.c.obj         104     0         0      
       cpy_tbl.c.obj                      76      0         0      
       fd_tou_t2.asm.obj                  68      0         0      
       u_divt2.asm.obj                    64      0         0      
       fs_tod_t2.asm.obj                  56      0         0      
       _lock.c.obj                        26      0         8      
       u_tofd_t2.asm.obj                  32      0         0      
       args_main.c.obj                    24      0         0      
       ll_mul_t2.asm.obj                  24      0         0      
       copy_decompress_none.c.obj         14      0         0      
       copy_zero_init.c.obj               12      0         0      
       stkdepth_vars.c.obj                0       0         4      
       div0.asm.obj                       2       0         0      
    +--+----------------------------------+-------+---------+---------+
       Total:                             1888    0         12     
                                                                   
    /Volumes/Storage/shared/okhramkov/ti/tirtos_builds_CC1352R1_LAUNCHXL_release_ccs/src/sysbios/rom_sysbios.aem4f
       rom_sysbios.obj                    2109    0         136    
    +--+----------------------------------+-------+---------+---------+
       Total:                             2109    0         136    
                                                                   
       Stack:                             0       0         1024   
       Linker Generated:                  512     465       0      
    +--+----------------------------------+-------+---------+---------+
       Grand Total:                       43161   2394      9692   


LINKER GENERATED COPY TABLES

__TI_cinit_table @ 0000b180 records: 5, size/record: 8, table size: 40
	.data: load addr=0000afd0, load size=0000017d bytes, run addr=20002cc8, run size=00000546 bytes, compression=lzss
	.bss: load addr=0000b160, load size=00000008 bytes, run addr=20000110, run size=00001bb2 bytes, compression=zero_init
	.data:xdcRomConstPtr: load addr=0000b168, load size=00000008 bytes, run addr=20000100, run size=00000004 bytes, compression=lzss
	.data:xdcRomExternFuncPtr: load addr=0000b170, load size=00000008 bytes, run addr=20000104, run size=00000004 bytes, compression=lzss
	.data:xdcRomStatePtr: load addr=0000b178, load size=00000008 bytes, run addr=20000108, run size=00000004 bytes, compression=lzss


LINKER GENERATED HANDLER TABLE

__TI_handler_table @ 0000b150 records: 3, size/record: 4, table size: 12
	index: 0, handler: __TI_decompress_lzss
	index: 1, handler: __TI_decompress_none
	index: 2, handler: __TI_zero_init


FAR CALL TRAMPOLINES

callee name               trampoline name
   callee addr  tramp addr   call addr  call info
--------------  -----------  ---------  ----------------
xdc_runtime_System_vsnprintf__E  $Tramp$TT$L$PI$$xdc_runtime_System_vsnprintf__E
   1002f8b9     0000a6d8     0000a6b4   dpl_cc13x2.aem4f : SystemP_tirtos.oem4f (.text:SystemP_vsnprintf)
ti_sysbios_knl_Swi_destruct  $Tramp$TT$L$PI$$ti_sysbios_knl_Swi_destruct
   1002e8bd     0000a6e0     0000a6a0   dpl_cc13x2.aem4f : SwiP_tirtos.oem4f (.text:SwiP_destruct)
ti_sysbios_family_arm_m3_Hwi_enableInterrupt__E  $Tramp$TT$L$PI$$ti_sysbios_family_arm_m3_Hwi_enableInterrupt__E
   1002d91d     0000a6e8     0000a694   dpl_cc13x2.aem4f : HwiP_tirtos.oem4f (.text:HwiP_enableInterrupt)
ti_sysbios_family_arm_m3_Hwi_disableInterrupt__E  $Tramp$TT$L$PI$$ti_sysbios_family_arm_m3_Hwi_disableInterrupt__E
   1002d8d9     0000a6f0     0000a690   dpl_cc13x2.aem4f : HwiP_tirtos.oem4f (.text:HwiP_disableInterrupt)
ti_sysbios_family_arm_m3_Hwi_disableFxn__E  $Tramp$TT$L$PI$$ti_sysbios_family_arm_m3_Hwi_disableFxn__E
   1002eb55     0000a6f8     0000a68c   dpl_cc13x2.aem4f : HwiP_tirtos.oem4f (.text:HwiP_disable)
ti_sysbios_family_arm_m3_Hwi_destruct  $Tramp$TT$L$PI$$ti_sysbios_family_arm_m3_Hwi_destruct
   1002e475     0000a700     0000a688   dpl_cc13x2.aem4f : HwiP_tirtos.oem4f (.text:HwiP_destruct)
ti_sysbios_BIOS_getCpuFreq__E  $Tramp$TT$L$PI$$ti_sysbios_BIOS_getCpuFreq__E
   1002e9fd     0000a708     0000a678   dpl_cc13x2.aem4f : ClockP_tirtos.oem4f (.text:ClockP_getCpuFreq)
ti_sysbios_knl_Clock_destruct  $Tramp$TT$L$PI$$ti_sysbios_knl_Clock_destruct
   1002e649     0000a710     0000a674   dpl_cc13x2.aem4f : ClockP_tirtos.oem4f (.text:ClockP_destruct)
ti_sysbios_knl_Task_self__E  $Tramp$TT$L$PI$$ti_sysbios_knl_Task_self__E
   1002eaf5     0000a718     0000a5b6   rom_sysbios.aem4f : rom_sysbios.obj (.text:pthread_self)
                             0000a616   release_pem4f.oem4f (.text:ti_sysbios_rts_ti_ReentSupport_getTlsAddr__I)
ti_sysbios_knl_Semaphore_delete  $Tramp$TT$L$PI$$ti_sysbios_knl_Semaphore_delete
   1002ecdb     0000a720     0000a58a   dpl_cc13x2.aem4f : SemaphoreP_tirtos.oem4f (.text:SemaphoreP_delete)
ti_sysbios_knl_Clock_logTick__E  $Tramp$TT$L$PI$$ti_sysbios_knl_Clock_logTick__E
   1002dbd7     0000a728     0000a456   release_pem4f.oem4f (.text:ti_sysbios_knl_Clock_doTick__I)
ti_sysbios_BIOS_getThreadType__E  $Tramp$TT$L$PI$$ti_sysbios_BIOS_getThreadType__E
   1002ea95     0000a730     0000a36a   rom_sysbios.aem4f : rom_sysbios.obj (.text:ti_sysbios_rts_ti_ReentSupport_getReent__F)
ti_sysbios_knl_Swi_post__E  $Tramp$TT$L$PI$$ti_sysbios_knl_Swi_post__E
   1002d891     0000a738     0000a364   rom_sysbios.aem4f : rom_sysbios.obj (.text:ti_sysbios_knl_Swi_or__E)
                             0000a45e   release_pem4f.oem4f (.text:ti_sysbios_knl_Clock_doTick__I)
                             0000a6b0   dpl_cc13x2.aem4f : SwiP_tirtos.oem4f (.text:SwiP_post)
ti_sysbios_BIOS_RtsGateProxy_leave__E  $Tramp$TT$L$PI$$ti_sysbios_BIOS_RtsGateProxy_leave__E
   1002ec7b     0000a740     0000a346   release_pem4f.oem4f (.text:ti_sysbios_BIOS_rtsUnlock__I)
ti_sysbios_knl_Swi_construct  $Tramp$TT$L$PI$$ti_sysbios_knl_Swi_construct
   1002d719     0000a748     0000a242   rom_sysbios.aem4f : rom_sysbios.obj (.text:ti_sysbios_knl_Swi_construct2__E)
ti_sysbios_BIOS_RtsGateProxy_enter__E  $Tramp$TT$L$PI$$ti_sysbios_BIOS_RtsGateProxy_enter__E
   1002ec77     0000a750     0000a11a   release_pem4f.oem4f (.text:ti_sysbios_BIOS_rtsLock__I)
ti_sysbios_knl_Clock_TimerProxy_getCurrentTick__E  $Tramp$TT$L$PI$$ti_sysbios_knl_Clock_TimerProxy_getCurrentTick__E
   1002eac5     0000a758     00009e46   rom_sysbios.aem4f : rom_sysbios.obj (.text:ti_sysbios_knl_Clock_getTicksUntilInterrupt__E)
ti_sysbios_knl_Task_delete  $Tramp$TT$L$PI$$ti_sysbios_knl_Task_delete
   1002ece7     0000a760     00009df0   rom_sysbios.aem4f : rom_sysbios.obj (.text:_pthread_delete$45)
ti_sysbios_knl_Semaphore_destruct  $Tramp$TT$L$PI$$ti_sysbios_knl_Semaphore_destruct
   1002e6fd     0000a768     00009de4   rom_sysbios.aem4f : rom_sysbios.obj (.text:_pthread_delete$45)
                             0000a698   dpl_cc13x2.aem4f : SemaphoreP_tirtos.oem4f (.text:SemaphoreP_destruct)
ti_sysbios_knl_Semaphore_create  $Tramp$TT$L$PI$$ti_sysbios_knl_Semaphore_create
   1002dc49     0000a770     00009dd0   dpl_cc13x2.aem4f : SemaphoreP_tirtos.oem4f (.text:SemaphoreP_createBinary)
ti_sysbios_knl_Task_startup__E  $Tramp$TT$L$PI$$ti_sysbios_knl_Task_startup__E
   1002eceb     0000a778     00009d18   release_pem4f.oem4f (.text:ti_sysbios_BIOS_startFunc__I)
ti_sysbios_knl_Swi_startup__E  $Tramp$TT$L$PI$$ti_sysbios_knl_Swi_startup__E
   1002ec6b     0000a780     00009d14   release_pem4f.oem4f (.text:ti_sysbios_BIOS_startFunc__I)
ti_sysbios_hal_Hwi_startup__E  $Tramp$TT$L$PI$$ti_sysbios_hal_Hwi_startup__E
   1002ec31     0000a788     00009d10   release_pem4f.oem4f (.text:ti_sysbios_BIOS_startFunc__I)
ti_sysbios_family_arm_cc26xx_Timer_startup__E  $Tramp$TT$L$PI$$ti_sysbios_family_arm_cc26xx_Timer_startup__E
   1002dcf1     0000a790     00009d0c   release_pem4f.oem4f (.text:ti_sysbios_BIOS_startFunc__I)
xdc_runtime_System_atexit__E  $Tramp$TT$L$PI$$xdc_runtime_System_atexit__E
   1002f559     0000a798     00009d04   release_pem4f.oem4f (.text:ti_sysbios_BIOS_startFunc__I)
ti_sysbios_BIOS_linkedWithIncorrectBootLibrary__E  $Tramp$TT$L$PI$$ti_sysbios_BIOS_linkedWithIncorrectBootLibrary__E
   1002d01b     0000a7a0     00009cfe   release_pem4f.oem4f (.text:ti_sysbios_BIOS_startFunc__I)
xdc_runtime_Startup_rtsDone__E  $Tramp$TT$L$PI$$xdc_runtime_Startup_rtsDone__E
   1002f8e5     0000a7a8     00009cf6   release_pem4f.oem4f (.text:ti_sysbios_BIOS_startFunc__I)
ti_sysbios_knl_Swi_disable__E  $Tramp$TT$L$PI$$ti_sysbios_knl_Swi_disable__E
   1002ea25     0000a7b0     00009cc6   release_pem4f.oem4f (.text:ti_sysbios_BIOS_atExitFunc__I)
                             0000a20e   dpl_cc13x2.aem4f : PowerCC26X2_tirtos.oem4f (.text:PowerCC26XX_schedulerDisable)
                             0000a6a4                    : SwiP_tirtos.oem4f (.text:SwiP_disable)
ti_sysbios_family_arm_m3_Hwi_construct  $Tramp$TT$L$PI$$ti_sysbios_family_arm_m3_Hwi_construct
   1002d421     0000a7b8     00009926   rom_sysbios.aem4f : rom_sysbios.obj (.text:ti_sysbios_family_arm_m3_Hwi_construct2__E)
ti_sysbios_knl_Task_sleep__E  $Tramp$TT$L$PI$$ti_sysbios_knl_Task_sleep__E
   1002ce01     0000a7c0     000098fa   rom_sysbios.aem4f : rom_sysbios.obj (.text:sleep)
                             00009bc4                     : rom_sysbios.obj (.text:usleep)
ti_sysbios_knl_Swi_Params__init__S  $Tramp$TT$L$PI$$ti_sysbios_knl_Swi_Params__init__S
   1002ebf1     0000a7c8     000098ae   dpl_cc13x2.aem4f : SwiP_tirtos.oem4f (.text:SwiP_construct)
ti_sysbios_family_arm_m3_Hwi_Params__init__S  $Tramp$TT$L$PI$$ti_sysbios_family_arm_m3_Hwi_Params__init__S
   1002eb49     0000a7d0     000097f8   dpl_cc13x2.aem4f : HwiP_tirtos.oem4f (.text:HwiP_construct)
strlen                    $Tramp$TT$L$PI$$strlen
   1002fddb     0000a7d8     0000935a   display.aem4f : DisplayUart.oem4f (.text:DisplayUartMin_vprintf)
ti_sysbios_knl_Clock_construct  $Tramp$TT$L$PI$$ti_sysbios_knl_Clock_construct
   1002dd8d     0000a7e0     00008dca   dpl_cc13x2.aem4f : ClockP_tirtos.oem4f (.text:ClockP_construct)
ti_sysbios_knl_Clock_Params__init__S  $Tramp$TT$L$PI$$ti_sysbios_knl_Clock_Params__init__S
   1002eb9d     0000a7e8     00008db0   dpl_cc13x2.aem4f : ClockP_tirtos.oem4f (.text:ClockP_construct)
xdc_runtime_System_exit__E  $Tramp$TT$L$PI$$xdc_runtime_System_exit__E
   1002f7b1     0000a7f0     000089e0   boot.aem4f : boot.oem4f (.text)
                             0000a3ea   release_pem4f.oem4f (.text:ti_sysbios_BIOS_exitFunc__I)
ti_sysbios_heaps_HeapMem_restore__E  $Tramp$TT$L$PI$$ti_sysbios_heaps_HeapMem_restore__E
   1002eb13     0000a7f8     000088d4   rom_sysbios.aem4f : rom_sysbios.obj (.text:ti_sysbios_heaps_HeapMem_initPrimary__I)
ti_sysbios_heaps_HeapMem_Object__get__S  $Tramp$TT$L$PI$$ti_sysbios_heaps_HeapMem_Object__get__S
   1002e275     0000a800     000088a4   rom_sysbios.aem4f : rom_sysbios.obj (.text:ti_sysbios_heaps_HeapMem_initPrimary__I)
ti_sysbios_BIOS_start__E  $Tramp$TT$L$PI$$ti_sysbios_BIOS_start__E
   1002eaa5     0000a808     000083d8   main_tirtos.obj (.text:main)
xdc_runtime_Error_raiseX__E  $Tramp$TT$L$PI$$xdc_runtime_Error_raiseX__E
   1002f739     0000a810     00007d92   rom_sysbios.aem4f : rom_sysbios.obj (.text:ti_sysbios_family_arm_m3_Hwi_excHandlerMin__I)
ti_sysbios_BIOS_setThreadType__E  $Tramp$TT$L$PI$$ti_sysbios_BIOS_setThreadType__E
   1002ea11     0000a818     00007d52   rom_sysbios.aem4f : rom_sysbios.obj (.text:ti_sysbios_family_arm_m3_Hwi_excHandlerMin__I)
                             00009cd0   release_pem4f.oem4f (.text:ti_sysbios_BIOS_atExitFunc__I)
                             0000a3e4   release_pem4f.oem4f (.text:ti_sysbios_BIOS_exitFunc__I)
ti_sysbios_family_arm_m3_Hwi_excFillContext__I  $Tramp$TT$L$PI$$ti_sysbios_family_arm_m3_Hwi_excFillContext__I
   1002bda9     0000a820     00007d4c   rom_sysbios.aem4f : rom_sysbios.obj (.text:ti_sysbios_family_arm_m3_Hwi_excHandlerMin__I)
ti_sysbios_knl_Semaphore_post__E  $Tramp$TT$L$PI$$ti_sysbios_knl_Semaphore_post__E
   1002cd21     0000a828     000079ee   rom_sysbios.aem4f : rom_sysbios.obj (.text:_pthread_removeThreadKeys)
                             00008a28                     : rom_sysbios.obj (.text:pthread_exit)
                             0000a60c                     : rom_sysbios.obj (.text:sem_post)
                             0000a69c   dpl_cc13x2.aem4f : SemaphoreP_tirtos.oem4f (.text:SemaphoreP_post)
xdc_runtime_Memory_free__E  $Tramp$TT$L$PI$$xdc_runtime_Memory_free__E
   1002f81d     0000a830     000079e4   rom_sysbios.aem4f : rom_sysbios.obj (.text:_pthread_removeThreadKeys)
                             00009dfc                     : rom_sysbios.obj (.text:_pthread_delete$45)
ti_sysbios_knl_Queue_next__E  $Tramp$TT$L$PI$$ti_sysbios_knl_Queue_next__E
   1002ecd7     0000a838     000079be   rom_sysbios.aem4f : rom_sysbios.obj (.text:_pthread_removeThreadKeys)
ti_sysbios_knl_Queue_head__E  $Tramp$TT$L$PI$$ti_sysbios_knl_Queue_head__E
   1002ecd3     0000a840     000079aa   rom_sysbios.aem4f : rom_sysbios.obj (.text:_pthread_removeThreadKeys)
ti_sysbios_knl_Semaphore_pend__E  $Tramp$TT$L$PI$$ti_sysbios_knl_Semaphore_pend__E
   1002bfb1     0000a848     000079a4   rom_sysbios.aem4f : rom_sysbios.obj (.text:_pthread_removeThreadKeys)
                             0000a48e   dpl_cc13x2.aem4f : SemaphoreP_tirtos.oem4f (.text:SemaphoreP_pend)
                             0000a532   rom_sysbios.aem4f : rom_sysbios.obj (.text:sem_wait)
ti_sysbios_knl_Task_restore__E  $Tramp$TT$L$PI$$ti_sysbios_knl_Task_restore__E
   1002df45     0000a850     00006aaa   rom_sysbios.aem4f : rom_sysbios.obj (.text:ti_sysbios_knl_Task_setPri__E)
                             00007998                     : rom_sysbios.obj (.text:_pthread_removeThreadKeys)
                             000079f8                     : rom_sysbios.obj (.text:_pthread_removeThreadKeys)
                             00008a3a                     : rom_sysbios.obj (.text:pthread_exit)
                             00009f88                     : rom_sysbios.obj (.text:_pthread_cleanupFxn)
                             0000a22e   dpl_cc13x2.aem4f : PowerCC26X2_tirtos.oem4f (.text:PowerCC26XX_schedulerRestore)
[...]
1002ebfd  ti_sysbios_knl_Swi_self__E                                         
1002ec09  ti_sysbios_knl_Task_Params__init__S                                
1002ec15  ti_sysbios_hal_Hwi_Instance_finalize__E                            
1002ec1f  ti_sysbios_knl_Event_Instance_init__E                              
1002ec29  ti_sysbios_family_arm_m3_Hwi_doSwiRestore__I                       
1002ec31  ti_sysbios_family_arm_m3_Hwi_startup__E                            
1002ec31  ti_sysbios_hal_Hwi_HwiProxy_startup__E                             
1002ec31  ti_sysbios_hal_Hwi_HwiProxy_startup__E                             
1002ec31  ti_sysbios_hal_Hwi_startup__E                                      
1002ec31  ti_sysbios_hal_Hwi_startup__E                                      
1002ec39  ti_sysbios_knl_Idle_loop__E                                        
1002ec41  ti_sysbios_family_arm_m3_Hwi_doTaskRestore__I                      
1002ec47  HwiP_restore                                                       
1002ec47  ti_sysbios_family_arm_m3_Hwi_restoreFxn__E                         
1002ec4d  ti_sysbios_gates_GateHwi_leave__E                                  
1002ec53  ti_sysbios_gates_GateMutex_Instance_finalize__E                    
1002ec59  ti_sysbios_heaps_HeapMem_isBlocking__E                             
1002ec5f  ti_sysbios_knl_Queue_Instance_init__E                              
1002ec65  ti_sysbios_knl_Queue_elemClear__E                                  
1002ec6b  ti_sysbios_knl_Swi_startup__E                                      
1002ec71  ti_sysbios_knl_Task_enable__E                                      
1002ec77  ti_sysbios_BIOS_RtsGateProxy_enter__E                              
1002ec7b  ti_sysbios_BIOS_RtsGateProxy_leave__E                              
1002ec7f  ti_sysbios_family_arm_cc26xx_Timer_getExpiredTicks__E              
1002ec83  ti_sysbios_family_arm_cc26xx_Timer_getPeriod__E                    
1002ec87  ti_sysbios_family_arm_cc26xx_Timer_setPeriod__E                    
1002ec8b  ti_sysbios_family_arm_m3_Hwi_delete                                
1002ec8f  ti_sysbios_family_arm_m3_TaskSupport_Module__startupDone__S        
1002ec8f  ti_sysbios_knl_Task_SupportProxy_Module__startupDone__S            
1002ec93  ti_sysbios_gates_GateHwi_query__E                                  
1002ec93  xdc_runtime_Main_Module_GateProxy_query__E                         
1002ec93  xdc_runtime_System_Module_GateProxy_query__E                       
1002ec93  xdc_runtime_System_Module_GateProxy_query__E                       
1002ec97  ti_sysbios_gates_GateMutex_delete                                  
1002ec9b  ti_sysbios_BIOS_RtsGateProxy_query__E                              
1002ec9b  ti_sysbios_BIOS_RtsGateProxy_query__E                              
1002ec9b  ti_sysbios_gates_GateMutex_query__E                                
1002ec9b  ti_sysbios_heaps_HeapMem_Module_GateProxy_query__E                 
1002ec9b  ti_sysbios_heaps_HeapMem_Module_GateProxy_query__E                 
1002ec9f  ti_sysbios_hal_Hwi_HwiProxy_create                                 
1002eca3  ti_sysbios_hal_Hwi_HwiProxy_delete                                 
1002eca7  ti_sysbios_hal_Hwi_delete                                          
1002ecab  ti_sysbios_heaps_HeapMem_Module_GateProxy_enter__E                 
1002ecaf  ti_sysbios_heaps_HeapMem_Module_GateProxy_leave__E                 
1002ecb3  ti_sysbios_knl_Clock_TimerProxy_getExpiredTicks__E                 
1002ecb7  ti_sysbios_knl_Clock_TimerProxy_getPeriod__E                       
1002ecbb  ti_sysbios_knl_Clock_delete                                        
1002ecbf  ti_sysbios_knl_Clock_removeI__E                                    
1002ecc3  ti_sysbios_knl_Clock_setTimeout__E                                 
1002ecc7  ti_sysbios_knl_Event_delete                                        
1002eccb  ti_sysbios_knl_Mailbox_delete                                      
1002eccf  ti_sysbios_knl_Queue_delete                                        
1002ecd3  ti_sysbios_knl_Queue_head__E                                       
1002ecd7  ti_sysbios_knl_Queue_next__E                                       
1002ecdb  ti_sysbios_knl_Semaphore_delete                                    
1002ecdf  ti_sysbios_knl_Swi_delete                                          
1002ece3  ti_sysbios_knl_Swi_postInit__I                                     
1002ece7  ti_sysbios_knl_Task_delete                                         
1002eceb  ti_sysbios_knl_Task_startup__E                                     
1002ecf1  xdc_runtime_System_doPrint__I                                      
1002f055  xdc_runtime_Startup_startMods__I                                   
1002f15d  xdc_runtime_Text_putSite__E                                        
1002f1f7  xdc_runtime_Error_policySpin__E                                    
1002f1f9  xdc_runtime_Text_putMod__E                                         
1002f289  xdc_runtime_Memory_alloc__E                                        
1002f2f9  xdc_runtime_Core_createObject__I                                   
1002f367  xdc_runtime_Core_deleteObject__I                                   
1002f3c5  xdc_runtime_Text_putLab__E                                         
1002f421  xdc_runtime_Assert_raise__I                                        
1002f475  xdc_runtime_Startup_exec__E                                        
1002f4c9  xdc_runtime_Core_assignParams__I                                   
1002f511  xdc_runtime_Core_constructObject__I                                
1002f559  xdc_runtime_System_atexit__E                                       
1002f5a1  xdc_runtime_Text_xprintf__I                                        
1002f5e5  xdc_runtime_System_processAtExit__E                                
1002f625  xdc_runtime_System_putchar__I                                      
1002f659  xdc_runtime_Core_assignLabel__I                                    
1002f689  xdc_runtime_Text_printVisFxn__I                                    
1002f6b9  xdc_runtime_System_vprintf__E                                      
1002f6e5  xdc_runtime_Text_cordText__E                                       
1002f711  xdc_runtime_System_abort__E                                        
1002f739  xdc_runtime_Error_raiseX__E                                        
1002f759  xdc_runtime_Registry_findById__E                                   
1002f779  xdc_runtime_Error_check__E                                         
1002f795  xdc_runtime_Memory_valloc__E                                       
1002f7b1  xdc_runtime_System_exit__E                                         
1002f7cd  xdc_runtime_Text_ropeText__E                                       
1002f7e9  xdc_runtime_System_printf__E                                       
1002f803  xdc_runtime_Core_destructObject__I                                 
1002f81b  xdc_runtime_System_abortSpin__E                                    
1002f81d  xdc_runtime_Memory_free__E                                         
1002f831  xdc_runtime_Memory_getStats__E                                     
1002f845  xdc_runtime_SysCallback_abort__E                                   
1002f845  xdc_runtime_System_SupportProxy_abort__E                           
1002f859  xdc_runtime_SysCallback_exit__E                                    
1002f859  xdc_runtime_System_SupportProxy_exit__E                            
1002f86d  xdc_runtime_SysCallback_flush__E                                   
1002f86d  xdc_runtime_System_SupportProxy_flush__E                           
1002f86d  xdc_runtime_System_flush__E                                        
1002f881  xdc_runtime_SysCallback_putch__E                                   
1002f881  xdc_runtime_System_SupportProxy_putch__E                           
1002f895  xdc_runtime_SysCallback_ready__E                                   
1002f895  xdc_runtime_System_SupportProxy_ready__E                           
1002f8a9  xdc_runtime_Memory_getMaxDefaultTypeAlign__E                       
1002f8b9  xdc_runtime_System_vsnprintf__E                                    
1002f8c9  xdc_runtime_Timestamp_SupportProxy_get32__E                        
1002f8c9  xdc_runtime_Timestamp_SupportProxy_get32__E                        
1002f8c9  xdc_runtime_Timestamp_get32__E                                     
1002f8c9  xdc_runtime_Timestamp_get32__E                                     
1002f8d9  xdc_runtime_Memory_calloc__E                                       
1002f8e5  xdc_runtime_Startup_rtsDone__E                                     
1002f8f1  xdc_runtime_Memory_HeapProxy_alloc__E                              
1002f8fb  xdc_runtime_Memory_HeapProxy_free__E                               
1002f905  xdc_runtime_Memory_HeapProxy_getStats__E                           
1002f90f  xdc_runtime_Gate_leaveSystem__E                                    
1002f915  xdc_runtime_System_Module_startup__E                               
1002f91b  xdc_runtime_Gate_enterSystem__E                                    
1002f91f  xdc_runtime_SysCallback_Module__startupDone__S                     
1002f91f  xdc_runtime_System_SupportProxy_Module__startupDone__S             
1002f923  xdc_runtime_System_Module_GateProxy_enter__E                       
1002f927  xdc_runtime_System_Module_GateProxy_leave__E                       
1002f92b  xdc_runtime_System_printf_va__F                                    
1002f92f  xdc_runtime_System_exitSpin__E                                     
1002f931  ti_sysbios_family_arm_m3_Hwi_dispatch__I                           
1002fa11  ti_sysbios_family_arm_m3_Hwi_interruptsAreDisabledButShouldNotBe   
1002fa2d  ti_sysbios_family_arm_m3_TaskSupport_buildTaskStack                
1002fab9  ti_sysbios_family_arm_m3_Hwi_initStacks__E                         
1002fb11  ti_sysbios_family_arm_m3_Hwi_pendSV__I                             
1002fb35  ti_sysbios_family_arm_m3_Hwi_return                                
1002fb39  ti_sysbios_family_arm_m3_Hwi_excHandlerAsm__I                      
1002fb59  ti_sysbios_family_xxx_Hwi_switchAndRunFunc                         
1002fb77  ti_sysbios_family_arm_m3_TaskSupport_swap__E                       
1002fb77  ti_sysbios_knl_Task_SupportProxy_swap__E                           
1002fb77  ti_sysbios_knl_Task_SupportProxy_swap__E                           
1002fb83  ti_sysbios_knl_Task_swapReturn                                     
1002fb8f  ti_sysbios_family_arm_m3_TaskSupport_glue                          
1002fba0  ti_sysbios_knl_Task_Object__PARAMS__C                              
1002fbdc  ti_sysbios_knl_Mailbox_Object__PARAMS__C                           
1002fc10  ti_sysbios_family_arm_m3_Hwi_Object__PARAMS__C                     
1002fc40  ti_sysbios_hal_Hwi_Object__PARAMS__C                               
1002fc6c  ti_sysbios_knl_Swi_Object__PARAMS__C                               
1002fc94  ti_sysbios_heaps_HeapMem_Object__PARAMS__C                         
1002fcb8  ti_sysbios_knl_Clock_Object__PARAMS__C                             
1002fcdc  ti_sysbios_knl_Semaphore_Object__PARAMS__C                         
1002fd00  ti_sysbios_gates_GateHwi_Object__PARAMS__C                         
1002fd18  ti_sysbios_gates_GateMutex_Object__PARAMS__C                       
1002fd30  ti_sysbios_knl_Event_Object__PARAMS__C                             
1002fd48  ti_sysbios_knl_Queue_Object__PARAMS__C                             
1002fd80  ti_sysbios_heaps_HeapTrack_Object__PARAMS__C                       
1002fd9c  ti_sysbios_heaps_HeapTrack_Instance_State_trackQueue__O            
1002fda0  ti_sysbios_heaps_HeapTrack_Module__diagsEnabled__C                 
1002fda4  ti_sysbios_heaps_HeapTrack_Module__diagsIncluded__C                
1002fda8  ti_sysbios_heaps_HeapTrack_Module__diagsMask__C                    
1002fddb  strlen                                                             
20000000  __start___llvm_prf_cnts                                            
20000000  __stop___llvm_prf_cnts                                             
20000000  ti_sysbios_family_arm_m3_Hwi_ramVectors                            
20000100  xdcRomConstPtr                                                     
20000104  xdcRomExternFuncPtr                                                
20000108  xdcRomStatePtr                                                     
20000110  header_data                                                        
20001360  ti_sysbios_knl_Task_Instance_State_0_stack__A                      
20001760  uartCC26XXObjects                                                  
2000188c  i2cCC26xxObjects                                                   
2000196c  ti_sysbios_family_arm_m3_Hwi_dispatchTable                         
20001a44  pinHandleTable                                                     
20001ac0  yas537_data                                                        
20001be8  bmi160Sem                                                          
20001c04  displaySem                                                         
20001c20  s_bmi160                                                           
20001c34  i2cParams                                                          
20001c44  mag_trim                                                           
20001c60  displayUartObject                                                  
20001c6c  fifo_vector_xyz                                                    
20001c78  processed_data                                                     
20001c8c  mag_data                                                           
20001c94  ClockP_tickPeriod                                                  
20001c98  PowerCC26XX_swiKey                                                 
20001c9c  PowerCC26XX_taskKey                                                
20001ca0  cbTask                                                             
20001ca4  dispTask                                                           
20001ca8  display                                                            
20001cac  gyr_setting                                                        
20001cb0  i2c                                                                
20001cb4  p_bmi160                                                           
20001cb8  gyro_off_x                                                         
20001cba  gyro_off_y                                                         
20001cbc  gyro_off_z                                                         
20001cbe  accel_off_x                                                        
20001cbf  accel_off_y                                                        
20001cc0  accel_off_z                                                        
20001cc1  driverlib_release_0_55938                                          
20001cc8  __primary_heap_start__                                             
20002cc8  PowerCC26X2_module                                                 
20002cc8  __primary_heap_end__                                               
20002dd8  ROM_stateStruct                                                    
20002dd8  ti_sysbios_knl_Clock_Module__state__V                              
20002e04  ti_sysbios_family_arm_cc26xx_TimestampProvider_Module__state__V    
20002e08  xdc_runtime_Startup_Module__state__V                               
20002e10  xdc_runtime_Registry_Module__state__V                              
20002e18  ti_sysbios_BIOS_Module__state__V                                   
20002e3c  ti_sysbios_knl_Swi_Module__state__V                                
20002e58  ti_sysbios_knl_Task_Module__state__V                               
20002e9c  xdc_runtime_Memory_Module__state__V                                
20002ea0  xdc_runtime_System_Module__state__V                                
20002ea8  ti_sysbios_family_arm_m3_Hwi_Module__state__V                      
20002edc  ti_sysbios_family_arm_cc26xx_Timer_Module__state__V                
20002f6c  ti_sysbios_gates_GateMutex_Object__table__V                        
20002fc0  ti_sysbios_knl_Task_Object__table__V                               
20003010  ti_sysbios_family_arm_cc26xx_Timer_Object__table__V                
20003058  ti_sysbios_knl_Swi_Module_State_0_readyQ__A                        
20003088  ti_sysbios_knl_Swi_Object__table__V                                
200030b8  ti_sysbios_knl_Task_Module_State_0_readyQ__A                       
200030e8  ti_sysbios_knl_Clock_Object__table__V                              
20003108  xdc_runtime_Error_IgnoreBlock                                      
20003128  ti_sysbios_family_arm_m3_Hwi_Object__table__V                      
20003140  ti_sysbios_heaps_HeapMem_Object__table__V                          
20003158  magxyz                                                             
20003164  _lock                                                              
20003168  _unlock                                                            
2000316c  pinUpperBound                                                      
20003170  pinLowerBound                                                      
20003174  ti_sysbios_family_arm_m3_Hwi_Module__root__V                       
2000317c  ti_sysbios_gates_GateHwi_Module__root__V                           
20003184  ti_sysbios_gates_GateMutex_Module__root__V                         
2000318c  ti_sysbios_hal_Hwi_Module__root__V                                 
20003194  ti_sysbios_heaps_HeapMem_Module__root__V                           
2000319c  ti_sysbios_knl_Clock_Module__root__V                               
200031a4  ti_sysbios_knl_Event_Module__root__V                               
200031ac  ti_sysbios_knl_Mailbox_Module__root__V                             
200031b4  ti_sysbios_knl_Queue_Module__root__V                               
200031bc  ti_sysbios_knl_Semaphore_Module__root__V                           
200031c4  ti_sysbios_knl_Swi_Module__root__V                                 
200031cc  ti_sysbios_knl_Task_Module__root__V                                
200031d4  xdc_runtime_System_Module_State_0_atexitHandlers__A                
200031dc  accelxyz                                                           
200031e2  gyroxyz                                                            
200031ee  ti_sysbios_family_arm_m3_Hwi_Module_State_0_excActive__A           
200031f0  gpioCallbackFunctions                                              
200031f4  gpioPinConfigs                                                     
200031fc  main_func_sp                                                       
20003200  ti_sysbios_family_arm_m3_Hwi_Module_State_0_excContext__A          
20003204  ti_sysbios_family_arm_m3_Hwi_Module_State_0_excStack__A            
20003208  ti_sysbios_knl_Task_Module_State_0_idleTask__A                     
2000320d  V_bmm150_maual_auto_condition_u8                                   
20013c00  __stack                                                            
20014000  __STACK_END                                                        
e000e000  ti_sysbios_family_arm_m3_Hwi_nvic                                  
ffffffff  __TI_pprof_out_hndl                                                
ffffffff  __TI_prof_data_size                                                
ffffffff  __TI_prof_data_start                                               
ffffffff  __binit__                                                          
ffffffff  __c_args__                                                         
ffffffff  binit                                                              
UNDEFED   SHT$$INIT_ARRAY$$Base                                              
UNDEFED   SHT$$INIT_ARRAY$$Limit                                             

[986 symbols]
